******************************************************************************
                  TI ARM Linker PC v20.2.6                     
******************************************************************************
>> Linked Mon Sep 19 13:41:45 2022

OUTPUT FILE NAME:   <220128CAN.out>
ENTRY POINT SYMBOL: "_c_int00_noargs"  address: 00005991


MEMORY CONFIGURATION

         name            origin    length      used     unused   attr    fill
----------------------  --------  ---------  --------  --------  ----  --------
  FLASH                 00000000   00040000  00005cbd  0003a343  R  X
  SRAM                  20000000   00008000  00000582  00007a7e  RW X


SEGMENT ALLOCATION MAP

run origin  load origin   length   init length attrs members
----------  ----------- ---------- ----------- ----- -------
00000000    00000000    00005cc0   00005cc0    r-x
  00000000    00000000    0000026c   0000026c    r-- .intvecs
  0000026c    0000026c    00005908   00005908    r-x .text
  00005b74    00005b74    00000101   00000101    r-- .const
  00005c78    00005c78    00000048   00000048    r-- .cinit
20000000    20000000    00000588   00000000    rw-
  20000000    20000000    00000400   00000000    rw- .stack
  20000400    20000400    000000fe   00000000    rw- .data
  20000500    20000500    00000074   00000000    rw- .bss
  20000578    20000578    00000010   00000000    rw- .sysmem


SECTION ALLOCATION MAP

 output                                  attributes/
section   page    origin      length       input sections
--------  ----  ----------  ----------   ----------------
.intvecs   0    00000000    0000026c     
                  00000000    0000026c     tm4c123gh6pm_startup_ccs.obj (.intvecs)

.text      0    0000026c    00005908     
                  0000026c    00000b48     eve2_lib.obj (.text)
                  00000db4    00000a4e     rtsv7M4_T_le_v4SPD16_eabi.lib : _printfi.c.obj (.text:__TI_printfi)
                  00001802    00000002                                   : _lock.c.obj (.text:_nop)
                  00001804    000009ac     FlashtoRAMtest.obj (.text)
                  000021b0    000006a4     my_eve2_lib.obj (.text)
                  00002854    0000054a     eve2_display_lib.obj (.text)
                  00002d9e    00000002     rtsv7M4_T_le_v4SPD16_eabi.lib : div0.asm.obj (.text)
                  00002da0    000004cc     capstone_application.obj (.text)
                  0000326c    000003a2     FT81X_LCD.obj (.text)
                  0000360e    00000002     --HOLE-- [fill = 0]
                  00003610    000002cc     Can_init.obj (.text)
                  000038dc    00000280     timer.obj (.text)
                  00003b5c    00000270     rtsv7M4_T_le_v4SPD16_eabi.lib : _printfi.c.obj (.text:_pconv_a)
                  00003dcc    00000210     Spi_lcd.obj (.text)
                  00003fdc    000001d0     rtsv7M4_T_le_v4SPD16_eabi.lib : _printfi.c.obj (.text:_pconv_g)
                  000041ac    000001b6                                   : fd_add_t2.asm.obj (.text)
                  00004362    00000002     --HOLE-- [fill = 0]
                  00004364    000001b4     Flash_memory.obj (.text)
                  00004518    000001b0     Uart7.obj (.text)
                  000046c8    00000168     Gpio_led.obj (.text)
                  00004830    00000140     Hibernation.obj (.text)
                  00004970    0000013c     rtsv7M4_T_le_v4SPD16_eabi.lib : _printfi.c.obj (.text:_pconv_e)
                  00004aac    00000136                                   : fd_div_t2.asm.obj (.text)
                  00004be2    00000002     --HOLE-- [fill = 0]
                  00004be4    00000124                                   : _printfi.c.obj (.text:fcvt)
                  00004d08    00000110                                   : s_scalbn.c.obj (.text:scalbn)
                  00004e18    00000100                                   : memory.c.obj (.text:aligned_alloc)
                  00004f18    000000fc                                   : fd_mul_t2.asm.obj (.text)
                  00005014    000000e4                                   : memory.c.obj (.text:free)
                  000050f8    000000b1                                   : _printfi.c.obj (.text:_ltostr)
                  000051a9    00000001     --HOLE-- [fill = 0]
                  000051aa    0000009c                                   : memcpy_t2.asm.obj (.text)
                  00005246    00000096                                   : ull_div_t2.asm.obj (.text)
                  000052dc    00000086                                   : fd_cmp_t2.asm.obj (.text:__aeabi_cdcmple)
                  00005362    00000086                                   : fd_cmp_t2.asm.obj (.text:__aeabi_cdrcmple)
                  000053e8    0000007a                                   : memset_t2.asm.obj (.text)
                  00005462    00000002     --HOLE-- [fill = 0]
                  00005464    00000070                                   : memory.c.obj (.text:split)
                  000054d4    0000006e                                   : _printfi.c.obj (.text:_mcpy)
                  00005542    0000006e                                   : ll_div_t2.asm.obj (.text)
                  000055b0    00000068                                   : copy_decompress_lzss.c.obj (.text:decompress:lzss:__TI_decompress_lzss)
                  00005618    00000064                                   : s_frexp.c.obj (.text:frexp)
                  0000567c    00000056                                   : _printfi.c.obj (.text:_pconv_f)
                  000056d2    00000054                                   : _ltoa.c.obj (.text:__TI_ltoa)
                  00005726    00000052                                   : _printfi.c.obj (.text:_ecpy)
                  00005778    0000004c                                   : atoi.c.obj (.text:atoi)
                  000057c4    00000048                                   : fd_toi_t2.asm.obj (.text)
                  0000580c    00000044                                   : autoinit.c.obj (.text:__TI_auto_init_nobinit_nopinit:__TI_auto_init_nobinit_nopinit)
                  00005850    00000044                                   : fd_tou_t2.asm.obj (.text)
                  00005894    00000042     Delay.obj (.text)
                  000058d6    00000002     --HOLE-- [fill = 0]
                  000058d8    00000040     rtsv7M4_T_le_v4SPD16_eabi.lib : sprintf.c.obj (.text:sprintf)
                  00005918    0000003e                                   : _printfi.c.obj (.text:_fcpy)
                  00005956    00000002     --HOLE-- [fill = 0]
                  00005958    00000038                                   : memory.c.obj (.text:calloc)
                  00005990    00000034                                   : boot_cortex_m.c.obj (.text:_c_int00_noargs:_c_int00_noargs)
                  000059c4    0000002e                                   : i_tofd_t2.asm.obj (.text)
                  000059f2    00000002     --HOLE-- [fill = 0]
                  000059f4    00000028     Sysctl_clk.obj (.text)
                  00005a1c    00000028     rtsv7M4_T_le_v4SPD16_eabi.lib : memory.c.obj (.text:free_list_insert)
                  00005a44    00000020                                   : u_tofd_t2.asm.obj (.text)
                  00005a64    0000001c                                   : copy_zero_init.c.obj (.text:decompress:ZI:__TI_zero_init_nomemset:__TI_zero_init_nomemset)
                  00005a80    0000001c                                   : memory.c.obj (.text:free_list_remove)
                  00005a9c    0000001c                                   : memccpy.c.obj (.text:memccpy)
                  00005ab8    0000001a                                   : s_copysign.c.obj (.text:copysign)
                  00005ad2    00000018                                   : sprintf.c.obj (.text:_outs)
                  00005aea    00000016                                   : strchr.c.obj (.text:strchr)
                  00005b00    00000014                                   : strlen.c.obj (.text:strlen)
                  00005b14    00000012     asm.obj (.text)
                  00005b26    00000012     rtsv7M4_T_le_v4SPD16_eabi.lib : wcslen.c.obj (.text:wcslen)
                  00005b38    0000000e                                   : copy_decompress_none.c.obj (.text:decompress:none:__TI_decompress_none)
                  00005b46    0000000c     tm4c123gh6pm_startup_ccs.obj (.text)
                  00005b52    0000000a     rtsv7M4_T_le_v4SPD16_eabi.lib : sprintf.c.obj (.text:_outc)
                  00005b5c    00000008                                   : errno.c.obj (.text:__aeabi_errno_addr)
                  00005b64    00000008                                   : memory.c.obj (.text:malloc)
                  00005b6c    00000004                                   : pre_init.c.obj (.text:_system_pre_init)
                  00005b70    00000004                                   : exit.c.obj (.text:abort:abort)

.const     0    00005b74    00000101     
                  00005b74    00000101     rtsv7M4_T_le_v4SPD16_eabi.lib : ctype.c.obj (.const:.string:_ctypes_)

.cinit     0    00005c78    00000048     
                  00005c78    00000022     (.cinit..data.load) [load image, compression = lzss]
                  00005c9a    00000002     --HOLE-- [fill = 0]
                  00005c9c    0000000c     (__TI_handler_table)
                  00005ca8    00000008     (.cinit..bss.load) [load image, compression = zero_init]
                  00005cb0    00000010     (__TI_cinit_table)

.init_array 
*          0    00000000    00000000     UNINITIALIZED

.stack     0    20000000    00000400     UNINITIALIZED
                  20000000    00000004     rtsv7M4_T_le_v4SPD16_eabi.lib : boot_cortex_m.c.obj (.stack)
                  20000004    000003fc     --HOLE--

.data      0    20000400    000000fe     UNINITIALIZED
                  20000400    00000020     capstone_application.obj (.data:Break_distance_data)
                  20000420    00000020     capstone_application.obj (.data:Engine_distance_data)
                  20000440    00000020     capstone_application.obj (.data:Mission_distance_data)
                  20000460    00000020     capstone_application.obj (.data:distance_data_clear)
                  20000480    00000018     capstone_application.obj (.data)
                  20000498    00000010     capstone_application.obj (.data:Break_distance_array)
                  200004a8    00000010     capstone_application.obj (.data:Engine_distance_array)
                  200004b8    00000010     capstone_application.obj (.data:Mission_distance_array)
                  200004c8    00000008     rtsv7M4_T_le_v4SPD16_eabi.lib : _lock.c.obj (.data:$O1$$)
                  200004d0    00000008                                   : memory.c.obj (.data:$O1$$)
                  200004d8    00000008     FlashtoRAMtest.obj (.data:DB2$3)
                  200004e0    00000008     FlashtoRAMtest.obj (.data:DD2$5)
                  200004e8    00000004     rtsv7M4_T_le_v4SPD16_eabi.lib : errno.c.obj (.data)
                  200004ec    00000004     timer.obj (.data)
                  200004f0    00000002     FlashtoRAMtest.obj (.data:DB1$2)
                  200004f2    00000002     timer.obj (.data:DC1$1)
                  200004f4    00000002     FlashtoRAMtest.obj (.data:DC1$6)
                  200004f6    00000002     FlashtoRAMtest.obj (.data:DC2$7)
                  200004f8    00000002     FlashtoRAMtest.obj (.data:DD1$1)
                  200004fa    00000002     FlashtoRAMtest.obj (.data:DD1$4)
                  200004fc    00000002     FT81X_LCD.obj (.data)

.bss       0    20000500    00000074     UNINITIALIZED
                  20000500    0000001c     (.common:globalCanData)
                  2000051c    00000004     (.common:Break_int_distance)
                  20000520    00000008     (.common:Break_distance2)
                  20000528    00000008     (.common:Break_interval)
                  20000530    00000008     (.common:Engine_distance2)
                  20000538    00000008     (.common:Engine_interval)
                  20000540    00000008     (.common:Mission_distance2)
                  20000548    00000008     (.common:Mission_interval)
                  20000550    00000004     (.common:ChangeTick)
                  20000554    00000004     (.common:EndTick)
                  20000558    00000004     (.common:Engine_int_distance)
                  2000055c    00000004     (.common:GetTickCheck)
                  20000560    00000004     (.common:Mission_int_distance)
                  20000564    00000004     (.common:StartTick)
                  20000568    00000004     (.common:Tickcnt)
                  2000056c    00000004     (.common:irq_status)
                  20000570    00000004     (.common:speed)

.sysmem    0    20000578    00000010     UNINITIALIZED
                  20000578    00000010     rtsv7M4_T_le_v4SPD16_eabi.lib : memory.c.obj (.sysmem)

__llvm_prf_cnts 
*          0    20000000    00000000     UNINITIALIZED

MODULE SUMMARY

       Module                         code    ro data   rw data
       ------                         ----    -------   -------
    .\
       capstone_application.obj       1228    0         308    
       tm4c123gh6pm_startup_ccs.obj   12      620       0      
    +--+------------------------------+-------+---------+---------+
       Total:                         1240    620       308    
                                                               
    .\source\
       eve2_lib.obj                   2888    0         0      
       FlashtoRAMtest.obj             2476    0         26     
       my_eve2_lib.obj                1700    0         0      
       eve2_display_lib.obj           1354    0         0      
       FT81X_LCD.obj                  930     0         2      
       Can_init.obj                   716     0         8      
       timer.obj                      640     0         6      
       Spi_lcd.obj                    528     0         0      
       Flash_memory.obj               436     0         0      
       Uart7.obj                      432     0         0      
       Gpio_led.obj                   360     0         0      
       Hibernation.obj                320     0         0      
       Delay.obj                      66      0         0      
       Sysctl_clk.obj                 40      0         0      
       asm.obj                        18      0         0      
    +--+------------------------------+-------+---------+---------+
       Total:                         12904   0         42     
                                                               
    C:\ti\ccs1120\ccs\tools\compiler\ti-cgt-arm_20.2.6.LTS\lib\rtsv7M4_T_le_v4SPD16_eabi.lib
       _printfi.c.obj                 4851    0         0      
       memory.c.obj                   728     0         8      
       fd_add_t2.asm.obj              438     0         0      
       fd_div_t2.asm.obj              310     0         0      
       s_scalbn.c.obj                 272     0         0      
       fd_cmp_t2.asm.obj              268     0         0      
       ctype.c.obj                    0       257       0      
       fd_mul_t2.asm.obj              252     0         0      
       memcpy_t2.asm.obj              156     0         0      
       ull_div_t2.asm.obj             150     0         0      
       memset_t2.asm.obj              122     0         0      
       ll_div_t2.asm.obj              110     0         0      
       copy_decompress_lzss.c.obj     104     0         0      
       s_frexp.c.obj                  100     0         0      
       sprintf.c.obj                  98      0         0      
       _ltoa.c.obj                    84      0         0      
       atoi.c.obj                     76      0         0      
       fd_toi_t2.asm.obj              72      0         0      
       autoinit.c.obj                 68      0         0      
       fd_tou_t2.asm.obj              68      0         0      
       boot_cortex_m.c.obj            52      0         0      
       i_tofd_t2.asm.obj              46      0         0      
       u_tofd_t2.asm.obj              32      0         0      
       copy_zero_init.c.obj           28      0         0      
       memccpy.c.obj                  28      0         0      
       s_copysign.c.obj               26      0         0      
       strchr.c.obj                   22      0         0      
       strlen.c.obj                   20      0         0      
       wcslen.c.obj                   18      0         0      
       copy_decompress_none.c.obj     14      0         0      
       errno.c.obj                    8       0         4      
       _lock.c.obj                    2       0         8      
       exit.c.obj                     4       0         0      
       pre_init.c.obj                 4       0         0      
       div0.asm.obj                   2       0         0      
    +--+------------------------------+-------+---------+---------+
       Total:                         8633    257       20     
                                                               
       Heap:                          0       0         16     
       Stack:                         0       0         1024   
       Linker Generated:              0       70        0      
    +--+------------------------------+-------+---------+---------+
       Grand Total:                   22777   947       1410   


LINKER GENERATED COPY TABLES

__TI_cinit_table @ 00005cb0 records: 2, size/record: 8, table size: 16
	.data: load addr=00005c78, load size=00000022 bytes, run addr=20000400, run size=000000fe bytes, compression=lzss
	.bss: load addr=00005ca8, load size=00000008 bytes, run addr=20000500, run size=00000074 bytes, compression=zero_init


LINKER GENERATED HANDLER TABLE

__TI_handler_table @ 00005c9c records: 3, size/record: 4, table size: 12
	index: 0, handler: __TI_decompress_lzss
	index: 1, handler: __TI_decompress_none
	index: 2, handler: __TI_zero_init


GLOBAL SYMBOLS: SORTED ALPHABETICALLY BY Name 

address   name                          
-------   ----                          
20000520  Break_distance2               
20000498  Break_distance_array          
20000400  Break_distance_data           
2000051c  Break_int_distance            
20000528  Break_interval                
00005b71  C$$EXIT                       
00000d79  Calibrate                     
00000929  Calibrate_Manual              
000003c1  Cap_Touch_Upload              
20000550  ChangeTick                    
00000809  ClearScreen                   
00002d57  Cmd_AnimDraw                  
00002d6b  Cmd_AnimDrawFrame             
00002cf3  Cmd_AnimStart                 
00002d17  Cmd_AnimStop                  
00002d2b  Cmd_AnimXY                    
00002c59  Cmd_BGcolor                   
00002a49  Cmd_Button                    
00002cdf  Cmd_Calibrate                 
00002937  Cmd_Dial                      
00002c45  Cmd_FGcolor                   
00002ccd  Cmd_Flash_Fast                
000028e1  Cmd_Gauge                     
00002c1f  Cmd_GetPtr                    
00002a01  Cmd_Gradient                  
00002c31  Cmd_GradientColor             
00002bfb  Cmd_Memcpy                    
000029bf  Cmd_Number                    
00002c89  Cmd_Rotate                    
00002cb1  Cmd_Scale                     
00002bc3  Cmd_SetBitmap                 
00002c9d  Cmd_SetRotate                 
00002855  Cmd_Slider                    
000028a5  Cmd_Spinner                   
00000611  Cmd_Text                      
0000297b  Cmd_Track                     
00002c6d  Cmd_Translate                 
000004a3  CoProFIFO_FreeSpace           
0000041d  CoProWrCmdBuf                 
20000554  EndTick                       
20000530  Engine_distance2              
200004a8  Engine_distance_array         
20000420  Engine_distance_data          
20000558  Engine_int_distance           
20000538  Engine_interval               
0000026d  FT81x_Init                    
200004fc  FifoWriteLocation             
00004365  Flash_erase                   
000043a7  Flash_erase_all               
00004415  Flash_read                    
00004453  Flash_reset                   
000044a7  Flash_save                    
000043bf  Flash_write                   
2000055c  GetTickCheck                  
00004779  InitHibernationGPIO           
000047b3  LCD_OnOff                     
000047dd  LED_OnOff                     
000046c9  Led                           
00000785  MakeScreen_MatrixOrbital      
20000540  Mission_distance2             
200004b8  Mission_distance_array        
20000440  Mission_distance_data         
20000560  Mission_int_distance          
20000548  Mission_interval              
00005b47  ResetISR                      
0000326d  SPI_LCD_ACTIVE                
0000329f  SPI_LCD_CLKEXT                
00000553  Send_CMD                      
00000501  StartCoProTransfer            
20000564  StartTick                     
000059f5  Sysctl_Clock                  
000059fd  Sysctl_Clock_10MHz            
20000568  Tickcnt                       
00003a09  Timer0_clear_irq              
000039f1  Timer0_disable                
000038dd  Timer0_init                   
000039fd  Timer2_disable                
0000393d  Timer2_init                   
00003997  Timer3_init                   
00000771  UpdateFIFO                    
000004e9  Wait4CoProFIFO                
0000083f  Wait4CoProFIFOEmpty           
20000400  __STACK_END                   
00000400  __STACK_SIZE                  
20000200  __STACK_TOP                   
00000010  __SYSMEM_SIZE                 
00005cb0  __TI_CINIT_Base               
00005cc0  __TI_CINIT_Limit              
00005c9c  __TI_Handler_Table_Base       
00005ca8  __TI_Handler_Table_Limit      
0000580d  __TI_auto_init_nobinit_nopinit
000055b1  __TI_decompress_lzss          
00005b39  __TI_decompress_none          
000056d3  __TI_ltoa                     
ffffffff  __TI_pprof_out_hndl           
00000db5  __TI_printfi                  
ffffffff  __TI_prof_data_size           
ffffffff  __TI_prof_data_start          
00000000  __TI_static_base__            
00005a65  __TI_zero_init_nomemset       
000052dd  __aeabi_cdcmpeq               
000052dd  __aeabi_cdcmple               
00005363  __aeabi_cdrcmple              
000057c5  __aeabi_d2iz                  
00005851  __aeabi_d2uiz                 
000041b7  __aeabi_dadd                  
00004aad  __aeabi_ddiv                  
00004f19  __aeabi_dmul                  
000041ad  __aeabi_dsub                  
00005b5d  __aeabi_errno_addr            
000059c5  __aeabi_i2d                   
00002d9f  __aeabi_idiv0                 
00002d9f  __aeabi_ldiv0                 
00005543  __aeabi_ldivmod               
000053e9  __aeabi_memclr                
000053e9  __aeabi_memclr4               
000053e9  __aeabi_memclr8               
000051ab  __aeabi_memcpy                
000051ab  __aeabi_memcpy4               
000051ab  __aeabi_memcpy8               
000053eb  __aeabi_memset                
000053eb  __aeabi_memset4               
000053eb  __aeabi_memset8               
00005a45  __aeabi_ui2d                  
00005247  __aeabi_uldivmod              
ffffffff  __binit__                     
ffffffff  __c_args__                    
UNDEFED   __mpu_init                    
20000000  __stack                       
20000000  __start___llvm_prf_cnts       
20000000  __stop___llvm_prf_cnts        
00005991  _c_int00_noargs               
00005b74  _ctypes_                      
200004c8  _lock                         
00001803  _nop                          
20000578  _sys_memory                   
UNDEFED   _system_post_cinit            
00005b6d  _system_pre_init              
200004cc  _unlock                       
00005b71  abort                         
00004e19  aligned_alloc                 
00001ddd  ascii_Break_distance_array    
00001979  ascii_Engine_distance_array   
00001bb5  ascii_Mission_distance_array  
00005b15  asm_rst                       
00005779  atoi                          
ffffffff  binit                         
000021b1  calibrate_once                
00005959  calloc                        
0000370b  can1_handler                  
20000494  can_check                     
00003611  can_init                      
000037eb  can_rx2                       
00002055  can_to_spi_acceleration       
00001ffd  can_to_spi_rpm                
00002101  can_to_spi_transmission       
00005ab9  copysign                      
00005ab9  copysignl                     
000058b9  delay_ms                      
00005895  delay_us                      
00002369  display_accel_trans_rpm       
00002461  display_fuel                  
000025b1  display_fuel_reset            
000026f5  display_reset_choice          
20000460  distance_data_clear           
200004e8  errno                         
2000048c  flash_count                   
00005015  free                          
00005619  frexp                         
00005619  frexpl                        
00000000  g_pfnVectors                  
20000500  globalCanData                 
0000472b  gpioinit                      
20000488  hib_count                     
0000483b  hib_init                      
00004831  hib_wrc                       
00004867  hibernate                     
00002233  hongButton                    
000021eb  hongCalibrate                 
20000484  i                             
00004895  into_hibernate                
2000056c  irq_status                    
20000480  isr_flag                      
00004d09  ldexp                         
00004d09  ldexpl                        
00002da1  main                          
000022e3  make_character                
0000228f  make_gauge                    
00005b65  malloc                        
00004e19  memalign                      
00005a9d  memccpy                       
000051ab  memcpy                        
000053f1  memset                        
00004d09  scalbn                        
00004d09  scalbnl                       
200004ec  sec0                          
20000570  speed                         
00003e0f  spi_conf                      
00003f75  spi_cs_disable                
00003f67  spi_cs_enable                 
00003dcd  spi_init                      
00003e5b  spi_init_conf                 
0000333b  spi_read_16                   
000033cd  spi_read_32                   
000032c9  spi_read_8                    
00003f45  spi_receive_byte              
00003f29  spi_send_byte                 
00003f87  spi_send_str                  
000034ef  spi_write_16                  
0000356d  spi_write_32                  
0000348d  spi_write_8                   
00003f91  spi_writebuffer               
000058d9  sprintf                       
00005aeb  strchr                        
00005b01  strlen                        
00001805  timer0test_handler            
00003a11  timer2_handler                
00003abd  timer3_handler                
20000490  timercheck_count              
00004519  uart_7_init                   
00004643  uart_7_rx                     
00004657  uart_7_rx_str                 
00004609  uart_7_tx                     
00004579  uart_7_tx_hex                 
00004625  uart_7_tx_str                 
00005b27  wcslen                        


GLOBAL SYMBOLS: SORTED BY Symbol Address 

address   name                          
-------   ----                          
00000000  __TI_static_base__            
00000000  g_pfnVectors                  
00000010  __SYSMEM_SIZE                 
0000026d  FT81x_Init                    
000003c1  Cap_Touch_Upload              
00000400  __STACK_SIZE                  
0000041d  CoProWrCmdBuf                 
000004a3  CoProFIFO_FreeSpace           
000004e9  Wait4CoProFIFO                
00000501  StartCoProTransfer            
00000553  Send_CMD                      
00000611  Cmd_Text                      
00000771  UpdateFIFO                    
00000785  MakeScreen_MatrixOrbital      
00000809  ClearScreen                   
0000083f  Wait4CoProFIFOEmpty           
00000929  Calibrate_Manual              
00000d79  Calibrate                     
00000db5  __TI_printfi                  
00001803  _nop                          
00001805  timer0test_handler            
00001979  ascii_Engine_distance_array   
00001bb5  ascii_Mission_distance_array  
00001ddd  ascii_Break_distance_array    
00001ffd  can_to_spi_rpm                
00002055  can_to_spi_acceleration       
00002101  can_to_spi_transmission       
000021b1  calibrate_once                
000021eb  hongCalibrate                 
00002233  hongButton                    
0000228f  make_gauge                    
000022e3  make_character                
00002369  display_accel_trans_rpm       
00002461  display_fuel                  
000025b1  display_fuel_reset            
000026f5  display_reset_choice          
00002855  Cmd_Slider                    
000028a5  Cmd_Spinner                   
000028e1  Cmd_Gauge                     
00002937  Cmd_Dial                      
0000297b  Cmd_Track                     
000029bf  Cmd_Number                    
00002a01  Cmd_Gradient                  
00002a49  Cmd_Button                    
00002bc3  Cmd_SetBitmap                 
00002bfb  Cmd_Memcpy                    
00002c1f  Cmd_GetPtr                    
00002c31  Cmd_GradientColor             
00002c45  Cmd_FGcolor                   
00002c59  Cmd_BGcolor                   
00002c6d  Cmd_Translate                 
00002c89  Cmd_Rotate                    
00002c9d  Cmd_SetRotate                 
00002cb1  Cmd_Scale                     
00002ccd  Cmd_Flash_Fast                
00002cdf  Cmd_Calibrate                 
00002cf3  Cmd_AnimStart                 
00002d17  Cmd_AnimStop                  
00002d2b  Cmd_AnimXY                    
00002d57  Cmd_AnimDraw                  
00002d6b  Cmd_AnimDrawFrame             
00002d9f  __aeabi_idiv0                 
00002d9f  __aeabi_ldiv0                 
00002da1  main                          
0000326d  SPI_LCD_ACTIVE                
0000329f  SPI_LCD_CLKEXT                
000032c9  spi_read_8                    
0000333b  spi_read_16                   
000033cd  spi_read_32                   
0000348d  spi_write_8                   
000034ef  spi_write_16                  
0000356d  spi_write_32                  
00003611  can_init                      
0000370b  can1_handler                  
000037eb  can_rx2                       
000038dd  Timer0_init                   
0000393d  Timer2_init                   
00003997  Timer3_init                   
000039f1  Timer0_disable                
000039fd  Timer2_disable                
00003a09  Timer0_clear_irq              
00003a11  timer2_handler                
00003abd  timer3_handler                
00003dcd  spi_init                      
00003e0f  spi_conf                      
00003e5b  spi_init_conf                 
00003f29  spi_send_byte                 
00003f45  spi_receive_byte              
00003f67  spi_cs_enable                 
00003f75  spi_cs_disable                
00003f87  spi_send_str                  
00003f91  spi_writebuffer               
000041ad  __aeabi_dsub                  
000041b7  __aeabi_dadd                  
00004365  Flash_erase                   
000043a7  Flash_erase_all               
000043bf  Flash_write                   
00004415  Flash_read                    
00004453  Flash_reset                   
000044a7  Flash_save                    
00004519  uart_7_init                   
00004579  uart_7_tx_hex                 
00004609  uart_7_tx                     
00004625  uart_7_tx_str                 
00004643  uart_7_rx                     
00004657  uart_7_rx_str                 
000046c9  Led                           
0000472b  gpioinit                      
00004779  InitHibernationGPIO           
000047b3  LCD_OnOff                     
000047dd  LED_OnOff                     
00004831  hib_wrc                       
0000483b  hib_init                      
00004867  hibernate                     
00004895  into_hibernate                
00004aad  __aeabi_ddiv                  
00004d09  ldexp                         
00004d09  ldexpl                        
00004d09  scalbn                        
00004d09  scalbnl                       
00004e19  aligned_alloc                 
00004e19  memalign                      
00004f19  __aeabi_dmul                  
00005015  free                          
000051ab  __aeabi_memcpy                
000051ab  __aeabi_memcpy4               
000051ab  __aeabi_memcpy8               
000051ab  memcpy                        
00005247  __aeabi_uldivmod              
000052dd  __aeabi_cdcmpeq               
000052dd  __aeabi_cdcmple               
00005363  __aeabi_cdrcmple              
000053e9  __aeabi_memclr                
000053e9  __aeabi_memclr4               
000053e9  __aeabi_memclr8               
000053eb  __aeabi_memset                
000053eb  __aeabi_memset4               
000053eb  __aeabi_memset8               
000053f1  memset                        
00005543  __aeabi_ldivmod               
000055b1  __TI_decompress_lzss          
00005619  frexp                         
00005619  frexpl                        
000056d3  __TI_ltoa                     
00005779  atoi                          
000057c5  __aeabi_d2iz                  
0000580d  __TI_auto_init_nobinit_nopinit
00005851  __aeabi_d2uiz                 
00005895  delay_us                      
000058b9  delay_ms                      
000058d9  sprintf                       
00005959  calloc                        
00005991  _c_int00_noargs               
000059c5  __aeabi_i2d                   
000059f5  Sysctl_Clock                  
000059fd  Sysctl_Clock_10MHz            
00005a45  __aeabi_ui2d                  
00005a65  __TI_zero_init_nomemset       
00005a9d  memccpy                       
00005ab9  copysign                      
00005ab9  copysignl                     
00005aeb  strchr                        
00005b01  strlen                        
00005b15  asm_rst                       
00005b27  wcslen                        
00005b39  __TI_decompress_none          
00005b47  ResetISR                      
00005b5d  __aeabi_errno_addr            
00005b65  malloc                        
00005b6d  _system_pre_init              
00005b71  C$$EXIT                       
00005b71  abort                         
00005b74  _ctypes_                      
00005c9c  __TI_Handler_Table_Base       
00005ca8  __TI_Handler_Table_Limit      
00005cb0  __TI_CINIT_Base               
00005cc0  __TI_CINIT_Limit              
20000000  __stack                       
20000000  __start___llvm_prf_cnts       
20000000  __stop___llvm_prf_cnts        
20000200  __STACK_TOP                   
20000400  Break_distance_data           
20000400  __STACK_END                   
20000420  Engine_distance_data          
20000440  Mission_distance_data         
20000460  distance_data_clear           
20000480  isr_flag                      
20000484  i                             
20000488  hib_count                     
2000048c  flash_count                   
20000490  timercheck_count              
20000494  can_check                     
20000498  Break_distance_array          
200004a8  Engine_distance_array         
200004b8  Mission_distance_array        
200004c8  _lock                         
200004cc  _unlock                       
200004e8  errno                         
200004ec  sec0                          
200004fc  FifoWriteLocation             
20000500  globalCanData                 
2000051c  Break_int_distance            
20000520  Break_distance2               
20000528  Break_interval                
20000530  Engine_distance2              
20000538  Engine_interval               
20000540  Mission_distance2             
20000548  Mission_interval              
20000550  ChangeTick                    
20000554  EndTick                       
20000558  Engine_int_distance           
2000055c  GetTickCheck                  
20000560  Mission_int_distance          
20000564  StartTick                     
20000568  Tickcnt                       
2000056c  irq_status                    
20000570  speed                         
20000578  _sys_memory                   
ffffffff  __TI_pprof_out_hndl           
ffffffff  __TI_prof_data_size           
ffffffff  __TI_prof_data_start          
ffffffff  __binit__                     
ffffffff  __c_args__                    
ffffffff  binit                         
UNDEFED   __mpu_init                    
UNDEFED   _system_post_cinit            

[226 symbols]
