******************************************************************************
                  TI ARM Linker PC v20.2.6                     
******************************************************************************
>> Linked Wed Aug  3 14:18:35 2022

OUTPUT FILE NAME:   <220128CAN.out>
ENTRY POINT SYMBOL: "_c_int00_noinit_noargs"  address: 000063d9


MEMORY CONFIGURATION

         name            origin    length      used     unused   attr    fill
----------------------  --------  ---------  --------  --------  ----  --------
  FLASH                 00000000   00040000  00006662  0003999e  R  X
  SRAM                  20000000   00008000  000005aa  00007a56  RW X


SEGMENT ALLOCATION MAP

run origin  load origin   length   init length attrs members
----------  ----------- ---------- ----------- ----- -------
00000000    00000000    00006662   00006662    r-x
  00000000    00000000    0000026c   0000026c    r-- .intvecs
  0000026c    0000026c    000062f0   000062f0    r-x .text
  0000655c    0000655c    00000106   00000106    r-- .const
20000000    20000000    00000400   00000000    rw-
  20000000    20000000    00000400   00000000    rw- .stack
20000400    20000400    000001b0   00000136    rw-
  20000400    20000400    00000136   00000136    rw- .data
  20000538    20000538    00000064   00000000    rw- .bss
  200005a0    200005a0    00000010   00000000    rw- .sysmem


SECTION ALLOCATION MAP

 output                                  attributes/
section   page    origin      length       input sections
--------  ----  ----------  ----------   ----------------
.intvecs   0    00000000    0000026c     
                  00000000    0000026c     tm4c123gh6pm_startup_ccs.obj (.intvecs)

.text      0    0000026c    000062f0     
                  0000026c    00000c38     Can_init.obj (.text)
                  00000ea4    00000bfc     timer.obj (.text)
                  00001aa0    00000b48     eve2_lib.obj (.text)
                  000025e8    00000a4e     rtsv7M4_T_le_v4SPD16_eabi.lib : _printfi.c.obj (.text:__TI_printfi)
                  00003036    00000002                                   : _lock.c.obj (.text:_nop)
                  00003038    000006a4     my_eve2_lib.obj (.text)
                  000036dc    0000054a     eve2_display_lib.obj (.text)
                  00003c26    00000002     rtsv7M4_T_le_v4SPD16_eabi.lib : div0.asm.obj (.text)
                  00003c28    00000490     capstone_application.obj (.text)
                  000040b8    000003a2     FT81X_LCD.obj (.text)
                  0000445a    00000002     --HOLE-- [fill = 0]
                  0000445c    00000270     rtsv7M4_T_le_v4SPD16_eabi.lib : _printfi.c.obj (.text:_pconv_a)
                  000046cc    00000210     Spi_lcd.obj (.text)
                  000048dc    000001d0     rtsv7M4_T_le_v4SPD16_eabi.lib : _printfi.c.obj (.text:_pconv_g)
                  00004aac    000001b6                                   : fd_add_t2.asm.obj (.text)
                  00004c62    00000002     --HOLE-- [fill = 0]
                  00004c64    000001b4     Flash_memory.obj (.text)
                  00004e18    000001b0     Uart.obj (.text)
                  00004fc8    000001b0     Uart7.obj (.text)
                  00005178    00000144     Hibernation.obj (.text)
                  000052bc    0000013c     rtsv7M4_T_le_v4SPD16_eabi.lib : _printfi.c.obj (.text:_pconv_e)
                  000053f8    00000136                                   : fd_div_t2.asm.obj (.text)
                  0000552e    00000002     --HOLE-- [fill = 0]
                  00005530    00000124                                   : _printfi.c.obj (.text:fcvt)
                  00005654    00000120     Gpio_led.obj (.text)
                  00005774    00000110     rtsv7M4_T_le_v4SPD16_eabi.lib : s_scalbn.c.obj (.text:scalbn)
                  00005884    00000100                                   : memory.c.obj (.text:aligned_alloc)
                  00005984    000000fc                                   : fd_mul_t2.asm.obj (.text)
                  00005a80    000000e4                                   : memory.c.obj (.text:free)
                  00005b64    000000b1                                   : _printfi.c.obj (.text:_ltostr)
                  00005c15    00000001     --HOLE-- [fill = 0]
                  00005c16    0000009c                                   : memcpy_t2.asm.obj (.text)
                  00005cb2    00000096                                   : ull_div_t2.asm.obj (.text)
                  00005d48    00000086                                   : fd_cmp_t2.asm.obj (.text:__aeabi_cdcmple)
                  00005dce    00000086                                   : fd_cmp_t2.asm.obj (.text:__aeabi_cdrcmple)
                  00005e54    0000007a                                   : memset_t2.asm.obj (.text)
                  00005ece    00000002     --HOLE-- [fill = 0]
                  00005ed0    00000070                                   : memory.c.obj (.text:split)
                  00005f40    0000006e                                   : _printfi.c.obj (.text:_mcpy)
                  00005fae    0000006e                                   : ll_div_t2.asm.obj (.text)
                  0000601c    00000064                                   : s_frexp.c.obj (.text:frexp)
                  00006080    00000058     WakePinData.obj (.text)
                  000060d8    00000056     rtsv7M4_T_le_v4SPD16_eabi.lib : _printfi.c.obj (.text:_pconv_f)
                  0000612e    00000054                                   : _ltoa.c.obj (.text:__TI_ltoa)
                  00006182    00000052                                   : _printfi.c.obj (.text:_ecpy)
                  000061d4    0000004c                                   : atoi.c.obj (.text:atoi)
                  00006220    00000048                                   : fd_toi_t2.asm.obj (.text)
                  00006268    00000044                                   : fd_tou_t2.asm.obj (.text)
                  000062ac    00000042     Delay.obj (.text)
                  000062ee    00000002     --HOLE-- [fill = 0]
                  000062f0    00000040     rtsv7M4_T_le_v4SPD16_eabi.lib : sprintf.c.obj (.text:sprintf)
                  00006330    0000003e                                   : _printfi.c.obj (.text:_fcpy)
                  0000636e    00000002     --HOLE-- [fill = 0]
                  00006370    00000038                                   : memory.c.obj (.text:calloc)
                  000063a8    0000002e                                   : i_tofd_t2.asm.obj (.text)
                  000063d6    00000002     --HOLE-- [fill = 0]
                  000063d8    0000002c                                   : boot_cortex_m.c.obj (.text:_c_int00_noinit_noargs:_c_int00_noinit_noargs)
                  00006404    00000028     Sysctl_clk.obj (.text)
                  0000642c    00000028     rtsv7M4_T_le_v4SPD16_eabi.lib : memory.c.obj (.text:free_list_insert)
                  00006454    00000020                                   : u_tofd_t2.asm.obj (.text)
                  00006474    0000001c                                   : memory.c.obj (.text:free_list_remove)
                  00006490    0000001c                                   : memccpy.c.obj (.text:memccpy)
                  000064ac    0000001a                                   : s_copysign.c.obj (.text:copysign)
                  000064c6    00000018                                   : sprintf.c.obj (.text:_outs)
                  000064de    00000016                                   : strchr.c.obj (.text:strchr)
                  000064f4    00000014                                   : strlen.c.obj (.text:strlen)
                  00006508    00000012     asm.obj (.text)
                  0000651a    00000012     rtsv7M4_T_le_v4SPD16_eabi.lib : wcslen.c.obj (.text:wcslen)
                  0000652c    0000000c     tm4c123gh6pm_startup_ccs.obj (.text)
                  00006538    0000000a     rtsv7M4_T_le_v4SPD16_eabi.lib : sprintf.c.obj (.text:_outc)
                  00006542    00000002     --HOLE-- [fill = 0]
                  00006544    00000008                                   : errno.c.obj (.text:__aeabi_errno_addr)
                  0000654c    00000008                                   : memory.c.obj (.text:malloc)
                  00006554    00000004                                   : pre_init.c.obj (.text:_system_pre_init)
                  00006558    00000004                                   : exit.c.obj (.text:abort:abort)

.const     0    0000655c    00000106     
                  0000655c    00000101     rtsv7M4_T_le_v4SPD16_eabi.lib : ctype.c.obj (.const:.string:_ctypes_)
                  0000665d    00000005     Can_init.obj (.const:.string:$P$T0$1)

.cinit     0    00000000    00000000     UNINITIALIZED

.init_array 
*          0    00000000    00000000     UNINITIALIZED

.stack     0    20000000    00000400     UNINITIALIZED
                  20000000    00000004     rtsv7M4_T_le_v4SPD16_eabi.lib : boot_cortex_m.c.obj (.stack)
                  20000004    000003fc     --HOLE--

.data      0    20000400    00000136     
                  20000400    00000020     capstone_application.obj (.data:Break_distance_data)
                  20000420    00000020     capstone_application.obj (.data:Engine_distance_data)
                  20000440    00000020     capstone_application.obj (.data:Mission_distance_data)
                  20000460    00000020     capstone_application.obj (.data:distance_data_clear)
                  20000480    00000018     capstone_application.obj (.data)
                  20000498    00000011     Can_init.obj (.data:DA1$2)
                  200004a9    00000010     capstone_application.obj (.data:Break_distance_array)
                  200004b9    00000010     capstone_application.obj (.data:Engine_distance_array)
                  200004c9    00000010     capstone_application.obj (.data:Mission_distance_array)
                  200004d9    00000010     capstone_application.obj (.data:distance_array)
                  200004e9    00000002     Can_init.obj (.data:DB1$10)
                  200004eb    00000001     --HOLE-- [fill = 0]
                  200004ec    00000008     rtsv7M4_T_le_v4SPD16_eabi.lib : _lock.c.obj (.data:$O1$$)
                  200004f4    00000008                                   : memory.c.obj (.data:$O1$$)
                  200004fc    00000008     Can_init.obj (.data:DB2$11)
                  20000504    00000008     Can_init.obj (.data:DB2$4)
                  2000050c    00000008     Can_init.obj (.data:DD2$15)
                  20000514    00000008     Can_init.obj (.data:DD2$6)
                  2000051c    00000004     rtsv7M4_T_le_v4SPD16_eabi.lib : errno.c.obj (.data)
                  20000520    00000002     Can_init.obj (.data:DB1$3)
                  20000522    00000002     Can_init.obj (.data:DC1$12)
                  20000524    00000002     timer.obj (.data:DC1$2)
                  20000526    00000002     Can_init.obj (.data:DC1$7)
                  20000528    00000002     Can_init.obj (.data:DC1$9)
                  2000052a    00000002     Can_init.obj (.data:DC2$13)
                  2000052c    00000002     Can_init.obj (.data:DC2$8)
                  2000052e    00000002     Can_init.obj (.data:DD1$14)
                  20000530    00000002     timer.obj (.data:DD1$1)
                  20000532    00000002     Can_init.obj (.data:DD1$5)
                  20000534    00000002     FT81X_LCD.obj (.data)

.bss       0    20000538    00000064     UNINITIALIZED
                  20000538    0000001c     (.common:globalCanData)
                  20000554    00000004     (.common:Break_int_distance)
                  20000558    00000008     (.common:Break_distance2)
                  20000560    00000008     (.common:Break_interval)
                  20000568    00000008     (.common:Engine_distance2)
                  20000570    00000008     (.common:Engine_interval)
                  20000578    00000008     (.common:Mission_distance2)
                  20000580    00000008     (.common:Mission_interval)
                  20000588    00000004     (.common:Engine_int_distance)
                  2000058c    00000004     (.common:Mission_int_distance)
                  20000590    00000004     (.common:int_distance)
                  20000594    00000004     (.common:irq_status)
                  20000598    00000004     (.common:speed)

.sysmem    0    200005a0    00000010     UNINITIALIZED
                  200005a0    00000010     rtsv7M4_T_le_v4SPD16_eabi.lib : memory.c.obj (.sysmem)

__llvm_prf_cnts 
*          0    20000000    00000000     UNINITIALIZED

MODULE SUMMARY

       Module                         code    ro data   rw data
       ------                         ----    -------   -------
    .\
       capstone_application.obj       1168    0         316    
       tm4c123gh6pm_startup_ccs.obj   12      620       0      
    +--+------------------------------+-------+---------+---------+
       Total:                         1180    620       316    
                                                               
    .\header\
       Can_init.obj                   3128    5         67     
       timer.obj                      3068    0         4      
       eve2_lib.obj                   2888    0         0      
       my_eve2_lib.obj                1700    0         0      
       eve2_display_lib.obj           1354    0         0      
       FT81X_LCD.obj                  930     0         2      
       Spi_lcd.obj                    528     0         0      
       Flash_memory.obj               436     0         0      
       Uart.obj                       432     0         0      
       Uart7.obj                      432     0         0      
       Hibernation.obj                324     0         0      
       Gpio_led.obj                   288     0         0      
       WakePinData.obj                88      0         0      
       Delay.obj                      66      0         0      
       Sysctl_clk.obj                 40      0         0      
       asm.obj                        18      0         0      
    +--+------------------------------+-------+---------+---------+
       Total:                         15720   5         73     
                                                               
    C:\ti\ccs1120\ccs\tools\compiler\ti-cgt-arm_20.2.6.LTS\lib\rtsv7M4_T_le_v4SPD16_eabi.lib
       _printfi.c.obj                 4851    0         0      
       memory.c.obj                   728     0         8      
       fd_add_t2.asm.obj              438     0         0      
       fd_div_t2.asm.obj              310     0         0      
       s_scalbn.c.obj                 272     0         0      
       fd_cmp_t2.asm.obj              268     0         0      
       ctype.c.obj                    0       257       0      
       fd_mul_t2.asm.obj              252     0         0      
       memcpy_t2.asm.obj              156     0         0      
       ull_div_t2.asm.obj             150     0         0      
       memset_t2.asm.obj              122     0         0      
       ll_div_t2.asm.obj              110     0         0      
       s_frexp.c.obj                  100     0         0      
       sprintf.c.obj                  98      0         0      
       _ltoa.c.obj                    84      0         0      
       atoi.c.obj                     76      0         0      
       fd_toi_t2.asm.obj              72      0         0      
       fd_tou_t2.asm.obj              68      0         0      
       i_tofd_t2.asm.obj              46      0         0      
       boot_cortex_m.c.obj            44      0         0      
       u_tofd_t2.asm.obj              32      0         0      
       memccpy.c.obj                  28      0         0      
       s_copysign.c.obj               26      0         0      
       strchr.c.obj                   22      0         0      
       strlen.c.obj                   20      0         0      
       wcslen.c.obj                   18      0         0      
       errno.c.obj                    8       0         4      
       _lock.c.obj                    2       0         8      
       exit.c.obj                     4       0         0      
       pre_init.c.obj                 4       0         0      
       div0.asm.obj                   2       0         0      
    +--+------------------------------+-------+---------+---------+
       Total:                         8411    257       20     
                                                               
       Heap:                          0       0         16     
       Stack:                         0       0         1024   
    +--+------------------------------+-------+---------+---------+
       Grand Total:                   25311   882       1449   


GLOBAL SYMBOLS: SORTED ALPHABETICALLY BY Name 

address   name                        
-------   ----                        
20000558  Break_distance2             
200004a9  Break_distance_array        
20000400  Break_distance_data         
20000554  Break_int_distance          
20000560  Break_interval              
00006559  C$$EXIT                     
000025ad  Calibrate                   
0000215d  Calibrate_Manual            
00000965  CanToSpi                    
00001bf5  Cap_Touch_Upload            
0000203d  ClearScreen                 
00003bdf  Cmd_AnimDraw                
00003bf3  Cmd_AnimDrawFrame           
00003b7b  Cmd_AnimStart               
00003b9f  Cmd_AnimStop                
00003bb3  Cmd_AnimXY                  
00003ae1  Cmd_BGcolor                 
000038d1  Cmd_Button                  
00003b67  Cmd_Calibrate               
000037bf  Cmd_Dial                    
00003acd  Cmd_FGcolor                 
00003b55  Cmd_Flash_Fast              
00003769  Cmd_Gauge                   
00003aa7  Cmd_GetPtr                  
00003889  Cmd_Gradient                
00003ab9  Cmd_GradientColor           
00003a83  Cmd_Memcpy                  
00003847  Cmd_Number                  
00003b11  Cmd_Rotate                  
00003b39  Cmd_Scale                   
00003a4b  Cmd_SetBitmap               
00003b25  Cmd_SetRotate               
000036dd  Cmd_Slider                  
0000372d  Cmd_Spinner                 
00001e45  Cmd_Text                    
00003803  Cmd_Track                   
00003af5  Cmd_Translate               
00001cd7  CoProFIFO_FreeSpace         
00001c51  CoProWrCmdBuf               
20000568  Engine_distance2            
200004b9  Engine_distance_array       
20000420  Engine_distance_data        
20000588  Engine_int_distance         
20000570  Engine_interval             
00001aa1  FT81x_Init                  
20000534  FifoWriteLocation           
00004c65  Flash_erase                 
00004ca7  Flash_erase_all             
00004d15  Flash_read                  
00004d53  Flash_reset                 
00004da7  Flash_save                  
00004cbf  Flash_write                 
00005705  LCD_OnOff                   
0000572f  LED_OnOff                   
00005655  Led                         
00001fb9  MakeScreen_MatrixOrbital    
20000578  Mission_distance2           
200004c9  Mission_distance_array      
20000440  Mission_distance_data       
2000058c  Mission_int_distance        
20000580  Mission_interval            
0000652d  ResetISR                    
000040b9  SPI_LCD_ACTIVE              
000040eb  SPI_LCD_CLKEXT              
00001d87  Send_CMD                    
00001d35  StartCoProTransfer          
00006405  Sysctl_Clock                
0000640d  Sysctl_Clock_10MHz          
00000f77  Timer0_clear_irq            
00000f5f  Timer0_disable              
00000ea5  Timer0_init                 
00000f6b  Timer2_disable              
00000f05  Timer2_init                 
00001fa5  UpdateFIFO                  
00001d1d  Wait4CoProFIFO              
00002073  Wait4CoProFIFOEmpty         
00006081  WakePin_Init                
20000400  __STACK_END                 
00000400  __STACK_SIZE                
20000400  __STACK_TOP                 
00000010  __SYSMEM_SIZE               
0000612f  __TI_ltoa                   
ffffffff  __TI_pprof_out_hndl         
000025e9  __TI_printfi                
ffffffff  __TI_prof_data_size         
ffffffff  __TI_prof_data_start        
00000000  __TI_static_base__          
00005d49  __aeabi_cdcmpeq             
00005d49  __aeabi_cdcmple             
00005dcf  __aeabi_cdrcmple            
00006221  __aeabi_d2iz                
00006269  __aeabi_d2uiz               
00004ab7  __aeabi_dadd                
000053f9  __aeabi_ddiv                
00005985  __aeabi_dmul                
00004aad  __aeabi_dsub                
00006545  __aeabi_errno_addr          
000063a9  __aeabi_i2d                 
00003c27  __aeabi_idiv0               
00003c27  __aeabi_ldiv0               
00005faf  __aeabi_ldivmod             
00005e55  __aeabi_memclr              
00005e55  __aeabi_memclr4             
00005e55  __aeabi_memclr8             
00005c17  __aeabi_memcpy              
00005c17  __aeabi_memcpy4             
00005c17  __aeabi_memcpy8             
00005e57  __aeabi_memset              
00005e57  __aeabi_memset4             
00005e57  __aeabi_memset8             
00006455  __aeabi_ui2d                
00005cb3  __aeabi_uldivmod            
ffffffff  __binit__                   
ffffffff  __c_args__                  
UNDEFED   __mpu_init                  
20000000  __stack                     
20000000  __start___llvm_prf_cnts     
20000000  __stop___llvm_prf_cnts      
000063d9  _c_int00_noinit_noargs      
0000655c  _ctypes_                    
200004ec  _lock                       
00003037  _nop                        
200005a0  _sys_memory                 
00006555  _system_pre_init            
200004f0  _unlock                     
00006559  abort                       
00005885  aligned_alloc               
00001861  ascii_Break_distance_array  
00001421  ascii_Engine_distance_array 
00001641  ascii_Mission_distance_array
00001211  ascii_distance_array        
00006509  asm_rst                     
000061d5  atoi                        
ffffffff  binit                       
00003039  calibrate_once              
00006371  calloc                      
0000026d  can1_handler                
20000494  can_check                   
0000031b  can_init                    
00000415  can_rx2                     
00000485  can_rx_conf                 
00000b0d  can_to_spi_acceleration     
00000d9d  can_to_spi_acceleration2    
00000ac7  can_to_spi_rpm              
00000ca9  can_to_spi_rpm2             
00000bcb  can_to_spi_transmission     
00000d09  can_to_spi_transmission2    
00000527  can_tx_conf                 
00000c3f  check_wake_state            
000064ad  copysign                    
000064ad  copysignl                   
000062d1  delay_ms                    
000062ad  delay_us                    
000031f1  display_accel_trans_rpm     
000032e9  display_fuel                
00003439  display_fuel_reset          
0000357d  display_reset_choice        
200004d9  distance_array              
20000460  distance_data_clear         
2000051c  errno                       
2000048c  flash_count                 
00005a81  free                        
0000601d  frexp                       
0000601d  frexpl                      
00000000  g_pfnVectors                
20000538  globalCanData               
000056b7  gpioinit                    
20000488  hib_count                   
00005183  hib_init                    
00005179  hib_wrc                     
000051af  hibernate                   
000030bb  hongButton                  
00003073  hongCalibrate               
20000484  i                           
20000590  int_distance                
000051dd  into_hibernate              
20000594  irq_status                  
20000480  isr_flag                    
00005775  ldexp                       
00005775  ldexpl                      
00003c29  main                        
0000316b  make_character              
00003117  make_gauge                  
0000654d  malloc                      
00005885  memalign                    
00006491  memccpy                     
00005c17  memcpy                      
00005e5d  memset                      
00000625  printReceivedCanData        
00005775  scalbn                      
00005775  scalbnl                     
20000598  speed                       
0000470f  spi_conf                    
00004875  spi_cs_disable              
00004867  spi_cs_enable               
000046cd  spi_init                    
0000475b  spi_init_conf               
00004187  spi_read_16                 
00004219  spi_read_32                 
00004115  spi_read_8                  
00004845  spi_receive_byte            
00004829  spi_send_byte               
00004887  spi_send_str                
0000433b  spi_write_16                
000043b9  spi_write_32                
000042d9  spi_write_8                 
00004891  spi_writebuffer             
000062f1  sprintf                     
000064df  strchr                      
000064f5  strlen                      
00000f7f  timer0_handler              
000010cb  timer2_handler              
20000490  timercheck_count            
00004fc9  uart_7_init                 
000050f3  uart_7_rx                   
00005107  uart_7_rx_str               
000050b9  uart_7_tx                   
00005029  uart_7_tx_hex               
000050d5  uart_7_tx_str               
00004e19  uart_init                   
00004f43  uart_rx                     
00004f57  uart_rx_str                 
00004f09  uart_tx                     
00004e79  uart_tx_hex                 
00004f25  uart_tx_str                 
0000651b  wcslen                      


GLOBAL SYMBOLS: SORTED BY Symbol Address 

address   name                        
-------   ----                        
00000000  __TI_static_base__          
00000000  g_pfnVectors                
00000010  __SYSMEM_SIZE               
0000026d  can1_handler                
0000031b  can_init                    
00000400  __STACK_SIZE                
00000415  can_rx2                     
00000485  can_rx_conf                 
00000527  can_tx_conf                 
00000625  printReceivedCanData        
00000965  CanToSpi                    
00000ac7  can_to_spi_rpm              
00000b0d  can_to_spi_acceleration     
00000bcb  can_to_spi_transmission     
00000c3f  check_wake_state            
00000ca9  can_to_spi_rpm2             
00000d09  can_to_spi_transmission2    
00000d9d  can_to_spi_acceleration2    
00000ea5  Timer0_init                 
00000f05  Timer2_init                 
00000f5f  Timer0_disable              
00000f6b  Timer2_disable              
00000f77  Timer0_clear_irq            
00000f7f  timer0_handler              
000010cb  timer2_handler              
00001211  ascii_distance_array        
00001421  ascii_Engine_distance_array 
00001641  ascii_Mission_distance_array
00001861  ascii_Break_distance_array  
00001aa1  FT81x_Init                  
00001bf5  Cap_Touch_Upload            
00001c51  CoProWrCmdBuf               
00001cd7  CoProFIFO_FreeSpace         
00001d1d  Wait4CoProFIFO              
00001d35  StartCoProTransfer          
00001d87  Send_CMD                    
00001e45  Cmd_Text                    
00001fa5  UpdateFIFO                  
00001fb9  MakeScreen_MatrixOrbital    
0000203d  ClearScreen                 
00002073  Wait4CoProFIFOEmpty         
0000215d  Calibrate_Manual            
000025ad  Calibrate                   
000025e9  __TI_printfi                
00003037  _nop                        
00003039  calibrate_once              
00003073  hongCalibrate               
000030bb  hongButton                  
00003117  make_gauge                  
0000316b  make_character              
000031f1  display_accel_trans_rpm     
000032e9  display_fuel                
00003439  display_fuel_reset          
0000357d  display_reset_choice        
000036dd  Cmd_Slider                  
0000372d  Cmd_Spinner                 
00003769  Cmd_Gauge                   
000037bf  Cmd_Dial                    
00003803  Cmd_Track                   
00003847  Cmd_Number                  
00003889  Cmd_Gradient                
000038d1  Cmd_Button                  
00003a4b  Cmd_SetBitmap               
00003a83  Cmd_Memcpy                  
00003aa7  Cmd_GetPtr                  
00003ab9  Cmd_GradientColor           
00003acd  Cmd_FGcolor                 
00003ae1  Cmd_BGcolor                 
00003af5  Cmd_Translate               
00003b11  Cmd_Rotate                  
00003b25  Cmd_SetRotate               
00003b39  Cmd_Scale                   
00003b55  Cmd_Flash_Fast              
00003b67  Cmd_Calibrate               
00003b7b  Cmd_AnimStart               
00003b9f  Cmd_AnimStop                
00003bb3  Cmd_AnimXY                  
00003bdf  Cmd_AnimDraw                
00003bf3  Cmd_AnimDrawFrame           
00003c27  __aeabi_idiv0               
00003c27  __aeabi_ldiv0               
00003c29  main                        
000040b9  SPI_LCD_ACTIVE              
000040eb  SPI_LCD_CLKEXT              
00004115  spi_read_8                  
00004187  spi_read_16                 
00004219  spi_read_32                 
000042d9  spi_write_8                 
0000433b  spi_write_16                
000043b9  spi_write_32                
000046cd  spi_init                    
0000470f  spi_conf                    
0000475b  spi_init_conf               
00004829  spi_send_byte               
00004845  spi_receive_byte            
00004867  spi_cs_enable               
00004875  spi_cs_disable              
00004887  spi_send_str                
00004891  spi_writebuffer             
00004aad  __aeabi_dsub                
00004ab7  __aeabi_dadd                
00004c65  Flash_erase                 
00004ca7  Flash_erase_all             
00004cbf  Flash_write                 
00004d15  Flash_read                  
00004d53  Flash_reset                 
00004da7  Flash_save                  
00004e19  uart_init                   
00004e79  uart_tx_hex                 
00004f09  uart_tx                     
00004f25  uart_tx_str                 
00004f43  uart_rx                     
00004f57  uart_rx_str                 
00004fc9  uart_7_init                 
00005029  uart_7_tx_hex               
000050b9  uart_7_tx                   
000050d5  uart_7_tx_str               
000050f3  uart_7_rx                   
00005107  uart_7_rx_str               
00005179  hib_wrc                     
00005183  hib_init                    
000051af  hibernate                   
000051dd  into_hibernate              
000053f9  __aeabi_ddiv                
00005655  Led                         
000056b7  gpioinit                    
00005705  LCD_OnOff                   
0000572f  LED_OnOff                   
00005775  ldexp                       
00005775  ldexpl                      
00005775  scalbn                      
00005775  scalbnl                     
00005885  aligned_alloc               
00005885  memalign                    
00005985  __aeabi_dmul                
00005a81  free                        
00005c17  __aeabi_memcpy              
00005c17  __aeabi_memcpy4             
00005c17  __aeabi_memcpy8             
00005c17  memcpy                      
00005cb3  __aeabi_uldivmod            
00005d49  __aeabi_cdcmpeq             
00005d49  __aeabi_cdcmple             
00005dcf  __aeabi_cdrcmple            
00005e55  __aeabi_memclr              
00005e55  __aeabi_memclr4             
00005e55  __aeabi_memclr8             
00005e57  __aeabi_memset              
00005e57  __aeabi_memset4             
00005e57  __aeabi_memset8             
00005e5d  memset                      
00005faf  __aeabi_ldivmod             
0000601d  frexp                       
0000601d  frexpl                      
00006081  WakePin_Init                
0000612f  __TI_ltoa                   
000061d5  atoi                        
00006221  __aeabi_d2iz                
00006269  __aeabi_d2uiz               
000062ad  delay_us                    
000062d1  delay_ms                    
000062f1  sprintf                     
00006371  calloc                      
000063a9  __aeabi_i2d                 
000063d9  _c_int00_noinit_noargs      
00006405  Sysctl_Clock                
0000640d  Sysctl_Clock_10MHz          
00006455  __aeabi_ui2d                
00006491  memccpy                     
000064ad  copysign                    
000064ad  copysignl                   
000064df  strchr                      
000064f5  strlen                      
00006509  asm_rst                     
0000651b  wcslen                      
0000652d  ResetISR                    
00006545  __aeabi_errno_addr          
0000654d  malloc                      
00006555  _system_pre_init            
00006559  C$$EXIT                     
00006559  abort                       
0000655c  _ctypes_                    
20000000  __stack                     
20000000  __start___llvm_prf_cnts     
20000000  __stop___llvm_prf_cnts      
20000400  Break_distance_data         
20000400  __STACK_END                 
20000400  __STACK_TOP                 
20000420  Engine_distance_data        
20000440  Mission_distance_data       
20000460  distance_data_clear         
20000480  isr_flag                    
20000484  i                           
20000488  hib_count                   
2000048c  flash_count                 
20000490  timercheck_count            
20000494  can_check                   
200004a9  Break_distance_array        
200004b9  Engine_distance_array       
200004c9  Mission_distance_array      
200004d9  distance_array              
200004ec  _lock                       
200004f0  _unlock                     
2000051c  errno                       
20000534  FifoWriteLocation           
20000538  globalCanData               
20000554  Break_int_distance          
20000558  Break_distance2             
20000560  Break_interval              
20000568  Engine_distance2            
20000570  Engine_interval             
20000578  Mission_distance2           
20000580  Mission_interval            
20000588  Engine_int_distance         
2000058c  Mission_int_distance        
20000590  int_distance                
20000594  irq_status                  
20000598  speed                       
200005a0  _sys_memory                 
ffffffff  __TI_pprof_out_hndl         
ffffffff  __TI_prof_data_size         
ffffffff  __TI_prof_data_start        
ffffffff  __binit__                   
ffffffff  __c_args__                  
ffffffff  binit                       
UNDEFED   __mpu_init                  

[226 symbols]
