<?xml version="1.0" encoding="ISO-8859-1" ?>
<link_info>
   <banner>TI ARM Linker PC v20.2.6.LTS</banner>
   <copyright>Copyright (c) 1996-2018 Texas Instruments Incorporated</copyright>
   <link_time>0x63215959</link_time>
   <link_errors>0x0</link_errors>
   <output_file>220128CAN.out</output_file>
   <entry_point>
      <name>_c_int00_noargs</name>
      <address>0x5a1d</address>
   </entry_point>
   <input_file_list>
      <input_file id="fl-2">
         <path>.\</path>
         <kind>object</kind>
         <file>capstone_application.obj</file>
         <name>capstone_application.obj</name>
      </input_file>
      <input_file id="fl-3">
         <path>.\</path>
         <kind>object</kind>
         <file>tm4c123gh6pm_startup_ccs.obj</file>
         <name>tm4c123gh6pm_startup_ccs.obj</name>
      </input_file>
      <input_file id="fl-4">
         <path>.\ex_\</path>
         <kind>object</kind>
         <file>test_1.obj</file>
         <name>test_1.obj</name>
      </input_file>
      <input_file id="fl-5">
         <path>.\source\</path>
         <kind>object</kind>
         <file>Can_init.obj</file>
         <name>Can_init.obj</name>
      </input_file>
      <input_file id="fl-6">
         <path>.\source\</path>
         <kind>object</kind>
         <file>Delay.obj</file>
         <name>Delay.obj</name>
      </input_file>
      <input_file id="fl-7">
         <path>.\source\</path>
         <kind>object</kind>
         <file>FT81X_LCD.obj</file>
         <name>FT81X_LCD.obj</name>
      </input_file>
      <input_file id="fl-8">
         <path>.\source\</path>
         <kind>object</kind>
         <file>Flash_memory.obj</file>
         <name>Flash_memory.obj</name>
      </input_file>
      <input_file id="fl-9">
         <path>.\source\</path>
         <kind>object</kind>
         <file>FlashtoRAMtest.obj</file>
         <name>FlashtoRAMtest.obj</name>
      </input_file>
      <input_file id="fl-a">
         <path>.\source\</path>
         <kind>object</kind>
         <file>Gpio_led.obj</file>
         <name>Gpio_led.obj</name>
      </input_file>
      <input_file id="fl-b">
         <path>.\source\</path>
         <kind>object</kind>
         <file>Hibernation.obj</file>
         <name>Hibernation.obj</name>
      </input_file>
      <input_file id="fl-c">
         <path>.\source\</path>
         <kind>object</kind>
         <file>PMOS_LCD_Control.obj</file>
         <name>PMOS_LCD_Control.obj</name>
      </input_file>
      <input_file id="fl-d">
         <path>.\source\</path>
         <kind>object</kind>
         <file>SaveDistance.obj</file>
         <name>SaveDistance.obj</name>
      </input_file>
      <input_file id="fl-e">
         <path>.\source\</path>
         <kind>object</kind>
         <file>Spi_lcd.obj</file>
         <name>Spi_lcd.obj</name>
      </input_file>
      <input_file id="fl-f">
         <path>.\source\</path>
         <kind>object</kind>
         <file>Sysctl_clk.obj</file>
         <name>Sysctl_clk.obj</name>
      </input_file>
      <input_file id="fl-10">
         <path>.\source\</path>
         <kind>object</kind>
         <file>Uart.obj</file>
         <name>Uart.obj</name>
      </input_file>
      <input_file id="fl-11">
         <path>.\source\</path>
         <kind>object</kind>
         <file>Uart7.obj</file>
         <name>Uart7.obj</name>
      </input_file>
      <input_file id="fl-12">
         <path>.\source\</path>
         <kind>object</kind>
         <file>WakePinData.obj</file>
         <name>WakePinData.obj</name>
      </input_file>
      <input_file id="fl-13">
         <path>.\source\</path>
         <kind>object</kind>
         <file>asm.obj</file>
         <name>asm.obj</name>
      </input_file>
      <input_file id="fl-14">
         <path>.\source\</path>
         <kind>object</kind>
         <file>eve2_display_lib.obj</file>
         <name>eve2_display_lib.obj</name>
      </input_file>
      <input_file id="fl-15">
         <path>.\source\</path>
         <kind>object</kind>
         <file>eve2_lib.obj</file>
         <name>eve2_lib.obj</name>
      </input_file>
      <input_file id="fl-16">
         <path>.\source\</path>
         <kind>object</kind>
         <file>my_eve2_lib.obj</file>
         <name>my_eve2_lib.obj</name>
      </input_file>
      <input_file id="fl-17">
         <path>.\source\</path>
         <kind>object</kind>
         <file>timer.obj</file>
         <name>timer.obj</name>
      </input_file>
      <input_file id="fl-1b">
         <kind>object</kind>
         <file>&lt;internal&gt;</file>
         <name>&lt;internal&gt;</name>
      </input_file>
      <input_file id="fl-d1">
         <path>C:\ti\ccs1120\ccs\tools\compiler\ti-cgt-arm_20.2.6.LTS\lib\</path>
         <kind>archive</kind>
         <file>rtsv7M4_T_le_v4SPD16_eabi.lib</file>
         <name>sprintf.c.obj</name>
      </input_file>
      <input_file id="fl-d2">
         <path>C:\ti\ccs1120\ccs\tools\compiler\ti-cgt-arm_20.2.6.LTS\lib\</path>
         <kind>archive</kind>
         <file>rtsv7M4_T_le_v4SPD16_eabi.lib</file>
         <name>fd_add_t2.asm.obj</name>
      </input_file>
      <input_file id="fl-d3">
         <path>C:\ti\ccs1120\ccs\tools\compiler\ti-cgt-arm_20.2.6.LTS\lib\</path>
         <kind>archive</kind>
         <file>rtsv7M4_T_le_v4SPD16_eabi.lib</file>
         <name>fd_mul_t2.asm.obj</name>
      </input_file>
      <input_file id="fl-d4">
         <path>C:\ti\ccs1120\ccs\tools\compiler\ti-cgt-arm_20.2.6.LTS\lib\</path>
         <kind>archive</kind>
         <file>rtsv7M4_T_le_v4SPD16_eabi.lib</file>
         <name>fd_toi_t2.asm.obj</name>
      </input_file>
      <input_file id="fl-d5">
         <path>C:\ti\ccs1120\ccs\tools\compiler\ti-cgt-arm_20.2.6.LTS\lib\</path>
         <kind>archive</kind>
         <file>rtsv7M4_T_le_v4SPD16_eabi.lib</file>
         <name>fd_tou_t2.asm.obj</name>
      </input_file>
      <input_file id="fl-d6">
         <path>C:\ti\ccs1120\ccs\tools\compiler\ti-cgt-arm_20.2.6.LTS\lib\</path>
         <kind>archive</kind>
         <file>rtsv7M4_T_le_v4SPD16_eabi.lib</file>
         <name>i_tofd_t2.asm.obj</name>
      </input_file>
      <input_file id="fl-d7">
         <path>C:\ti\ccs1120\ccs\tools\compiler\ti-cgt-arm_20.2.6.LTS\lib\</path>
         <kind>archive</kind>
         <file>rtsv7M4_T_le_v4SPD16_eabi.lib</file>
         <name>memcpy_t2.asm.obj</name>
      </input_file>
      <input_file id="fl-d8">
         <path>C:\ti\ccs1120\ccs\tools\compiler\ti-cgt-arm_20.2.6.LTS\lib\</path>
         <kind>archive</kind>
         <file>rtsv7M4_T_le_v4SPD16_eabi.lib</file>
         <name>u_tofd_t2.asm.obj</name>
      </input_file>
      <input_file id="fl-d9">
         <path>C:\ti\ccs1120\ccs\tools\compiler\ti-cgt-arm_20.2.6.LTS\lib\</path>
         <kind>archive</kind>
         <file>rtsv7M4_T_le_v4SPD16_eabi.lib</file>
         <name>memset_t2.asm.obj</name>
      </input_file>
      <input_file id="fl-da">
         <path>C:\ti\ccs1120\ccs\tools\compiler\ti-cgt-arm_20.2.6.LTS\lib\</path>
         <kind>archive</kind>
         <file>rtsv7M4_T_le_v4SPD16_eabi.lib</file>
         <name>ll_div_t2.asm.obj</name>
      </input_file>
      <input_file id="fl-db">
         <path>C:\ti\ccs1120\ccs\tools\compiler\ti-cgt-arm_20.2.6.LTS\lib\</path>
         <kind>archive</kind>
         <file>rtsv7M4_T_le_v4SPD16_eabi.lib</file>
         <name>ull_div_t2.asm.obj</name>
      </input_file>
      <input_file id="fl-dc">
         <path>C:\ti\ccs1120\ccs\tools\compiler\ti-cgt-arm_20.2.6.LTS\lib\</path>
         <kind>archive</kind>
         <file>rtsv7M4_T_le_v4SPD16_eabi.lib</file>
         <name>copy_zero_init.c.obj</name>
      </input_file>
      <input_file id="fl-dd">
         <path>C:\ti\ccs1120\ccs\tools\compiler\ti-cgt-arm_20.2.6.LTS\lib\</path>
         <kind>archive</kind>
         <file>rtsv7M4_T_le_v4SPD16_eabi.lib</file>
         <name>copy_decompress_none.c.obj</name>
      </input_file>
      <input_file id="fl-de">
         <path>C:\ti\ccs1120\ccs\tools\compiler\ti-cgt-arm_20.2.6.LTS\lib\</path>
         <kind>archive</kind>
         <file>rtsv7M4_T_le_v4SPD16_eabi.lib</file>
         <name>copy_decompress_lzss.c.obj</name>
      </input_file>
      <input_file id="fl-df">
         <path>C:\ti\ccs1120\ccs\tools\compiler\ti-cgt-arm_20.2.6.LTS\lib\</path>
         <kind>archive</kind>
         <file>rtsv7M4_T_le_v4SPD16_eabi.lib</file>
         <name>memory.c.obj</name>
      </input_file>
      <input_file id="fl-e0">
         <path>C:\ti\ccs1120\ccs\tools\compiler\ti-cgt-arm_20.2.6.LTS\lib\</path>
         <kind>archive</kind>
         <file>rtsv7M4_T_le_v4SPD16_eabi.lib</file>
         <name>strlen.c.obj</name>
      </input_file>
      <input_file id="fl-e1">
         <path>C:\ti\ccs1120\ccs\tools\compiler\ti-cgt-arm_20.2.6.LTS\lib\</path>
         <kind>archive</kind>
         <file>rtsv7M4_T_le_v4SPD16_eabi.lib</file>
         <name>boot_cortex_m.c.obj</name>
      </input_file>
      <input_file id="fl-e2">
         <path>C:\ti\ccs1120\ccs\tools\compiler\ti-cgt-arm_20.2.6.LTS\lib\</path>
         <kind>archive</kind>
         <file>rtsv7M4_T_le_v4SPD16_eabi.lib</file>
         <name>_printfi.c.obj</name>
      </input_file>
      <input_file id="fl-e3">
         <path>C:\ti\ccs1120\ccs\tools\compiler\ti-cgt-arm_20.2.6.LTS\lib\</path>
         <kind>archive</kind>
         <file>rtsv7M4_T_le_v4SPD16_eabi.lib</file>
         <name>div0.asm.obj</name>
      </input_file>
      <input_file id="fl-e4">
         <path>C:\ti\ccs1120\ccs\tools\compiler\ti-cgt-arm_20.2.6.LTS\lib\</path>
         <kind>archive</kind>
         <file>rtsv7M4_T_le_v4SPD16_eabi.lib</file>
         <name>fd_cmp_t2.asm.obj</name>
      </input_file>
      <input_file id="fl-e5">
         <path>C:\ti\ccs1120\ccs\tools\compiler\ti-cgt-arm_20.2.6.LTS\lib\</path>
         <kind>archive</kind>
         <file>rtsv7M4_T_le_v4SPD16_eabi.lib</file>
         <name>fd_div_t2.asm.obj</name>
      </input_file>
      <input_file id="fl-e6">
         <path>C:\ti\ccs1120\ccs\tools\compiler\ti-cgt-arm_20.2.6.LTS\lib\</path>
         <kind>archive</kind>
         <file>rtsv7M4_T_le_v4SPD16_eabi.lib</file>
         <name>autoinit.c.obj</name>
      </input_file>
      <input_file id="fl-e7">
         <path>C:\ti\ccs1120\ccs\tools\compiler\ti-cgt-arm_20.2.6.LTS\lib\</path>
         <kind>archive</kind>
         <file>rtsv7M4_T_le_v4SPD16_eabi.lib</file>
         <name>pre_init.c.obj</name>
      </input_file>
      <input_file id="fl-e8">
         <path>C:\ti\ccs1120\ccs\tools\compiler\ti-cgt-arm_20.2.6.LTS\lib\</path>
         <kind>archive</kind>
         <file>rtsv7M4_T_le_v4SPD16_eabi.lib</file>
         <name>cpy_tbl.c.obj</name>
      </input_file>
      <input_file id="fl-e9">
         <path>C:\ti\ccs1120\ccs\tools\compiler\ti-cgt-arm_20.2.6.LTS\lib\</path>
         <kind>archive</kind>
         <file>rtsv7M4_T_le_v4SPD16_eabi.lib</file>
         <name>exit.c.obj</name>
      </input_file>
      <input_file id="fl-ea">
         <path>C:\ti\ccs1120\ccs\tools\compiler\ti-cgt-arm_20.2.6.LTS\lib\</path>
         <kind>archive</kind>
         <file>rtsv7M4_T_le_v4SPD16_eabi.lib</file>
         <name>_lock.c.obj</name>
      </input_file>
      <input_file id="fl-eb">
         <path>C:\ti\ccs1120\ccs\tools\compiler\ti-cgt-arm_20.2.6.LTS\lib\</path>
         <kind>archive</kind>
         <file>rtsv7M4_T_le_v4SPD16_eabi.lib</file>
         <name>_ltoa.c.obj</name>
      </input_file>
      <input_file id="fl-ec">
         <path>C:\ti\ccs1120\ccs\tools\compiler\ti-cgt-arm_20.2.6.LTS\lib\</path>
         <kind>archive</kind>
         <file>rtsv7M4_T_le_v4SPD16_eabi.lib</file>
         <name>args_main.c.obj</name>
      </input_file>
      <input_file id="fl-ed">
         <path>C:\ti\ccs1120\ccs\tools\compiler\ti-cgt-arm_20.2.6.LTS\lib\</path>
         <kind>archive</kind>
         <file>rtsv7M4_T_le_v4SPD16_eabi.lib</file>
         <name>atoi.c.obj</name>
      </input_file>
      <input_file id="fl-ee">
         <path>C:\ti\ccs1120\ccs\tools\compiler\ti-cgt-arm_20.2.6.LTS\lib\</path>
         <kind>archive</kind>
         <file>rtsv7M4_T_le_v4SPD16_eabi.lib</file>
         <name>ctype.c.obj</name>
      </input_file>
      <input_file id="fl-ef">
         <path>C:\ti\ccs1120\ccs\tools\compiler\ti-cgt-arm_20.2.6.LTS\lib\</path>
         <kind>archive</kind>
         <file>rtsv7M4_T_le_v4SPD16_eabi.lib</file>
         <name>memccpy.c.obj</name>
      </input_file>
      <input_file id="fl-f0">
         <path>C:\ti\ccs1120\ccs\tools\compiler\ti-cgt-arm_20.2.6.LTS\lib\</path>
         <kind>archive</kind>
         <file>rtsv7M4_T_le_v4SPD16_eabi.lib</file>
         <name>strchr.c.obj</name>
      </input_file>
      <input_file id="fl-f1">
         <path>C:\ti\ccs1120\ccs\tools\compiler\ti-cgt-arm_20.2.6.LTS\lib\</path>
         <kind>archive</kind>
         <file>rtsv7M4_T_le_v4SPD16_eabi.lib</file>
         <name>errno.c.obj</name>
      </input_file>
      <input_file id="fl-f2">
         <path>C:\ti\ccs1120\ccs\tools\compiler\ti-cgt-arm_20.2.6.LTS\lib\</path>
         <kind>archive</kind>
         <file>rtsv7M4_T_le_v4SPD16_eabi.lib</file>
         <name>s_frexp.c.obj</name>
      </input_file>
      <input_file id="fl-f3">
         <path>C:\ti\ccs1120\ccs\tools\compiler\ti-cgt-arm_20.2.6.LTS\lib\</path>
         <kind>archive</kind>
         <file>rtsv7M4_T_le_v4SPD16_eabi.lib</file>
         <name>s_scalbn.c.obj</name>
      </input_file>
      <input_file id="fl-f4">
         <path>C:\ti\ccs1120\ccs\tools\compiler\ti-cgt-arm_20.2.6.LTS\lib\</path>
         <kind>archive</kind>
         <file>rtsv7M4_T_le_v4SPD16_eabi.lib</file>
         <name>s_copysign.c.obj</name>
      </input_file>
      <input_file id="fl-f5">
         <path>C:\ti\ccs1120\ccs\tools\compiler\ti-cgt-arm_20.2.6.LTS\lib\</path>
         <kind>archive</kind>
         <file>rtsv7M4_T_le_v4SPD16_eabi.lib</file>
         <name>wcslen.c.obj</name>
      </input_file>
   </input_file_list>
   <object_component_list>
      <object_component id="oc-12">
         <name>.intvecs</name>
         <load_address>0x0</load_address>
         <run_address>0x0</run_address>
         <size>0x26c</size>
         <input_file_ref idref="fl-3"/>
      </object_component>
      <object_component id="oc-18d">
         <name>.text</name>
         <load_address>0x26c</load_address>
         <run_address>0x26c</run_address>
         <size>0xb48</size>
         <input_file_ref idref="fl-15"/>
      </object_component>
      <object_component id="oc-246">
         <name>.text:__TI_printfi</name>
         <load_address>0xdb4</load_address>
         <run_address>0xdb4</run_address>
         <size>0xa4e</size>
         <input_file_ref idref="fl-e2"/>
      </object_component>
      <object_component id="oc-282">
         <name>.text:_nop</name>
         <load_address>0x1802</load_address>
         <run_address>0x1802</run_address>
         <size>0x2</size>
         <input_file_ref idref="fl-ea"/>
      </object_component>
      <object_component id="oc-30">
         <name>.text</name>
         <load_address>0x1804</load_address>
         <run_address>0x1804</run_address>
         <size>0x824</size>
         <input_file_ref idref="fl-9"/>
      </object_component>
      <object_component id="oc-193">
         <name>.text</name>
         <load_address>0x2028</load_address>
         <run_address>0x2028</run_address>
         <size>0x6a4</size>
         <input_file_ref idref="fl-16"/>
      </object_component>
      <object_component id="oc-211">
         <name>.text</name>
         <load_address>0x26cc</load_address>
         <run_address>0x26cc</run_address>
         <size>0x54a</size>
         <input_file_ref idref="fl-14"/>
      </object_component>
      <object_component id="oc-261">
         <name>.text</name>
         <load_address>0x2c16</load_address>
         <run_address>0x2c16</run_address>
         <size>0x2</size>
         <input_file_ref idref="fl-e3"/>
      </object_component>
      <object_component id="oc-104">
         <name>.text</name>
         <load_address>0x2c18</load_address>
         <run_address>0x2c18</run_address>
         <size>0x484</size>
         <input_file_ref idref="fl-2"/>
      </object_component>
      <object_component id="oc-3c">
         <name>.text</name>
         <load_address>0x309c</load_address>
         <run_address>0x309c</run_address>
         <size>0x418</size>
         <input_file_ref idref="fl-5"/>
      </object_component>
      <object_component id="oc-181">
         <name>.text</name>
         <load_address>0x34b4</load_address>
         <run_address>0x34b4</run_address>
         <size>0x3a2</size>
         <input_file_ref idref="fl-7"/>
      </object_component>
      <object_component id="oc-36">
         <name>.text</name>
         <load_address>0x3858</load_address>
         <run_address>0x3858</run_address>
         <size>0x390</size>
         <input_file_ref idref="fl-17"/>
      </object_component>
      <object_component id="oc-2c6">
         <name>.text:_pconv_a</name>
         <load_address>0x3be8</load_address>
         <run_address>0x3be8</run_address>
         <size>0x270</size>
         <input_file_ref idref="fl-e2"/>
      </object_component>
      <object_component id="oc-175">
         <name>.text</name>
         <load_address>0x3e58</load_address>
         <run_address>0x3e58</run_address>
         <size>0x210</size>
         <input_file_ref idref="fl-e"/>
      </object_component>
      <object_component id="oc-2b4">
         <name>.text:_pconv_g</name>
         <load_address>0x4068</load_address>
         <run_address>0x4068</run_address>
         <size>0x1d0</size>
         <input_file_ref idref="fl-e2"/>
      </object_component>
      <object_component id="oc-8c">
         <name>.text</name>
         <load_address>0x4238</load_address>
         <run_address>0x4238</run_address>
         <size>0x1b6</size>
         <input_file_ref idref="fl-d2"/>
      </object_component>
      <object_component id="oc-199">
         <name>.text</name>
         <load_address>0x43f0</load_address>
         <run_address>0x43f0</run_address>
         <size>0x1b4</size>
         <input_file_ref idref="fl-8"/>
      </object_component>
      <object_component id="oc-c7">
         <name>.text</name>
         <load_address>0x45a4</load_address>
         <run_address>0x45a4</run_address>
         <size>0x1b0</size>
         <input_file_ref idref="fl-11"/>
      </object_component>
      <object_component id="oc-16f">
         <name>.text</name>
         <load_address>0x4754</load_address>
         <run_address>0x4754</run_address>
         <size>0x168</size>
         <input_file_ref idref="fl-a"/>
      </object_component>
      <object_component id="oc-17b">
         <name>.text</name>
         <load_address>0x48bc</load_address>
         <run_address>0x48bc</run_address>
         <size>0x140</size>
         <input_file_ref idref="fl-b"/>
      </object_component>
      <object_component id="oc-2c0">
         <name>.text:_pconv_e</name>
         <load_address>0x49fc</load_address>
         <run_address>0x49fc</run_address>
         <size>0x13c</size>
         <input_file_ref idref="fl-e2"/>
      </object_component>
      <object_component id="oc-31c">
         <name>.text</name>
         <load_address>0x4b38</load_address>
         <run_address>0x4b38</run_address>
         <size>0x136</size>
         <input_file_ref idref="fl-e5"/>
      </object_component>
      <object_component id="oc-339">
         <name>.text:fcvt</name>
         <load_address>0x4c70</load_address>
         <run_address>0x4c70</run_address>
         <size>0x124</size>
         <input_file_ref idref="fl-e2"/>
      </object_component>
      <object_component id="oc-34d">
         <name>.text:scalbn</name>
         <load_address>0x4d94</load_address>
         <run_address>0x4d94</run_address>
         <size>0x110</size>
         <input_file_ref idref="fl-f3"/>
      </object_component>
      <object_component id="oc-379">
         <name>.text:aligned_alloc</name>
         <load_address>0x4ea4</load_address>
         <run_address>0x4ea4</run_address>
         <size>0x100</size>
         <input_file_ref idref="fl-df"/>
      </object_component>
      <object_component id="oc-91">
         <name>.text</name>
         <load_address>0x4fa4</load_address>
         <run_address>0x4fa4</run_address>
         <size>0xfc</size>
         <input_file_ref idref="fl-d3"/>
      </object_component>
      <object_component id="oc-274">
         <name>.text:free</name>
         <load_address>0x50a0</load_address>
         <run_address>0x50a0</run_address>
         <size>0xe4</size>
         <input_file_ref idref="fl-df"/>
      </object_component>
      <object_component id="oc-2a9">
         <name>.text:_ltostr</name>
         <load_address>0x5184</load_address>
         <run_address>0x5184</run_address>
         <size>0xb1</size>
         <input_file_ref idref="fl-e2"/>
      </object_component>
      <object_component id="oc-50">
         <name>.text</name>
         <load_address>0x5236</load_address>
         <run_address>0x5236</run_address>
         <size>0x9c</size>
         <input_file_ref idref="fl-d7"/>
      </object_component>
      <object_component id="oc-266">
         <name>.text</name>
         <load_address>0x52d2</load_address>
         <run_address>0x52d2</run_address>
         <size>0x96</size>
         <input_file_ref idref="fl-db"/>
      </object_component>
      <object_component id="oc-2af">
         <name>.text:__aeabi_cdcmple</name>
         <load_address>0x5368</load_address>
         <run_address>0x5368</run_address>
         <size>0x86</size>
         <input_file_ref idref="fl-e4"/>
      </object_component>
      <object_component id="oc-321">
         <name>.text:__aeabi_cdrcmple</name>
         <load_address>0x53ee</load_address>
         <run_address>0x53ee</run_address>
         <size>0x86</size>
         <input_file_ref idref="fl-e4"/>
      </object_component>
      <object_component id="oc-a1">
         <name>.text</name>
         <load_address>0x5474</load_address>
         <run_address>0x5474</run_address>
         <size>0x7a</size>
         <input_file_ref idref="fl-d9"/>
      </object_component>
      <object_component id="oc-3b5">
         <name>.text:split</name>
         <load_address>0x54f0</load_address>
         <run_address>0x54f0</run_address>
         <size>0x70</size>
         <input_file_ref idref="fl-df"/>
      </object_component>
      <object_component id="oc-332">
         <name>.text:_mcpy</name>
         <load_address>0x5560</load_address>
         <run_address>0x5560</run_address>
         <size>0x6e</size>
         <input_file_ref idref="fl-e2"/>
      </object_component>
      <object_component id="oc-20a">
         <name>.text</name>
         <load_address>0x55ce</load_address>
         <run_address>0x55ce</run_address>
         <size>0x6e</size>
         <input_file_ref idref="fl-da"/>
      </object_component>
      <object_component id="oc-15">
         <name>.text:decompress:lzss:__TI_decompress_lzss</name>
         <load_address>0x563c</load_address>
         <run_address>0x563c</run_address>
         <size>0x68</size>
         <input_file_ref idref="fl-de"/>
      </object_component>
      <object_component id="oc-347">
         <name>.text:frexp</name>
         <load_address>0x56a4</load_address>
         <run_address>0x56a4</run_address>
         <size>0x64</size>
         <input_file_ref idref="fl-f2"/>
      </object_component>
      <object_component id="oc-2ba">
         <name>.text:_pconv_f</name>
         <load_address>0x5708</load_address>
         <run_address>0x5708</run_address>
         <size>0x56</size>
         <input_file_ref idref="fl-e2"/>
      </object_component>
      <object_component id="oc-326">
         <name>.text:__TI_ltoa</name>
         <load_address>0x575e</load_address>
         <run_address>0x575e</run_address>
         <size>0x54</size>
         <input_file_ref idref="fl-eb"/>
      </object_component>
      <object_component id="oc-32c">
         <name>.text:_ecpy</name>
         <load_address>0x57b2</load_address>
         <run_address>0x57b2</run_address>
         <size>0x52</size>
         <input_file_ref idref="fl-e2"/>
      </object_component>
      <object_component id="oc-2a3">
         <name>.text:atoi</name>
         <load_address>0x5804</load_address>
         <run_address>0x5804</run_address>
         <size>0x4c</size>
         <input_file_ref idref="fl-ed"/>
      </object_component>
      <object_component id="oc-96">
         <name>.text</name>
         <load_address>0x5850</load_address>
         <run_address>0x5850</run_address>
         <size>0x48</size>
         <input_file_ref idref="fl-d4"/>
      </object_component>
      <object_component id="oc-1af">
         <name>.text:__TI_auto_init_nobinit_nopinit:__TI_auto_init_nobinit_nopinit</name>
         <load_address>0x5898</load_address>
         <run_address>0x5898</run_address>
         <size>0x44</size>
         <input_file_ref idref="fl-e6"/>
      </object_component>
      <object_component id="oc-205">
         <name>.text</name>
         <load_address>0x58dc</load_address>
         <run_address>0x58dc</run_address>
         <size>0x44</size>
         <input_file_ref idref="fl-d5"/>
      </object_component>
      <object_component id="oc-187">
         <name>.text</name>
         <load_address>0x5920</load_address>
         <run_address>0x5920</run_address>
         <size>0x42</size>
         <input_file_ref idref="fl-6"/>
      </object_component>
      <object_component id="oc-1fa">
         <name>.text:sprintf</name>
         <load_address>0x5964</load_address>
         <run_address>0x5964</run_address>
         <size>0x40</size>
         <input_file_ref idref="fl-d1"/>
      </object_component>
      <object_component id="oc-33f">
         <name>.text:_fcpy</name>
         <load_address>0x59a4</load_address>
         <run_address>0x59a4</run_address>
         <size>0x3e</size>
         <input_file_ref idref="fl-e2"/>
      </object_component>
      <object_component id="oc-26e">
         <name>.text:calloc</name>
         <load_address>0x59e4</load_address>
         <run_address>0x59e4</run_address>
         <size>0x38</size>
         <input_file_ref idref="fl-df"/>
      </object_component>
      <object_component id="oc-6e">
         <name>.text:_c_int00_noargs:_c_int00_noargs</name>
         <load_address>0x5a1c</load_address>
         <run_address>0x5a1c</run_address>
         <size>0x34</size>
         <input_file_ref idref="fl-e1"/>
      </object_component>
      <object_component id="oc-87">
         <name>.text</name>
         <load_address>0x5a50</load_address>
         <run_address>0x5a50</run_address>
         <size>0x2e</size>
         <input_file_ref idref="fl-d6"/>
      </object_component>
      <object_component id="oc-169">
         <name>.text</name>
         <load_address>0x5a80</load_address>
         <run_address>0x5a80</run_address>
         <size>0x28</size>
         <input_file_ref idref="fl-f"/>
      </object_component>
      <object_component id="oc-2fd">
         <name>.text:free_list_insert</name>
         <load_address>0x5aa8</load_address>
         <run_address>0x5aa8</run_address>
         <size>0x28</size>
         <input_file_ref idref="fl-df"/>
      </object_component>
      <object_component id="oc-200">
         <name>.text</name>
         <load_address>0x5ad0</load_address>
         <run_address>0x5ad0</run_address>
         <size>0x20</size>
         <input_file_ref idref="fl-d8"/>
      </object_component>
      <object_component id="oc-5c">
         <name>.text:decompress:ZI:__TI_zero_init_nomemset:__TI_zero_init_nomemset</name>
         <load_address>0x5af0</load_address>
         <run_address>0x5af0</run_address>
         <size>0x1c</size>
         <input_file_ref idref="fl-dc"/>
      </object_component>
      <object_component id="oc-2f7">
         <name>.text:free_list_remove</name>
         <load_address>0x5b0c</load_address>
         <run_address>0x5b0c</run_address>
         <size>0x1c</size>
         <input_file_ref idref="fl-df"/>
      </object_component>
      <object_component id="oc-2cc">
         <name>.text:memccpy</name>
         <load_address>0x5b28</load_address>
         <run_address>0x5b28</run_address>
         <size>0x1c</size>
         <input_file_ref idref="fl-ef"/>
      </object_component>
      <object_component id="oc-399">
         <name>.text:copysign</name>
         <load_address>0x5b44</load_address>
         <run_address>0x5b44</run_address>
         <size>0x1a</size>
         <input_file_ref idref="fl-f4"/>
      </object_component>
      <object_component id="oc-24c">
         <name>.text:_outs</name>
         <load_address>0x5b5e</load_address>
         <run_address>0x5b5e</run_address>
         <size>0x18</size>
         <input_file_ref idref="fl-d1"/>
      </object_component>
      <object_component id="oc-353">
         <name>.text:strchr</name>
         <load_address>0x5b76</load_address>
         <run_address>0x5b76</run_address>
         <size>0x16</size>
         <input_file_ref idref="fl-f0"/>
      </object_component>
      <object_component id="oc-1f1">
         <name>.text:strlen</name>
         <load_address>0x5b8c</load_address>
         <run_address>0x5b8c</run_address>
         <size>0x14</size>
         <input_file_ref idref="fl-e0"/>
      </object_component>
      <object_component id="oc-1e7">
         <name>.text</name>
         <load_address>0x5ba0</load_address>
         <run_address>0x5ba0</run_address>
         <size>0x12</size>
         <input_file_ref idref="fl-13"/>
      </object_component>
      <object_component id="oc-2d2">
         <name>.text:wcslen</name>
         <load_address>0x5bb2</load_address>
         <run_address>0x5bb2</run_address>
         <size>0x12</size>
         <input_file_ref idref="fl-f5"/>
      </object_component>
      <object_component id="oc-1b">
         <name>.text:decompress:none:__TI_decompress_none</name>
         <load_address>0x5bc4</load_address>
         <run_address>0x5bc4</run_address>
         <size>0xe</size>
         <input_file_ref idref="fl-dd"/>
      </object_component>
      <object_component id="oc-2a">
         <name>.text</name>
         <load_address>0x5bd2</load_address>
         <run_address>0x5bd2</run_address>
         <size>0xc</size>
         <input_file_ref idref="fl-3"/>
      </object_component>
      <object_component id="oc-252">
         <name>.text:_outc</name>
         <load_address>0x5bde</load_address>
         <run_address>0x5bde</run_address>
         <size>0xa</size>
         <input_file_ref idref="fl-d1"/>
      </object_component>
      <object_component id="oc-2d8">
         <name>.text:__aeabi_errno_addr</name>
         <load_address>0x5be8</load_address>
         <run_address>0x5be8</run_address>
         <size>0x8</size>
         <input_file_ref idref="fl-f1"/>
      </object_component>
      <object_component id="oc-2f0">
         <name>.text:malloc</name>
         <load_address>0x5bf0</load_address>
         <run_address>0x5bf0</run_address>
         <size>0x8</size>
         <input_file_ref idref="fl-df"/>
      </object_component>
      <object_component id="oc-fe">
         <name>.text:_system_pre_init</name>
         <load_address>0x5bf8</load_address>
         <run_address>0x5bf8</run_address>
         <size>0x4</size>
         <input_file_ref idref="fl-e7"/>
      </object_component>
      <object_component id="oc-1a3">
         <name>.text:abort:abort</name>
         <load_address>0x5bfc</load_address>
         <run_address>0x5bfc</run_address>
         <size>0x4</size>
         <input_file_ref idref="fl-e9"/>
      </object_component>
      <object_component id="oc-315">
         <name>.const:.string:_ctypes_</name>
         <load_address>0x5c00</load_address>
         <run_address>0x5c00</run_address>
         <size>0x101</size>
         <input_file_ref idref="fl-ee"/>
      </object_component>
      <object_component id="oc-3fa">
         <name>.cinit..data.load</name>
         <load_address>0x5d08</load_address>
         <run_address>0x5d08</run_address>
         <size>0x22</size>
      </object_component>
      <object_component id="oc-3f8">
         <name>__TI_handler_table</name>
         <load_address>0x5d2c</load_address>
         <run_address>0x5d2c</run_address>
         <size>0xc</size>
      </object_component>
      <object_component id="oc-3fb">
         <name>.cinit..bss.load</name>
         <load_address>0x5d38</load_address>
         <run_address>0x5d38</run_address>
         <size>0x8</size>
      </object_component>
      <object_component id="oc-3f9">
         <name>__TI_cinit_table</name>
         <load_address>0x5d40</load_address>
         <run_address>0x5d40</run_address>
         <size>0x10</size>
      </object_component>
      <object_component id="oc-cf">
         <name>.data</name>
         <load_address>0x20000480</load_address>
         <run_address>0x20000480</run_address>
         <size>0x18</size>
         <input_file_ref idref="fl-2"/>
      </object_component>
      <object_component id="oc-b6">
         <name>.data:Engine_distance_array</name>
         <load_address>0x200004a8</load_address>
         <run_address>0x200004a8</run_address>
         <size>0x10</size>
         <input_file_ref idref="fl-2"/>
      </object_component>
      <object_component id="oc-ba">
         <name>.data:Mission_distance_array</name>
         <load_address>0x200004b8</load_address>
         <run_address>0x200004b8</run_address>
         <size>0x10</size>
         <input_file_ref idref="fl-2"/>
      </object_component>
      <object_component id="oc-bd">
         <name>.data:Break_distance_array</name>
         <load_address>0x20000498</load_address>
         <run_address>0x20000498</run_address>
         <size>0x10</size>
         <input_file_ref idref="fl-2"/>
      </object_component>
      <object_component id="oc-19f">
         <name>.data:distance_data_clear</name>
         <load_address>0x20000460</load_address>
         <run_address>0x20000460</run_address>
         <size>0x20</size>
         <input_file_ref idref="fl-2"/>
      </object_component>
      <object_component id="oc-ab">
         <name>.data:Engine_distance_data</name>
         <load_address>0x20000420</load_address>
         <run_address>0x20000420</run_address>
         <size>0x20</size>
         <input_file_ref idref="fl-2"/>
      </object_component>
      <object_component id="oc-ae">
         <name>.data:Mission_distance_data</name>
         <load_address>0x20000440</load_address>
         <run_address>0x20000440</run_address>
         <size>0x20</size>
         <input_file_ref idref="fl-2"/>
      </object_component>
      <object_component id="oc-b1">
         <name>.data:Break_distance_data</name>
         <load_address>0x20000400</load_address>
         <run_address>0x20000400</run_address>
         <size>0x20</size>
         <input_file_ref idref="fl-2"/>
      </object_component>
      <object_component id="oc-d8">
         <name>.data:DB1$1</name>
         <load_address>0x200004f0</load_address>
         <run_address>0x200004f0</run_address>
         <size>0x2</size>
         <input_file_ref idref="fl-5"/>
      </object_component>
      <object_component id="oc-d9">
         <name>.data:DB2$2</name>
         <load_address>0x200004d8</load_address>
         <run_address>0x200004d8</run_address>
         <size>0x8</size>
         <input_file_ref idref="fl-5"/>
      </object_component>
      <object_component id="oc-da">
         <name>.data:DD1$3</name>
         <load_address>0x200004fc</load_address>
         <run_address>0x200004fc</run_address>
         <size>0x2</size>
         <input_file_ref idref="fl-5"/>
      </object_component>
      <object_component id="oc-db">
         <name>.data:DD2$4</name>
         <load_address>0x200004e0</load_address>
         <run_address>0x200004e0</run_address>
         <size>0x8</size>
         <input_file_ref idref="fl-5"/>
      </object_component>
      <object_component id="oc-dc">
         <name>.data:DC1$5</name>
         <load_address>0x200004f4</load_address>
         <run_address>0x200004f4</run_address>
         <size>0x2</size>
         <input_file_ref idref="fl-5"/>
      </object_component>
      <object_component id="oc-dd">
         <name>.data:DC2$6</name>
         <load_address>0x200004f6</load_address>
         <run_address>0x200004f6</run_address>
         <size>0x2</size>
         <input_file_ref idref="fl-5"/>
      </object_component>
      <object_component id="oc-1f7">
         <name>.data</name>
         <load_address>0x200004fe</load_address>
         <run_address>0x200004fe</run_address>
         <size>0x2</size>
         <input_file_ref idref="fl-7"/>
      </object_component>
      <object_component id="oc-9e">
         <name>.data:DD1$1</name>
         <load_address>0x200004f8</load_address>
         <run_address>0x200004f8</run_address>
         <size>0x2</size>
         <input_file_ref idref="fl-9"/>
      </object_component>
      <object_component id="oc-d2">
         <name>.data</name>
         <load_address>0x200004ec</load_address>
         <run_address>0x200004ec</run_address>
         <size>0x4</size>
         <input_file_ref idref="fl-17"/>
      </object_component>
      <object_component id="oc-cd">
         <name>.data:DD1$1</name>
         <load_address>0x200004fa</load_address>
         <run_address>0x200004fa</run_address>
         <size>0x2</size>
         <input_file_ref idref="fl-17"/>
      </object_component>
      <object_component id="oc-ce">
         <name>.data:DC1$2</name>
         <load_address>0x200004f2</load_address>
         <run_address>0x200004f2</run_address>
         <size>0x2</size>
         <input_file_ref idref="fl-17"/>
      </object_component>
      <object_component id="oc-380">
         <name>.data:$O1$$</name>
         <load_address>0x200004d0</load_address>
         <run_address>0x200004d0</run_address>
         <size>0x8</size>
         <input_file_ref idref="fl-df"/>
      </object_component>
      <object_component id="oc-221">
         <name>.data:$O1$$</name>
         <load_address>0x200004c8</load_address>
         <run_address>0x200004c8</run_address>
         <size>0x8</size>
         <input_file_ref idref="fl-ea"/>
      </object_component>
      <object_component id="oc-363">
         <name>.data</name>
         <load_address>0x200004e8</load_address>
         <run_address>0x200004e8</run_address>
         <size>0x4</size>
         <input_file_ref idref="fl-f1"/>
      </object_component>
      <object_component id="oc-9f">
         <name>.common:speed</name>
         <uninitialized>true</uninitialized>
         <run_address>0x2000055c</run_address>
         <size>0x4</size>
      </object_component>
      <object_component id="oc-b4">
         <name>.common:Engine_int_distance</name>
         <uninitialized>true</uninitialized>
         <run_address>0x20000550</run_address>
         <size>0x4</size>
      </object_component>
      <object_component id="oc-b9">
         <name>.common:Mission_int_distance</name>
         <uninitialized>true</uninitialized>
         <run_address>0x20000554</run_address>
         <size>0x4</size>
      </object_component>
      <object_component id="oc-b5">
         <name>.common:Break_int_distance</name>
         <uninitialized>true</uninitialized>
         <run_address>0x2000051c</run_address>
         <size>0x4</size>
      </object_component>
      <object_component id="oc-d7">
         <name>.common:irq_status</name>
         <uninitialized>true</uninitialized>
         <run_address>0x20000558</run_address>
         <size>0x4</size>
      </object_component>
      <object_component id="oc-a8">
         <name>.common:Engine_distance2</name>
         <uninitialized>true</uninitialized>
         <run_address>0x20000530</run_address>
         <size>0x8</size>
      </object_component>
      <object_component id="oc-a9">
         <name>.common:Mission_distance2</name>
         <uninitialized>true</uninitialized>
         <run_address>0x20000540</run_address>
         <size>0x8</size>
      </object_component>
      <object_component id="oc-aa">
         <name>.common:Break_distance2</name>
         <uninitialized>true</uninitialized>
         <run_address>0x20000520</run_address>
         <size>0x8</size>
      </object_component>
      <object_component id="oc-a0">
         <name>.common:Engine_interval</name>
         <uninitialized>true</uninitialized>
         <run_address>0x20000538</run_address>
         <size>0x8</size>
      </object_component>
      <object_component id="oc-a6">
         <name>.common:Mission_interval</name>
         <uninitialized>true</uninitialized>
         <run_address>0x20000548</run_address>
         <size>0x8</size>
      </object_component>
      <object_component id="oc-a7">
         <name>.common:Break_interval</name>
         <uninitialized>true</uninitialized>
         <run_address>0x20000528</run_address>
         <size>0x8</size>
      </object_component>
      <object_component id="oc-9b">
         <name>.common:globalCanData</name>
         <uninitialized>true</uninitialized>
         <run_address>0x20000500</run_address>
         <size>0x1c</size>
      </object_component>
      <object_component id="oc-24">
         <name>.sysmem</name>
         <uninitialized>true</uninitialized>
         <run_address>0x20000560</run_address>
         <size>0x10</size>
         <input_file_ref idref="fl-df"/>
      </object_component>
      <object_component id="oc-3fe">
         <name>.sysmem</name>
         <uninitialized>true</uninitialized>
         <run_address>0x20000560</run_address>
         <size>0x0</size>
      </object_component>
      <object_component id="oc-27">
         <name>.stack</name>
         <uninitialized>true</uninitialized>
         <run_address>0x20000000</run_address>
         <size>0x4</size>
         <input_file_ref idref="fl-e1"/>
      </object_component>
      <object_component id="oc-3fd">
         <name>.stack</name>
         <uninitialized>true</uninitialized>
         <run_address>0x20000000</run_address>
         <size>0x0</size>
      </object_component>
      <object_component id="oc-9c">
         <name>.debug_info</name>
         <load_address>0x0</load_address>
         <run_address>0x0</run_address>
         <size>0xd35</size>
         <input_file_ref idref="fl-2"/>
      </object_component>
      <object_component id="oc-d0">
         <name>.debug_info</name>
         <load_address>0xd35</load_address>
         <run_address>0xd35</run_address>
         <size>0x18e</size>
         <input_file_ref idref="fl-2"/>
      </object_component>
      <object_component id="oc-b7">
         <name>.debug_info</name>
         <load_address>0xec3</load_address>
         <run_address>0xec3</run_address>
         <size>0xf7</size>
         <input_file_ref idref="fl-2"/>
      </object_component>
      <object_component id="oc-bb">
         <name>.debug_info</name>
         <load_address>0xfba</load_address>
         <run_address>0xfba</run_address>
         <size>0xf9</size>
         <input_file_ref idref="fl-2"/>
      </object_component>
      <object_component id="oc-be">
         <name>.debug_info</name>
         <load_address>0x10b3</load_address>
         <run_address>0x10b3</run_address>
         <size>0xf5</size>
         <input_file_ref idref="fl-2"/>
      </object_component>
      <object_component id="oc-1a0">
         <name>.debug_info</name>
         <load_address>0x11a8</load_address>
         <run_address>0x11a8</run_address>
         <size>0xf3</size>
         <input_file_ref idref="fl-2"/>
      </object_component>
      <object_component id="oc-ac">
         <name>.debug_info</name>
         <load_address>0x129b</load_address>
         <run_address>0x129b</run_address>
         <size>0xf5</size>
         <input_file_ref idref="fl-2"/>
      </object_component>
      <object_component id="oc-af">
         <name>.debug_info</name>
         <load_address>0x1390</load_address>
         <run_address>0x1390</run_address>
         <size>0xf7</size>
         <input_file_ref idref="fl-2"/>
      </object_component>
      <object_component id="oc-b2">
         <name>.debug_info</name>
         <load_address>0x1487</load_address>
         <run_address>0x1487</run_address>
         <size>0xf3</size>
         <input_file_ref idref="fl-2"/>
      </object_component>
      <object_component id="oc-105">
         <name>.debug_info</name>
         <load_address>0x157a</load_address>
         <run_address>0x157a</run_address>
         <size>0x654</size>
         <input_file_ref idref="fl-2"/>
      </object_component>
      <object_component id="oc-128">
         <name>.debug_info</name>
         <load_address>0x1bce</load_address>
         <run_address>0x1bce</run_address>
         <size>0x5e</size>
         <input_file_ref idref="fl-2"/>
      </object_component>
      <object_component id="oc-e3">
         <name>.debug_info</name>
         <load_address>0x1c2c</load_address>
         <run_address>0x1c2c</run_address>
         <size>0x26b</size>
         <input_file_ref idref="fl-2"/>
      </object_component>
      <object_component id="oc-4b">
         <name>.debug_info</name>
         <load_address>0x1e97</load_address>
         <run_address>0x1e97</run_address>
         <size>0x84</size>
         <input_file_ref idref="fl-2"/>
      </object_component>
      <object_component id="oc-146">
         <name>.debug_info</name>
         <load_address>0x1f1b</load_address>
         <run_address>0x1f1b</run_address>
         <size>0x2a4</size>
         <input_file_ref idref="fl-2"/>
      </object_component>
      <object_component id="oc-c2">
         <name>.debug_info</name>
         <load_address>0x21bf</load_address>
         <run_address>0x21bf</run_address>
         <size>0xbb</size>
         <input_file_ref idref="fl-2"/>
      </object_component>
      <object_component id="oc-132">
         <name>.debug_info</name>
         <load_address>0x227a</load_address>
         <run_address>0x227a</run_address>
         <size>0xcc</size>
         <input_file_ref idref="fl-2"/>
      </object_component>
      <object_component id="oc-25a">
         <name>.debug_info</name>
         <load_address>0x2346</load_address>
         <run_address>0x2346</run_address>
         <size>0x2c</size>
         <input_file_ref idref="fl-2"/>
      </object_component>
      <object_component id="oc-12d">
         <name>.debug_info</name>
         <load_address>0x2372</load_address>
         <run_address>0x2372</run_address>
         <size>0x35</size>
         <input_file_ref idref="fl-2"/>
      </object_component>
      <object_component id="oc-44">
         <name>.debug_info</name>
         <load_address>0x23a7</load_address>
         <run_address>0x23a7</run_address>
         <size>0x31a</size>
         <input_file_ref idref="fl-3"/>
      </object_component>
      <object_component id="oc-13">
         <name>.debug_info</name>
         <load_address>0x26c1</load_address>
         <run_address>0x26c1</run_address>
         <size>0xe9</size>
         <input_file_ref idref="fl-3"/>
      </object_component>
      <object_component id="oc-2c">
         <name>.debug_info</name>
         <load_address>0x27aa</load_address>
         <run_address>0x27aa</run_address>
         <size>0x265</size>
         <input_file_ref idref="fl-3"/>
      </object_component>
      <object_component id="oc-df">
         <name>.debug_info</name>
         <load_address>0x2a0f</load_address>
         <run_address>0x2a0f</run_address>
         <size>0x38a</size>
         <input_file_ref idref="fl-5"/>
      </object_component>
      <object_component id="oc-3e">
         <name>.debug_info</name>
         <load_address>0x2d99</load_address>
         <run_address>0x2d99</run_address>
         <size>0x579</size>
         <input_file_ref idref="fl-5"/>
      </object_component>
      <object_component id="oc-155">
         <name>.debug_info</name>
         <load_address>0x3312</load_address>
         <run_address>0x3312</run_address>
         <size>0x189</size>
         <input_file_ref idref="fl-5"/>
      </object_component>
      <object_component id="oc-18b">
         <name>.debug_info</name>
         <load_address>0x349b</load_address>
         <run_address>0x349b</run_address>
         <size>0x1a7</size>
         <input_file_ref idref="fl-6"/>
      </object_component>
      <object_component id="oc-1ef">
         <name>.debug_info</name>
         <load_address>0x3642</load_address>
         <run_address>0x3642</run_address>
         <size>0x3a2</size>
         <input_file_ref idref="fl-7"/>
      </object_component>
      <object_component id="oc-1f8">
         <name>.debug_info</name>
         <load_address>0x39e4</load_address>
         <run_address>0x39e4</run_address>
         <size>0xeb</size>
         <input_file_ref idref="fl-7"/>
      </object_component>
      <object_component id="oc-182">
         <name>.debug_info</name>
         <load_address>0x3acf</load_address>
         <run_address>0x3acf</run_address>
         <size>0xf63</size>
         <input_file_ref idref="fl-7"/>
      </object_component>
      <object_component id="oc-21a">
         <name>.debug_info</name>
         <load_address>0x4a32</load_address>
         <run_address>0x4a32</run_address>
         <size>0x37c</size>
         <input_file_ref idref="fl-8"/>
      </object_component>
      <object_component id="oc-19b">
         <name>.debug_info</name>
         <load_address>0x4dae</load_address>
         <run_address>0x4dae</run_address>
         <size>0x58e</size>
         <input_file_ref idref="fl-8"/>
      </object_component>
      <object_component id="oc-c1">
         <name>.debug_info</name>
         <load_address>0x533c</load_address>
         <run_address>0x533c</run_address>
         <size>0x603</size>
         <input_file_ref idref="fl-9"/>
      </object_component>
      <object_component id="oc-31">
         <name>.debug_info</name>
         <load_address>0x593f</load_address>
         <run_address>0x593f</run_address>
         <size>0x46b</size>
         <input_file_ref idref="fl-9"/>
      </object_component>
      <object_component id="oc-172">
         <name>.debug_info</name>
         <load_address>0x5daa</load_address>
         <run_address>0x5daa</run_address>
         <size>0x301</size>
         <input_file_ref idref="fl-a"/>
      </object_component>
      <object_component id="oc-17f">
         <name>.debug_info</name>
         <load_address>0x60ab</load_address>
         <run_address>0x60ab</run_address>
         <size>0x35d</size>
         <input_file_ref idref="fl-b"/>
      </object_component>
      <object_component id="oc-1e6">
         <name>.debug_info</name>
         <load_address>0x6408</load_address>
         <run_address>0x6408</run_address>
         <size>0x27f</size>
         <input_file_ref idref="fl-e"/>
      </object_component>
      <object_component id="oc-176">
         <name>.debug_info</name>
         <load_address>0x6687</load_address>
         <run_address>0x6687</run_address>
         <size>0x4d7</size>
         <input_file_ref idref="fl-e"/>
      </object_component>
      <object_component id="oc-16a">
         <name>.debug_info</name>
         <load_address>0x6b5e</load_address>
         <run_address>0x6b5e</run_address>
         <size>0x197</size>
         <input_file_ref idref="fl-f"/>
      </object_component>
      <object_component id="oc-14c">
         <name>.debug_info</name>
         <load_address>0x6cf5</load_address>
         <run_address>0x6cf5</run_address>
         <size>0x295</size>
         <input_file_ref idref="fl-11"/>
      </object_component>
      <object_component id="oc-c8">
         <name>.debug_info</name>
         <load_address>0x6f8a</load_address>
         <run_address>0x6f8a</run_address>
         <size>0x444</size>
         <input_file_ref idref="fl-11"/>
      </object_component>
      <object_component id="oc-1e8">
         <name>.debug_info</name>
         <load_address>0x73ce</load_address>
         <run_address>0x73ce</run_address>
         <size>0x107</size>
         <input_file_ref idref="fl-13"/>
      </object_component>
      <object_component id="oc-27b">
         <name>.debug_info</name>
         <load_address>0x74d5</load_address>
         <run_address>0x74d5</run_address>
         <size>0x34a</size>
         <input_file_ref idref="fl-14"/>
      </object_component>
      <object_component id="oc-212">
         <name>.debug_info</name>
         <load_address>0x781f</load_address>
         <run_address>0x781f</run_address>
         <size>0x18f7</size>
         <input_file_ref idref="fl-14"/>
      </object_component>
      <object_component id="oc-210">
         <name>.debug_info</name>
         <load_address>0x9116</load_address>
         <run_address>0x9116</run_address>
         <size>0x579</size>
         <input_file_ref idref="fl-15"/>
      </object_component>
      <object_component id="oc-18f">
         <name>.debug_info</name>
         <load_address>0x968f</load_address>
         <run_address>0x968f</run_address>
         <size>0x1615</size>
         <input_file_ref idref="fl-15"/>
      </object_component>
      <object_component id="oc-218">
         <name>.debug_info</name>
         <load_address>0xaca4</load_address>
         <run_address>0xaca4</run_address>
         <size>0x448</size>
         <input_file_ref idref="fl-16"/>
      </object_component>
      <object_component id="oc-197">
         <name>.debug_info</name>
         <load_address>0xb0ec</load_address>
         <run_address>0xb0ec</run_address>
         <size>0xe1c</size>
         <input_file_ref idref="fl-16"/>
      </object_component>
      <object_component id="oc-d6">
         <name>.debug_info</name>
         <load_address>0xbf08</load_address>
         <run_address>0xbf08</run_address>
         <size>0x5b7</size>
         <input_file_ref idref="fl-17"/>
      </object_component>
      <object_component id="oc-d3">
         <name>.debug_info</name>
         <load_address>0xc4bf</load_address>
         <run_address>0xc4bf</run_address>
         <size>0xcd</size>
         <input_file_ref idref="fl-17"/>
      </object_component>
      <object_component id="oc-38">
         <name>.debug_info</name>
         <load_address>0xc58c</load_address>
         <run_address>0xc58c</run_address>
         <size>0x59b</size>
         <input_file_ref idref="fl-17"/>
      </object_component>
      <object_component id="oc-259">
         <name>.debug_info</name>
         <load_address>0xcb27</load_address>
         <run_address>0xcb27</run_address>
         <size>0x333</size>
         <input_file_ref idref="fl-d1"/>
      </object_component>
      <object_component id="oc-1fb">
         <name>.debug_info</name>
         <load_address>0xce5a</load_address>
         <run_address>0xce5a</run_address>
         <size>0x1d1</size>
         <input_file_ref idref="fl-d1"/>
      </object_component>
      <object_component id="oc-250">
         <name>.debug_info</name>
         <load_address>0xd02b</load_address>
         <run_address>0xd02b</run_address>
         <size>0x18d</size>
         <input_file_ref idref="fl-d1"/>
      </object_component>
      <object_component id="oc-253">
         <name>.debug_info</name>
         <load_address>0xd1b8</load_address>
         <run_address>0xd1b8</run_address>
         <size>0x16d</size>
         <input_file_ref idref="fl-d1"/>
      </object_component>
      <object_component id="oc-36a">
         <name>.debug_info</name>
         <load_address>0xd325</load_address>
         <run_address>0xd325</run_address>
         <size>0x2c</size>
         <input_file_ref idref="fl-d1"/>
      </object_component>
      <object_component id="oc-8d">
         <name>.debug_info</name>
         <load_address>0xd351</load_address>
         <run_address>0xd351</run_address>
         <size>0x14c</size>
         <input_file_ref idref="fl-d2"/>
      </object_component>
      <object_component id="oc-92">
         <name>.debug_info</name>
         <load_address>0xd49d</load_address>
         <run_address>0xd49d</run_address>
         <size>0x13a</size>
         <input_file_ref idref="fl-d3"/>
      </object_component>
      <object_component id="oc-97">
         <name>.debug_info</name>
         <load_address>0xd5d7</load_address>
         <run_address>0xd5d7</run_address>
         <size>0x12e</size>
         <input_file_ref idref="fl-d4"/>
      </object_component>
      <object_component id="oc-206">
         <name>.debug_info</name>
         <load_address>0xd705</load_address>
         <run_address>0xd705</run_address>
         <size>0x139</size>
         <input_file_ref idref="fl-d5"/>
      </object_component>
      <object_component id="oc-88">
         <name>.debug_info</name>
         <load_address>0xd83e</load_address>
         <run_address>0xd83e</run_address>
         <size>0x12c</size>
         <input_file_ref idref="fl-d6"/>
      </object_component>
      <object_component id="oc-52">
         <name>.debug_info</name>
         <load_address>0xd96a</load_address>
         <run_address>0xd96a</run_address>
         <size>0x119</size>
         <input_file_ref idref="fl-d7"/>
      </object_component>
      <object_component id="oc-201">
         <name>.debug_info</name>
         <load_address>0xda83</load_address>
         <run_address>0xda83</run_address>
         <size>0x12e</size>
         <input_file_ref idref="fl-d8"/>
      </object_component>
      <object_component id="oc-a2">
         <name>.debug_info</name>
         <load_address>0xdbb1</load_address>
         <run_address>0xdbb1</run_address>
         <size>0x147</size>
         <input_file_ref idref="fl-d9"/>
      </object_component>
      <object_component id="oc-20b">
         <name>.debug_info</name>
         <load_address>0xdcf8</load_address>
         <run_address>0xdcf8</run_address>
         <size>0x13f</size>
         <input_file_ref idref="fl-da"/>
      </object_component>
      <object_component id="oc-267">
         <name>.debug_info</name>
         <load_address>0xde37</load_address>
         <run_address>0xde37</run_address>
         <size>0x134</size>
         <input_file_ref idref="fl-db"/>
      </object_component>
      <object_component id="oc-fc">
         <name>.debug_info</name>
         <load_address>0xdf6b</load_address>
         <run_address>0xdf6b</run_address>
         <size>0x2d4</size>
         <input_file_ref idref="fl-dc"/>
      </object_component>
      <object_component id="oc-5d">
         <name>.debug_info</name>
         <load_address>0xe23f</load_address>
         <run_address>0xe23f</run_address>
         <size>0x1d2</size>
         <input_file_ref idref="fl-dc"/>
      </object_component>
      <object_component id="oc-f7">
         <name>.debug_info</name>
         <load_address>0xe411</load_address>
         <run_address>0xe411</run_address>
         <size>0x46</size>
         <input_file_ref idref="fl-dc"/>
      </object_component>
      <object_component id="oc-161">
         <name>.debug_info</name>
         <load_address>0xe457</load_address>
         <run_address>0xe457</run_address>
         <size>0x2c</size>
         <input_file_ref idref="fl-dc"/>
      </object_component>
      <object_component id="oc-5b">
         <name>.debug_info</name>
         <load_address>0xe483</load_address>
         <run_address>0xe483</run_address>
         <size>0x2a8</size>
         <input_file_ref idref="fl-dd"/>
      </object_component>
      <object_component id="oc-1f">
         <name>.debug_info</name>
         <load_address>0xe72b</load_address>
         <run_address>0xe72b</run_address>
         <size>0x1ea</size>
         <input_file_ref idref="fl-dd"/>
      </object_component>
      <object_component id="oc-56">
         <name>.debug_info</name>
         <load_address>0xe915</load_address>
         <run_address>0xe915</run_address>
         <size>0x46</size>
         <input_file_ref idref="fl-dd"/>
      </object_component>
      <object_component id="oc-ef">
         <name>.debug_info</name>
         <load_address>0xe95b</load_address>
         <run_address>0xe95b</run_address>
         <size>0x2c</size>
         <input_file_ref idref="fl-dd"/>
      </object_component>
      <object_component id="oc-ed">
         <name>.debug_info</name>
         <load_address>0xe987</load_address>
         <run_address>0xe987</run_address>
         <size>0x29e</size>
         <input_file_ref idref="fl-de"/>
      </object_component>
      <object_component id="oc-17">
         <name>.debug_info</name>
         <load_address>0xec25</load_address>
         <run_address>0xec25</run_address>
         <size>0x250</size>
         <input_file_ref idref="fl-de"/>
      </object_component>
      <object_component id="oc-46">
         <name>.debug_info</name>
         <load_address>0xee75</load_address>
         <run_address>0xee75</run_address>
         <size>0x60</size>
         <input_file_ref idref="fl-de"/>
      </object_component>
      <object_component id="oc-15a">
         <name>.debug_info</name>
         <load_address>0xeed5</load_address>
         <run_address>0xeed5</run_address>
         <size>0x46</size>
         <input_file_ref idref="fl-de"/>
      </object_component>
      <object_component id="oc-e8">
         <name>.debug_info</name>
         <load_address>0xef1b</load_address>
         <run_address>0xef1b</run_address>
         <size>0x39</size>
         <input_file_ref idref="fl-de"/>
      </object_component>
      <object_component id="oc-82">
         <name>.debug_info</name>
         <load_address>0xef54</load_address>
         <run_address>0xef54</run_address>
         <size>0x3b2</size>
         <input_file_ref idref="fl-df"/>
      </object_component>
      <object_component id="oc-25">
         <name>.debug_info</name>
         <load_address>0xf306</load_address>
         <run_address>0xf306</run_address>
         <size>0x10c</size>
         <input_file_ref idref="fl-df"/>
      </object_component>
      <object_component id="oc-381">
         <name>.debug_info</name>
         <load_address>0xf412</load_address>
         <run_address>0xf412</run_address>
         <size>0x13f</size>
         <input_file_ref idref="fl-df"/>
      </object_component>
      <object_component id="oc-2f1">
         <name>.debug_info</name>
         <load_address>0xf551</load_address>
         <run_address>0xf551</run_address>
         <size>0x168</size>
         <input_file_ref idref="fl-df"/>
      </object_component>
      <object_component id="oc-2f9">
         <name>.debug_info</name>
         <load_address>0xf6b9</load_address>
         <run_address>0xf6b9</run_address>
         <size>0x18e</size>
         <input_file_ref idref="fl-df"/>
      </object_component>
      <object_component id="oc-2ff">
         <name>.debug_info</name>
         <load_address>0xf847</load_address>
         <run_address>0xf847</run_address>
         <size>0x19f</size>
         <input_file_ref idref="fl-df"/>
      </object_component>
      <object_component id="oc-276">
         <name>.debug_info</name>
         <load_address>0xf9e6</load_address>
         <run_address>0xf9e6</run_address>
         <size>0x203</size>
         <input_file_ref idref="fl-df"/>
      </object_component>
      <object_component id="oc-3b7">
         <name>.debug_info</name>
         <load_address>0xfbe9</load_address>
         <run_address>0xfbe9</run_address>
         <size>0x1db</size>
         <input_file_ref idref="fl-df"/>
      </object_component>
      <object_component id="oc-26f">
         <name>.debug_info</name>
         <load_address>0xfdc4</load_address>
         <run_address>0xfdc4</run_address>
         <size>0x1a5</size>
         <input_file_ref idref="fl-df"/>
      </object_component>
      <object_component id="oc-37b">
         <name>.debug_info</name>
         <load_address>0xff69</load_address>
         <run_address>0xff69</run_address>
         <size>0x299</size>
         <input_file_ref idref="fl-df"/>
      </object_component>
      <object_component id="oc-11d">
         <name>.debug_info</name>
         <load_address>0x10202</load_address>
         <run_address>0x10202</run_address>
         <size>0xb2</size>
         <input_file_ref idref="fl-df"/>
      </object_component>
      <object_component id="oc-118">
         <name>.debug_info</name>
         <load_address>0x102b4</load_address>
         <run_address>0x102b4</run_address>
         <size>0x2c</size>
         <input_file_ref idref="fl-df"/>
      </object_component>
      <object_component id="oc-243">
         <name>.debug_info</name>
         <load_address>0x102e0</load_address>
         <run_address>0x102e0</run_address>
         <size>0x28f</size>
         <input_file_ref idref="fl-e0"/>
      </object_component>
      <object_component id="oc-1f4">
         <name>.debug_info</name>
         <load_address>0x1056f</load_address>
         <run_address>0x1056f</run_address>
         <size>0x245</size>
         <input_file_ref idref="fl-e0"/>
      </object_component>
      <object_component id="oc-28">
         <name>.debug_info</name>
         <load_address>0x107b4</load_address>
         <run_address>0x107b4</run_address>
         <size>0x10b</size>
         <input_file_ref idref="fl-e1"/>
      </object_component>
      <object_component id="oc-71">
         <name>.debug_info</name>
         <load_address>0x108bf</load_address>
         <run_address>0x108bf</run_address>
         <size>0x1a9</size>
         <input_file_ref idref="fl-e1"/>
      </object_component>
      <object_component id="oc-2df">
         <name>.debug_info</name>
         <load_address>0x10a68</load_address>
         <run_address>0x10a68</run_address>
         <size>0x590</size>
         <input_file_ref idref="fl-e2"/>
      </object_component>
      <object_component id="oc-2aa">
         <name>.debug_info</name>
         <load_address>0x10ff8</load_address>
         <run_address>0x10ff8</run_address>
         <size>0x21e</size>
         <input_file_ref idref="fl-e2"/>
      </object_component>
      <object_component id="oc-32d">
         <name>.debug_info</name>
         <load_address>0x11216</load_address>
         <run_address>0x11216</run_address>
         <size>0x1b3</size>
         <input_file_ref idref="fl-e2"/>
      </object_component>
      <object_component id="oc-333">
         <name>.debug_info</name>
         <load_address>0x113c9</load_address>
         <run_address>0x113c9</run_address>
         <size>0x21b</size>
         <input_file_ref idref="fl-e2"/>
      </object_component>
      <object_component id="oc-2b5">
         <name>.debug_info</name>
         <load_address>0x115e4</load_address>
         <run_address>0x115e4</run_address>
         <size>0x3c0</size>
         <input_file_ref idref="fl-e2"/>
      </object_component>
      <object_component id="oc-33a">
         <name>.debug_info</name>
         <load_address>0x119a4</load_address>
         <run_address>0x119a4</run_address>
         <size>0x30a</size>
         <input_file_ref idref="fl-e2"/>
      </object_component>
      <object_component id="oc-340">
         <name>.debug_info</name>
         <load_address>0x11cae</load_address>
         <run_address>0x11cae</run_address>
         <size>0x215</size>
         <input_file_ref idref="fl-e2"/>
      </object_component>
      <object_component id="oc-2bb">
         <name>.debug_info</name>
         <load_address>0x11ec3</load_address>
         <run_address>0x11ec3</run_address>
         <size>0x215</size>
         <input_file_ref idref="fl-e2"/>
      </object_component>
      <object_component id="oc-2c1">
         <name>.debug_info</name>
         <load_address>0x120d8</load_address>
         <run_address>0x120d8</run_address>
         <size>0x304</size>
         <input_file_ref idref="fl-e2"/>
      </object_component>
      <object_component id="oc-2c7">
         <name>.debug_info</name>
         <load_address>0x123dc</load_address>
         <run_address>0x123dc</run_address>
         <size>0x4b5</size>
         <input_file_ref idref="fl-e2"/>
      </object_component>
      <object_component id="oc-247">
         <name>.debug_info</name>
         <load_address>0x12891</load_address>
         <run_address>0x12891</run_address>
         <size>0x5f4</size>
         <input_file_ref idref="fl-e2"/>
      </object_component>
      <object_component id="oc-2e0">
         <name>.debug_info</name>
         <load_address>0x12e85</load_address>
         <run_address>0x12e85</run_address>
         <size>0x86</size>
         <input_file_ref idref="fl-e2"/>
      </object_component>
      <object_component id="oc-36f">
         <name>.debug_info</name>
         <load_address>0x12f0b</load_address>
         <run_address>0x12f0b</run_address>
         <size>0x39</size>
         <input_file_ref idref="fl-e2"/>
      </object_component>
      <object_component id="oc-3b0">
         <name>.debug_info</name>
         <load_address>0x12f44</load_address>
         <run_address>0x12f44</run_address>
         <size>0xb6</size>
         <input_file_ref idref="fl-e2"/>
      </object_component>
      <object_component id="oc-374">
         <name>.debug_info</name>
         <load_address>0x12ffa</load_address>
         <run_address>0x12ffa</run_address>
         <size>0x46</size>
         <input_file_ref idref="fl-e2"/>
      </object_component>
      <object_component id="oc-2e5">
         <name>.debug_info</name>
         <load_address>0x13040</load_address>
         <run_address>0x13040</run_address>
         <size>0x46</size>
         <input_file_ref idref="fl-e2"/>
      </object_component>
      <object_component id="oc-262">
         <name>.debug_info</name>
         <load_address>0x13086</load_address>
         <run_address>0x13086</run_address>
         <size>0x115</size>
         <input_file_ref idref="fl-e3"/>
      </object_component>
      <object_component id="oc-2b0">
         <name>.debug_info</name>
         <load_address>0x1319b</load_address>
         <run_address>0x1319b</run_address>
         <size>0x128</size>
         <input_file_ref idref="fl-e4"/>
      </object_component>
      <object_component id="oc-322">
         <name>.debug_info</name>
         <load_address>0x132c3</load_address>
         <run_address>0x132c3</run_address>
         <size>0x12a</size>
         <input_file_ref idref="fl-e4"/>
      </object_component>
      <object_component id="oc-31f">
         <name>.debug_info</name>
         <load_address>0x133ed</load_address>
         <run_address>0x133ed</run_address>
         <size>0x13a</size>
         <input_file_ref idref="fl-e5"/>
      </object_component>
      <object_component id="oc-228">
         <name>.debug_info</name>
         <load_address>0x13527</load_address>
         <run_address>0x13527</run_address>
         <size>0x4b3</size>
         <input_file_ref idref="fl-e6"/>
      </object_component>
      <object_component id="oc-1b0">
         <name>.debug_info</name>
         <load_address>0x139da</load_address>
         <run_address>0x139da</run_address>
         <size>0x1a6</size>
         <input_file_ref idref="fl-e6"/>
      </object_component>
      <object_component id="oc-290">
         <name>.debug_info</name>
         <load_address>0x13b80</load_address>
         <run_address>0x13b80</run_address>
         <size>0x39</size>
         <input_file_ref idref="fl-e6"/>
      </object_component>
      <object_component id="oc-309">
         <name>.debug_info</name>
         <load_address>0x13bb9</load_address>
         <run_address>0x13bb9</run_address>
         <size>0x39</size>
         <input_file_ref idref="fl-e6"/>
      </object_component>
      <object_component id="oc-295">
         <name>.debug_info</name>
         <load_address>0x13bf2</load_address>
         <run_address>0x13bf2</run_address>
         <size>0x39</size>
         <input_file_ref idref="fl-e6"/>
      </object_component>
      <object_component id="oc-29a">
         <name>.debug_info</name>
         <load_address>0x13c2b</load_address>
         <run_address>0x13c2b</run_address>
         <size>0xcd</size>
         <input_file_ref idref="fl-e6"/>
      </object_component>
      <object_component id="oc-100">
         <name>.debug_info</name>
         <load_address>0x13cf8</load_address>
         <run_address>0x13cf8</run_address>
         <size>0x153</size>
         <input_file_ref idref="fl-e7"/>
      </object_component>
      <object_component id="oc-1a4">
         <name>.debug_info</name>
         <load_address>0x13e4b</load_address>
         <run_address>0x13e4b</run_address>
         <size>0x122</size>
         <input_file_ref idref="fl-e9"/>
      </object_component>
      <object_component id="oc-28a">
         <name>.debug_info</name>
         <load_address>0x13f6d</load_address>
         <run_address>0x13f6d</run_address>
         <size>0x2c9</size>
         <input_file_ref idref="fl-ea"/>
      </object_component>
      <object_component id="oc-222">
         <name>.debug_info</name>
         <load_address>0x14236</load_address>
         <run_address>0x14236</run_address>
         <size>0x11e</size>
         <input_file_ref idref="fl-ea"/>
      </object_component>
      <object_component id="oc-283">
         <name>.debug_info</name>
         <load_address>0x14354</load_address>
         <run_address>0x14354</run_address>
         <size>0x12e</size>
         <input_file_ref idref="fl-ea"/>
      </object_component>
      <object_component id="oc-38d">
         <name>.debug_info</name>
         <load_address>0x14482</load_address>
         <run_address>0x14482</run_address>
         <size>0x29c</size>
         <input_file_ref idref="fl-eb"/>
      </object_component>
      <object_component id="oc-329">
         <name>.debug_info</name>
         <load_address>0x1471e</load_address>
         <run_address>0x1471e</run_address>
         <size>0x1da</size>
         <input_file_ref idref="fl-eb"/>
      </object_component>
      <object_component id="oc-319">
         <name>.debug_info</name>
         <load_address>0x148f8</load_address>
         <run_address>0x148f8</run_address>
         <size>0x2b9</size>
         <input_file_ref idref="fl-ed"/>
      </object_component>
      <object_component id="oc-2a4">
         <name>.debug_info</name>
         <load_address>0x14bb1</load_address>
         <run_address>0x14bb1</run_address>
         <size>0x17c</size>
         <input_file_ref idref="fl-ed"/>
      </object_component>
      <object_component id="oc-387">
         <name>.debug_info</name>
         <load_address>0x14d2d</load_address>
         <run_address>0x14d2d</run_address>
         <size>0xf9</size>
         <input_file_ref idref="fl-ee"/>
      </object_component>
      <object_component id="oc-316">
         <name>.debug_info</name>
         <load_address>0x14e26</load_address>
         <run_address>0x14e26</run_address>
         <size>0x105</size>
         <input_file_ref idref="fl-ee"/>
      </object_component>
      <object_component id="oc-35b">
         <name>.debug_info</name>
         <load_address>0x14f2b</load_address>
         <run_address>0x14f2b</run_address>
         <size>0x2a7</size>
         <input_file_ref idref="fl-ef"/>
      </object_component>
      <object_component id="oc-2d0">
         <name>.debug_info</name>
         <load_address>0x151d2</load_address>
         <run_address>0x151d2</run_address>
         <size>0x1b8</size>
         <input_file_ref idref="fl-ef"/>
      </object_component>
      <object_component id="oc-3a2">
         <name>.debug_info</name>
         <load_address>0x1538a</load_address>
         <run_address>0x1538a</run_address>
         <size>0x29a</size>
         <input_file_ref idref="fl-f0"/>
      </object_component>
      <object_component id="oc-357">
         <name>.debug_info</name>
         <load_address>0x15624</load_address>
         <run_address>0x15624</run_address>
         <size>0x262</size>
         <input_file_ref idref="fl-f0"/>
      </object_component>
      <object_component id="oc-367">
         <name>.debug_info</name>
         <load_address>0x15886</load_address>
         <run_address>0x15886</run_address>
         <size>0x289</size>
         <input_file_ref idref="fl-f1"/>
      </object_component>
      <object_component id="oc-364">
         <name>.debug_info</name>
         <load_address>0x15b0f</load_address>
         <run_address>0x15b0f</run_address>
         <size>0x10e</size>
         <input_file_ref idref="fl-f1"/>
      </object_component>
      <object_component id="oc-2dc">
         <name>.debug_info</name>
         <load_address>0x15c1d</load_address>
         <run_address>0x15c1d</run_address>
         <size>0x14e</size>
         <input_file_ref idref="fl-f1"/>
      </object_component>
      <object_component id="oc-393">
         <name>.debug_info</name>
         <load_address>0x15d6b</load_address>
         <run_address>0x15d6b</run_address>
         <size>0x295</size>
         <input_file_ref idref="fl-f2"/>
      </object_component>
      <object_component id="oc-34a">
         <name>.debug_info</name>
         <load_address>0x16000</load_address>
         <run_address>0x16000</run_address>
         <size>0x195</size>
         <input_file_ref idref="fl-f2"/>
      </object_component>
      <object_component id="oc-3c4">
         <name>.debug_info</name>
         <load_address>0x16195</load_address>
         <run_address>0x16195</run_address>
         <size>0x39</size>
         <input_file_ref idref="fl-f2"/>
      </object_component>
      <object_component id="oc-394">
         <name>.debug_info</name>
         <load_address>0x161ce</load_address>
         <run_address>0x161ce</run_address>
         <size>0x2c</size>
         <input_file_ref idref="fl-f2"/>
      </object_component>
      <object_component id="oc-3a0">
         <name>.debug_info</name>
         <load_address>0x161fa</load_address>
         <run_address>0x161fa</run_address>
         <size>0x2f8</size>
         <input_file_ref idref="fl-f3"/>
      </object_component>
      <object_component id="oc-34f">
         <name>.debug_info</name>
         <load_address>0x164f2</load_address>
         <run_address>0x164f2</run_address>
         <size>0x225</size>
         <input_file_ref idref="fl-f3"/>
      </object_component>
      <object_component id="oc-39b">
         <name>.debug_info</name>
         <load_address>0x16717</load_address>
         <run_address>0x16717</run_address>
         <size>0x161</size>
         <input_file_ref idref="fl-f4"/>
      </object_component>
      <object_component id="oc-362">
         <name>.debug_info</name>
         <load_address>0x16878</load_address>
         <run_address>0x16878</run_address>
         <size>0x28f</size>
         <input_file_ref idref="fl-f5"/>
      </object_component>
      <object_component id="oc-2d5">
         <name>.debug_info</name>
         <load_address>0x16b07</load_address>
         <run_address>0x16b07</run_address>
         <size>0x15a</size>
         <input_file_ref idref="fl-f5"/>
      </object_component>
      <object_component id="oc-3a5">
         <name>.debug_info</name>
         <load_address>0x16c61</load_address>
         <run_address>0x16c61</run_address>
         <size>0x46</size>
         <input_file_ref idref="fl-f5"/>
      </object_component>
      <object_component id="oc-35d">
         <name>.debug_info</name>
         <load_address>0x16ca7</load_address>
         <run_address>0x16ca7</run_address>
         <size>0x39</size>
         <input_file_ref idref="fl-f5"/>
      </object_component>
      <object_component id="oc-3ff">
[...]
      </symbol>
      <symbol id="sm-2f5">
         <name>uart_7_tx</name>
         <value>0x4695</value>
         <object_component_ref idref="oc-c7"/>
      </symbol>
      <symbol id="sm-2f6">
         <name>uart_7_init</name>
         <value>0x45a5</value>
         <object_component_ref idref="oc-c7"/>
      </symbol>
      <symbol id="sm-2f7">
         <name>uart_7_tx_str</name>
         <value>0x46b1</value>
         <object_component_ref idref="oc-c7"/>
      </symbol>
      <symbol id="sm-2f8">
         <name>uart_7_rx_str</name>
         <value>0x46e3</value>
         <object_component_ref idref="oc-c7"/>
      </symbol>
      <symbol id="sm-2f9">
         <name>uart_7_tx_hex</name>
         <value>0x4605</value>
         <object_component_ref idref="oc-c7"/>
      </symbol>
      <symbol id="sm-304">
         <name>asm_rst</name>
         <value>0x5ba1</value>
         <object_component_ref idref="oc-1e7"/>
      </symbol>
      <symbol id="sm-330">
         <name>Cmd_Button</name>
         <value>0x28c1</value>
         <object_component_ref idref="oc-211"/>
      </symbol>
      <symbol id="sm-331">
         <name>Cmd_AnimDraw</name>
         <value>0x2bcf</value>
         <object_component_ref idref="oc-211"/>
      </symbol>
      <symbol id="sm-332">
         <name>Cmd_Spinner</name>
         <value>0x271d</value>
         <object_component_ref idref="oc-211"/>
      </symbol>
      <symbol id="sm-333">
         <name>Cmd_Track</name>
         <value>0x27f3</value>
         <object_component_ref idref="oc-211"/>
      </symbol>
      <symbol id="sm-334">
         <name>Cmd_Translate</name>
         <value>0x2ae5</value>
         <object_component_ref idref="oc-211"/>
      </symbol>
      <symbol id="sm-335">
         <name>Cmd_Dial</name>
         <value>0x27af</value>
         <object_component_ref idref="oc-211"/>
      </symbol>
      <symbol id="sm-336">
         <name>Cmd_AnimXY</name>
         <value>0x2ba3</value>
         <object_component_ref idref="oc-211"/>
      </symbol>
      <symbol id="sm-337">
         <name>Cmd_Memcpy</name>
         <value>0x2a73</value>
         <object_component_ref idref="oc-211"/>
      </symbol>
      <symbol id="sm-338">
         <name>Cmd_Flash_Fast</name>
         <value>0x2b45</value>
         <object_component_ref idref="oc-211"/>
      </symbol>
      <symbol id="sm-339">
         <name>Cmd_AnimDrawFrame</name>
         <value>0x2be3</value>
         <object_component_ref idref="oc-211"/>
      </symbol>
      <symbol id="sm-33a">
         <name>Cmd_GetPtr</name>
         <value>0x2a97</value>
         <object_component_ref idref="oc-211"/>
      </symbol>
      <symbol id="sm-33b">
         <name>Cmd_Gradient</name>
         <value>0x2879</value>
         <object_component_ref idref="oc-211"/>
      </symbol>
      <symbol id="sm-33c">
         <name>Cmd_SetBitmap</name>
         <value>0x2a3b</value>
         <object_component_ref idref="oc-211"/>
      </symbol>
      <symbol id="sm-33d">
         <name>Cmd_Calibrate</name>
         <value>0x2b57</value>
         <object_component_ref idref="oc-211"/>
      </symbol>
      <symbol id="sm-33e">
         <name>Cmd_Scale</name>
         <value>0x2b29</value>
         <object_component_ref idref="oc-211"/>
      </symbol>
      <symbol id="sm-33f">
         <name>Cmd_BGcolor</name>
         <value>0x2ad1</value>
         <object_component_ref idref="oc-211"/>
      </symbol>
      <symbol id="sm-340">
         <name>Cmd_Number</name>
         <value>0x2837</value>
         <object_component_ref idref="oc-211"/>
      </symbol>
      <symbol id="sm-341">
         <name>Cmd_Slider</name>
         <value>0x26cd</value>
         <object_component_ref idref="oc-211"/>
      </symbol>
      <symbol id="sm-342">
         <name>Cmd_Gauge</name>
         <value>0x2759</value>
         <object_component_ref idref="oc-211"/>
      </symbol>
      <symbol id="sm-343">
         <name>Cmd_GradientColor</name>
         <value>0x2aa9</value>
         <object_component_ref idref="oc-211"/>
      </symbol>
      <symbol id="sm-344">
         <name>Cmd_SetRotate</name>
         <value>0x2b15</value>
         <object_component_ref idref="oc-211"/>
      </symbol>
      <symbol id="sm-345">
         <name>Cmd_Rotate</name>
         <value>0x2b01</value>
         <object_component_ref idref="oc-211"/>
      </symbol>
      <symbol id="sm-346">
         <name>Cmd_AnimStop</name>
         <value>0x2b8f</value>
         <object_component_ref idref="oc-211"/>
      </symbol>
      <symbol id="sm-347">
         <name>Cmd_FGcolor</name>
         <value>0x2abd</value>
         <object_component_ref idref="oc-211"/>
      </symbol>
      <symbol id="sm-348">
         <name>Cmd_AnimStart</name>
         <value>0x2b6b</value>
         <object_component_ref idref="oc-211"/>
      </symbol>
      <symbol id="sm-3bb">
         <name>Calibrate_Manual</name>
         <value>0x929</value>
         <object_component_ref idref="oc-18d"/>
      </symbol>
      <symbol id="sm-3bc">
         <name>Wait4CoProFIFOEmpty</name>
         <value>0x83f</value>
         <object_component_ref idref="oc-18d"/>
      </symbol>
      <symbol id="sm-3bd">
         <name>Wait4CoProFIFO</name>
         <value>0x4e9</value>
         <object_component_ref idref="oc-18d"/>
      </symbol>
      <symbol id="sm-3be">
         <name>Cmd_Text</name>
         <value>0x611</value>
         <object_component_ref idref="oc-18d"/>
      </symbol>
      <symbol id="sm-3bf">
         <name>ClearScreen</name>
         <value>0x809</value>
         <object_component_ref idref="oc-18d"/>
      </symbol>
      <symbol id="sm-3c0">
         <name>Cap_Touch_Upload</name>
         <value>0x3c1</value>
         <object_component_ref idref="oc-18d"/>
      </symbol>
      <symbol id="sm-3c1">
         <name>CoProFIFO_FreeSpace</name>
         <value>0x4a3</value>
         <object_component_ref idref="oc-18d"/>
      </symbol>
      <symbol id="sm-3c2">
         <name>MakeScreen_MatrixOrbital</name>
         <value>0x785</value>
         <object_component_ref idref="oc-18d"/>
      </symbol>
      <symbol id="sm-3c3">
         <name>FT81x_Init</name>
         <value>0x26d</value>
         <object_component_ref idref="oc-18d"/>
      </symbol>
      <symbol id="sm-3c4">
         <name>CoProWrCmdBuf</name>
         <value>0x41d</value>
         <object_component_ref idref="oc-18d"/>
      </symbol>
      <symbol id="sm-3c5">
         <name>UpdateFIFO</name>
         <value>0x771</value>
         <object_component_ref idref="oc-18d"/>
      </symbol>
      <symbol id="sm-3c6">
         <name>Send_CMD</name>
         <value>0x553</value>
         <object_component_ref idref="oc-18d"/>
      </symbol>
      <symbol id="sm-3c7">
         <name>Calibrate</name>
         <value>0xd79</value>
         <object_component_ref idref="oc-18d"/>
      </symbol>
      <symbol id="sm-3c8">
         <name>StartCoProTransfer</name>
         <value>0x501</value>
         <object_component_ref idref="oc-18d"/>
      </symbol>
      <symbol id="sm-416">
         <name>hongButton</name>
         <value>0x20ab</value>
         <object_component_ref idref="oc-193"/>
      </symbol>
      <symbol id="sm-417">
         <name>hongCalibrate</name>
         <value>0x2063</value>
         <object_component_ref idref="oc-193"/>
      </symbol>
      <symbol id="sm-418">
         <name>display_fuel_reset</name>
         <value>0x2429</value>
         <object_component_ref idref="oc-193"/>
      </symbol>
      <symbol id="sm-419">
         <name>display_accel_trans_rpm</name>
         <value>0x21e1</value>
         <object_component_ref idref="oc-193"/>
      </symbol>
      <symbol id="sm-41a">
         <name>calibrate_once</name>
         <value>0x2029</value>
         <object_component_ref idref="oc-193"/>
      </symbol>
      <symbol id="sm-41b">
         <name>display_fuel</name>
         <value>0x22d9</value>
         <object_component_ref idref="oc-193"/>
      </symbol>
      <symbol id="sm-41c">
         <name>make_gauge</name>
         <value>0x2107</value>
         <object_component_ref idref="oc-193"/>
      </symbol>
      <symbol id="sm-41d">
         <name>make_character</name>
         <value>0x215b</value>
         <object_component_ref idref="oc-193"/>
      </symbol>
      <symbol id="sm-41e">
         <name>display_reset_choice</name>
         <value>0x256d</value>
         <object_component_ref idref="oc-193"/>
      </symbol>
      <symbol id="sm-473">
         <name>timer2_handler</name>
         <value>0x3a83</value>
         <object_component_ref idref="oc-36"/>
      </symbol>
      <symbol id="sm-474">
         <name>Timer2_init</name>
         <value>0x38b9</value>
         <object_component_ref idref="oc-36"/>
      </symbol>
      <symbol id="sm-475">
         <name>Timer0_init</name>
         <value>0x3859</value>
         <object_component_ref idref="oc-36"/>
      </symbol>
      <symbol id="sm-476">
         <name>timer0_handler</name>
         <value>0x3933</value>
         <object_component_ref idref="oc-36"/>
      </symbol>
      <symbol id="sm-477">
         <name>Timer2_disable</name>
         <value>0x391f</value>
         <object_component_ref idref="oc-36"/>
      </symbol>
      <symbol id="sm-478">
         <name>Timer0_disable</name>
         <value>0x3913</value>
         <object_component_ref idref="oc-36"/>
      </symbol>
      <symbol id="sm-479">
         <name>sec0</name>
         <value>0x200004ec</value>
         <object_component_ref idref="oc-d2"/>
      </symbol>
      <symbol id="sm-47a">
         <name>Timer0_clear_irq</name>
         <value>0x392b</value>
         <object_component_ref idref="oc-36"/>
      </symbol>
      <symbol id="sm-4a1">
         <name>sprintf</name>
         <value>0x5965</value>
         <object_component_ref idref="oc-1fa"/>
      </symbol>
      <symbol id="sm-4b8">
         <name>__aeabi_dsub</name>
         <value>0x4239</value>
         <object_component_ref idref="oc-8c"/>
      </symbol>
      <symbol id="sm-4b9">
         <name>__aeabi_dadd</name>
         <value>0x4243</value>
         <object_component_ref idref="oc-8c"/>
      </symbol>
      <symbol id="sm-4c4">
         <name>__aeabi_dmul</name>
         <value>0x4fa5</value>
         <object_component_ref idref="oc-91"/>
      </symbol>
      <symbol id="sm-4ce">
         <name>__aeabi_d2iz</name>
         <value>0x5851</value>
         <object_component_ref idref="oc-96"/>
      </symbol>
      <symbol id="sm-4d8">
         <name>__aeabi_d2uiz</name>
         <value>0x58dd</value>
         <object_component_ref idref="oc-205"/>
      </symbol>
      <symbol id="sm-4e2">
         <name>__aeabi_i2d</name>
         <value>0x5a51</value>
         <object_component_ref idref="oc-87"/>
      </symbol>
      <symbol id="sm-4fd">
         <name>memcpy</name>
         <value>0x5237</value>
         <object_component_ref idref="oc-50"/>
      </symbol>
      <symbol id="sm-4fe">
         <name>__aeabi_memcpy</name>
         <value>0x5237</value>
         <object_component_ref idref="oc-50"/>
      </symbol>
      <symbol id="sm-4ff">
         <name>__aeabi_memcpy8</name>
         <value>0x5237</value>
         <object_component_ref idref="oc-50"/>
      </symbol>
      <symbol id="sm-500">
         <name>__aeabi_memcpy4</name>
         <value>0x5237</value>
         <object_component_ref idref="oc-50"/>
      </symbol>
      <symbol id="sm-50a">
         <name>__aeabi_ui2d</name>
         <value>0x5ad1</value>
         <object_component_ref idref="oc-200"/>
      </symbol>
      <symbol id="sm-519">
         <name>__aeabi_memset</name>
         <value>0x5477</value>
         <object_component_ref idref="oc-a1"/>
      </symbol>
      <symbol id="sm-51a">
         <name>memset</name>
         <value>0x547d</value>
         <object_component_ref idref="oc-a1"/>
      </symbol>
      <symbol id="sm-51b">
         <name>__aeabi_memset8</name>
         <value>0x5477</value>
         <object_component_ref idref="oc-a1"/>
      </symbol>
      <symbol id="sm-51c">
         <name>__aeabi_memset4</name>
         <value>0x5477</value>
         <object_component_ref idref="oc-a1"/>
      </symbol>
      <symbol id="sm-51d">
         <name>__aeabi_memclr8</name>
         <value>0x5475</value>
         <object_component_ref idref="oc-a1"/>
      </symbol>
      <symbol id="sm-51e">
         <name>__aeabi_memclr4</name>
         <value>0x5475</value>
         <object_component_ref idref="oc-a1"/>
      </symbol>
      <symbol id="sm-51f">
         <name>__aeabi_memclr</name>
         <value>0x5475</value>
         <object_component_ref idref="oc-a1"/>
      </symbol>
      <symbol id="sm-52d">
         <name>__aeabi_ldivmod</name>
         <value>0x55cf</value>
         <object_component_ref idref="oc-20a"/>
      </symbol>
      <symbol id="sm-53a">
         <name>__aeabi_uldivmod</name>
         <value>0x52d3</value>
         <object_component_ref idref="oc-266"/>
      </symbol>
      <symbol id="sm-553">
         <name>__TI_zero_init_nomemset</name>
         <value>0x5af1</value>
         <object_component_ref idref="oc-5c"/>
      </symbol>
      <symbol id="sm-56a">
         <name>__TI_decompress_none</name>
         <value>0x5bc5</value>
         <object_component_ref idref="oc-1b"/>
      </symbol>
      <symbol id="sm-58d">
         <name>__TI_decompress_lzss</name>
         <value>0x563d</value>
         <object_component_ref idref="oc-15"/>
      </symbol>
      <symbol id="sm-622">
         <name>_sys_memory</name>
         <value>0x20000560</value>
         <object_component_ref idref="oc-24"/>
      </symbol>
      <symbol id="sm-623">
         <name>free</name>
         <value>0x50a1</value>
         <object_component_ref idref="oc-274"/>
      </symbol>
      <symbol id="sm-624">
         <name>memalign</name>
         <value>0x4ea5</value>
         <object_component_ref idref="oc-379"/>
      </symbol>
      <symbol id="sm-625">
         <name>calloc</name>
         <value>0x59e5</value>
         <object_component_ref idref="oc-26e"/>
      </symbol>
      <symbol id="sm-626">
         <name>malloc</name>
         <value>0x5bf1</value>
         <object_component_ref idref="oc-2f0"/>
      </symbol>
      <symbol id="sm-627">
         <name>aligned_alloc</name>
         <value>0x4ea5</value>
         <object_component_ref idref="oc-379"/>
      </symbol>
      <symbol id="sm-635">
         <name>strlen</name>
         <value>0x5b8d</value>
         <object_component_ref idref="oc-1f1"/>
      </symbol>
      <symbol id="sm-648">
         <name>__stack</name>
         <value>0x20000000</value>
         <object_component_ref idref="oc-27"/>
      </symbol>
      <symbol id="sm-649">
         <name>_c_int00_noargs</name>
         <value>0x5a1d</value>
         <object_component_ref idref="oc-6e"/>
      </symbol>
      <symbol id="sm-7ae">
         <name>__TI_printfi</name>
         <value>0xdb5</value>
         <object_component_ref idref="oc-246"/>
      </symbol>
      <symbol id="sm-7b8">
         <name>__aeabi_idiv0</name>
         <value>0x2c17</value>
         <object_component_ref idref="oc-261"/>
      </symbol>
      <symbol id="sm-7b9">
         <name>__aeabi_ldiv0</name>
         <value>0x2c17</value>
         <object_component_ref idref="oc-261"/>
      </symbol>
      <symbol id="sm-7db">
         <name>__aeabi_cdcmpeq</name>
         <value>0x5369</value>
         <object_component_ref idref="oc-2af"/>
      </symbol>
      <symbol id="sm-7dc">
         <name>__aeabi_cdcmple</name>
         <value>0x5369</value>
         <object_component_ref idref="oc-2af"/>
      </symbol>
      <symbol id="sm-7dd">
         <name>__aeabi_cdrcmple</name>
         <value>0x53ef</value>
         <object_component_ref idref="oc-321"/>
      </symbol>
      <symbol id="sm-7f1">
         <name>__aeabi_ddiv</name>
         <value>0x4b39</value>
         <object_component_ref idref="oc-31c"/>
      </symbol>
      <symbol id="sm-819">
         <name>__TI_auto_init_nobinit_nopinit</name>
         <value>0x5899</value>
         <object_component_ref idref="oc-1af"/>
      </symbol>
      <symbol id="sm-823">
         <name>_system_pre_init</name>
         <value>0x5bf9</value>
         <object_component_ref idref="oc-fe"/>
      </symbol>
      <symbol id="sm-82f">
         <name>C$$EXIT</name>
         <value>0x5bfd</value>
         <object_component_ref idref="oc-1a3"/>
      </symbol>
      <symbol id="sm-830">
         <name>abort</name>
         <value>0x5bfd</value>
         <object_component_ref idref="oc-1a3"/>
      </symbol>
      <symbol id="sm-845">
         <name>_nop</name>
         <value>0x1803</value>
         <object_component_ref idref="oc-282"/>
      </symbol>
      <symbol id="sm-846">
         <name>_lock</name>
         <value>0x200004c8</value>
         <object_component_ref idref="oc-221"/>
      </symbol>
      <symbol id="sm-847">
         <name>_unlock</name>
         <value>0x200004cc</value>
         <object_component_ref idref="oc-221"/>
      </symbol>
      <symbol id="sm-856">
         <name>__TI_ltoa</name>
         <value>0x575f</value>
         <object_component_ref idref="oc-326"/>
      </symbol>
      <symbol id="sm-86d">
         <name>atoi</name>
         <value>0x5805</value>
         <object_component_ref idref="oc-2a3"/>
      </symbol>
      <symbol id="sm-878">
         <name>_ctypes_</name>
         <value>0x5c00</value>
         <object_component_ref idref="oc-315"/>
      </symbol>
      <symbol id="sm-888">
         <name>memccpy</name>
         <value>0x5b29</value>
         <object_component_ref idref="oc-2cc"/>
      </symbol>
      <symbol id="sm-898">
         <name>strchr</name>
         <value>0x5b77</value>
         <object_component_ref idref="oc-353"/>
      </symbol>
      <symbol id="sm-8ae">
         <name>__aeabi_errno_addr</name>
         <value>0x5be9</value>
         <object_component_ref idref="oc-2d8"/>
      </symbol>
      <symbol id="sm-8af">
         <name>errno</name>
         <value>0x200004e8</value>
         <object_component_ref idref="oc-363"/>
      </symbol>
      <symbol id="sm-8cf">
         <name>frexpl</name>
         <value>0x56a5</value>
         <object_component_ref idref="oc-347"/>
      </symbol>
      <symbol id="sm-8d0">
         <name>frexp</name>
         <value>0x56a5</value>
         <object_component_ref idref="oc-347"/>
      </symbol>
      <symbol id="sm-8ed">
         <name>scalbn</name>
         <value>0x4d95</value>
         <object_component_ref idref="oc-34d"/>
      </symbol>
      <symbol id="sm-8ee">
         <name>scalbnl</name>
         <value>0x4d95</value>
         <object_component_ref idref="oc-34d"/>
      </symbol>
      <symbol id="sm-8ef">
         <name>ldexpl</name>
         <value>0x4d95</value>
         <object_component_ref idref="oc-34d"/>
      </symbol>
      <symbol id="sm-8f0">
         <name>ldexp</name>
         <value>0x4d95</value>
         <object_component_ref idref="oc-34d"/>
      </symbol>
      <symbol id="sm-8fa">
         <name>copysign</name>
         <value>0x5b45</value>
         <object_component_ref idref="oc-399"/>
      </symbol>
      <symbol id="sm-8fb">
         <name>copysignl</name>
         <value>0x5b45</value>
         <object_component_ref idref="oc-399"/>
      </symbol>
      <symbol id="sm-914">
         <name>wcslen</name>
         <value>0x5bb3</value>
         <object_component_ref idref="oc-2d2"/>
      </symbol>
      <symbol id="sm-915">
         <name>__TI_static_base__</name>
         <value>0x0</value>
      </symbol>
      <symbol id="sm-918">
         <name>__mpu_init</name>
         <value>0x0</value>
      </symbol>
      <symbol id="sm-919">
         <name>_system_post_cinit</name>
         <value>0x0</value>
      </symbol>
   </symbol_table>
   <title>Link successful</title>
</link_info>
