******************************************************************************
                  TI ARM Linker PC v20.2.6                     
******************************************************************************
>> Linked Fri Sep 16 18:53:02 2022

OUTPUT FILE NAME:   <220128CAN.out>
ENTRY POINT SYMBOL: "_c_int00_noargs"  address: 00005951


MEMORY CONFIGURATION

         name            origin    length      used     unused   attr    fill
----------------------  --------  ---------  --------  --------  ----  --------
  FLASH                 00000000   00040000  00005c7d  0003a383  R  X
  SRAM                  20000000   00008000  0000057e  00007a82  RW X


SEGMENT ALLOCATION MAP

run origin  load origin   length   init length attrs members
----------  ----------- ---------- ----------- ----- -------
00000000    00000000    00005c80   00005c80    r-x
  00000000    00000000    0000026c   0000026c    r-- .intvecs
  0000026c    0000026c    000058c8   000058c8    r-x .text
  00005b34    00005b34    00000101   00000101    r-- .const
  00005c38    00005c38    00000048   00000048    r-- .cinit
20000000    20000000    00000588   00000000    rw-
  20000000    20000000    00000400   00000000    rw- .stack
  20000400    20000400    000000fa   00000000    rw- .data
  20000500    20000500    00000074   00000000    rw- .bss
  20000578    20000578    00000010   00000000    rw- .sysmem


SECTION ALLOCATION MAP

 output                                  attributes/
section   page    origin      length       input sections
--------  ----  ----------  ----------   ----------------
.intvecs   0    00000000    0000026c     
                  00000000    0000026c     tm4c123gh6pm_startup_ccs.obj (.intvecs)

.text      0    0000026c    000058c8     
                  0000026c    00000b48     eve2_lib.obj (.text)
                  00000db4    00000a4e     rtsv7M4_T_le_v4SPD16_eabi.lib : _printfi.c.obj (.text:__TI_printfi)
                  00001802    00000002                                   : _lock.c.obj (.text:_nop)
                  00001804    000009a4     FlashtoRAMtest.obj (.text)
                  000021a8    000006a4     my_eve2_lib.obj (.text)
                  0000284c    0000054a     eve2_display_lib.obj (.text)
                  00002d96    00000002     rtsv7M4_T_le_v4SPD16_eabi.lib : div0.asm.obj (.text)
                  00002d98    000004c4     capstone_application.obj (.text)
                  0000325c    000003a2     FT81X_LCD.obj (.text)
                  000035fe    00000002     --HOLE-- [fill = 0]
                  00003600    000002c4     Can_init.obj (.text)
                  000038c4    00000270     rtsv7M4_T_le_v4SPD16_eabi.lib : _printfi.c.obj (.text:_pconv_a)
                  00003b34    00000258     timer.obj (.text)
                  00003d8c    00000210     Spi_lcd.obj (.text)
                  00003f9c    000001d0     rtsv7M4_T_le_v4SPD16_eabi.lib : _printfi.c.obj (.text:_pconv_g)
                  0000416c    000001b6                                   : fd_add_t2.asm.obj (.text)
                  00004322    00000002     --HOLE-- [fill = 0]
                  00004324    000001b4     Flash_memory.obj (.text)
                  000044d8    000001b0     Uart7.obj (.text)
                  00004688    00000168     Gpio_led.obj (.text)
                  000047f0    00000140     Hibernation.obj (.text)
                  00004930    0000013c     rtsv7M4_T_le_v4SPD16_eabi.lib : _printfi.c.obj (.text:_pconv_e)
                  00004a6c    00000136                                   : fd_div_t2.asm.obj (.text)
                  00004ba2    00000002     --HOLE-- [fill = 0]
                  00004ba4    00000124                                   : _printfi.c.obj (.text:fcvt)
                  00004cc8    00000110                                   : s_scalbn.c.obj (.text:scalbn)
                  00004dd8    00000100                                   : memory.c.obj (.text:aligned_alloc)
                  00004ed8    000000fc                                   : fd_mul_t2.asm.obj (.text)
                  00004fd4    000000e4                                   : memory.c.obj (.text:free)
                  000050b8    000000b1                                   : _printfi.c.obj (.text:_ltostr)
                  00005169    00000001     --HOLE-- [fill = 0]
                  0000516a    0000009c                                   : memcpy_t2.asm.obj (.text)
                  00005206    00000096                                   : ull_div_t2.asm.obj (.text)
                  0000529c    00000086                                   : fd_cmp_t2.asm.obj (.text:__aeabi_cdcmple)
                  00005322    00000086                                   : fd_cmp_t2.asm.obj (.text:__aeabi_cdrcmple)
                  000053a8    0000007a                                   : memset_t2.asm.obj (.text)
                  00005422    00000002     --HOLE-- [fill = 0]
                  00005424    00000070                                   : memory.c.obj (.text:split)
                  00005494    0000006e                                   : _printfi.c.obj (.text:_mcpy)
                  00005502    0000006e                                   : ll_div_t2.asm.obj (.text)
                  00005570    00000068                                   : copy_decompress_lzss.c.obj (.text:decompress:lzss:__TI_decompress_lzss)
                  000055d8    00000064                                   : s_frexp.c.obj (.text:frexp)
                  0000563c    00000056                                   : _printfi.c.obj (.text:_pconv_f)
                  00005692    00000054                                   : _ltoa.c.obj (.text:__TI_ltoa)
                  000056e6    00000052                                   : _printfi.c.obj (.text:_ecpy)
                  00005738    0000004c                                   : atoi.c.obj (.text:atoi)
                  00005784    00000048                                   : fd_toi_t2.asm.obj (.text)
                  000057cc    00000044                                   : autoinit.c.obj (.text:__TI_auto_init_nobinit_nopinit:__TI_auto_init_nobinit_nopinit)
                  00005810    00000044                                   : fd_tou_t2.asm.obj (.text)
                  00005854    00000042     Delay.obj (.text)
                  00005896    00000002     --HOLE-- [fill = 0]
                  00005898    00000040     rtsv7M4_T_le_v4SPD16_eabi.lib : sprintf.c.obj (.text:sprintf)
                  000058d8    0000003e                                   : _printfi.c.obj (.text:_fcpy)
                  00005916    00000002     --HOLE-- [fill = 0]
                  00005918    00000038                                   : memory.c.obj (.text:calloc)
                  00005950    00000034                                   : boot_cortex_m.c.obj (.text:_c_int00_noargs:_c_int00_noargs)
                  00005984    0000002e                                   : i_tofd_t2.asm.obj (.text)
                  000059b2    00000002     --HOLE-- [fill = 0]
                  000059b4    00000028     Sysctl_clk.obj (.text)
                  000059dc    00000028     rtsv7M4_T_le_v4SPD16_eabi.lib : memory.c.obj (.text:free_list_insert)
                  00005a04    00000020                                   : u_tofd_t2.asm.obj (.text)
                  00005a24    0000001c                                   : copy_zero_init.c.obj (.text:decompress:ZI:__TI_zero_init_nomemset:__TI_zero_init_nomemset)
                  00005a40    0000001c                                   : memory.c.obj (.text:free_list_remove)
                  00005a5c    0000001c                                   : memccpy.c.obj (.text:memccpy)
                  00005a78    0000001a                                   : s_copysign.c.obj (.text:copysign)
                  00005a92    00000018                                   : sprintf.c.obj (.text:_outs)
                  00005aaa    00000016                                   : strchr.c.obj (.text:strchr)
                  00005ac0    00000014                                   : strlen.c.obj (.text:strlen)
                  00005ad4    00000012     asm.obj (.text)
                  00005ae6    00000012     rtsv7M4_T_le_v4SPD16_eabi.lib : wcslen.c.obj (.text:wcslen)
                  00005af8    0000000e                                   : copy_decompress_none.c.obj (.text:decompress:none:__TI_decompress_none)
                  00005b06    0000000c     tm4c123gh6pm_startup_ccs.obj (.text)
                  00005b12    0000000a     rtsv7M4_T_le_v4SPD16_eabi.lib : sprintf.c.obj (.text:_outc)
                  00005b1c    00000008                                   : errno.c.obj (.text:__aeabi_errno_addr)
                  00005b24    00000008                                   : memory.c.obj (.text:malloc)
                  00005b2c    00000004                                   : pre_init.c.obj (.text:_system_pre_init)
                  00005b30    00000004                                   : exit.c.obj (.text:abort:abort)

.const     0    00005b34    00000101     
                  00005b34    00000101     rtsv7M4_T_le_v4SPD16_eabi.lib : ctype.c.obj (.const:.string:_ctypes_)

.cinit     0    00005c38    00000048     
                  00005c38    00000022     (.cinit..data.load) [load image, compression = lzss]
                  00005c5a    00000002     --HOLE-- [fill = 0]
                  00005c5c    0000000c     (__TI_handler_table)
                  00005c68    00000008     (.cinit..bss.load) [load image, compression = zero_init]
                  00005c70    00000010     (__TI_cinit_table)

.init_array 
*          0    00000000    00000000     UNINITIALIZED

.stack     0    20000000    00000400     UNINITIALIZED
                  20000000    00000004     rtsv7M4_T_le_v4SPD16_eabi.lib : boot_cortex_m.c.obj (.stack)
                  20000004    000003fc     --HOLE--

.data      0    20000400    000000fa     UNINITIALIZED
                  20000400    00000020     capstone_application.obj (.data:Break_distance_data)
                  20000420    00000020     capstone_application.obj (.data:Engine_distance_data)
                  20000440    00000020     capstone_application.obj (.data:Mission_distance_data)
                  20000460    00000020     capstone_application.obj (.data:distance_data_clear)
                  20000480    00000018     capstone_application.obj (.data)
                  20000498    00000010     capstone_application.obj (.data:Break_distance_array)
                  200004a8    00000010     capstone_application.obj (.data:Engine_distance_array)
                  200004b8    00000010     capstone_application.obj (.data:Mission_distance_array)
                  200004c8    00000008     rtsv7M4_T_le_v4SPD16_eabi.lib : _lock.c.obj (.data:$O1$$)
                  200004d0    00000008                                   : memory.c.obj (.data:$O1$$)
                  200004d8    00000008     FlashtoRAMtest.obj (.data:DB2$3)
                  200004e0    00000008     FlashtoRAMtest.obj (.data:DD2$5)
                  200004e8    00000004     rtsv7M4_T_le_v4SPD16_eabi.lib : errno.c.obj (.data)
                  200004ec    00000002     FlashtoRAMtest.obj (.data:DB1$2)
                  200004ee    00000002     timer.obj (.data:DC1$1)
                  200004f0    00000002     FlashtoRAMtest.obj (.data:DC1$6)
                  200004f2    00000002     FlashtoRAMtest.obj (.data:DC2$7)
                  200004f4    00000002     FlashtoRAMtest.obj (.data:DD1$1)
                  200004f6    00000002     FlashtoRAMtest.obj (.data:DD1$4)
                  200004f8    00000002     FT81X_LCD.obj (.data)

.bss       0    20000500    00000074     UNINITIALIZED
                  20000500    0000001c     (.common:globalCanData)
                  2000051c    00000004     (.common:Break_int_distance)
                  20000520    00000008     (.common:Break_distance2)
                  20000528    00000008     (.common:Break_interval)
                  20000530    00000008     (.common:Engine_distance2)
                  20000538    00000008     (.common:Engine_interval)
                  20000540    00000008     (.common:Mission_distance2)
                  20000548    00000008     (.common:Mission_interval)
                  20000550    00000004     (.common:ChangeTick)
                  20000554    00000004     (.common:EndTick)
                  20000558    00000004     (.common:Engine_int_distance)
                  2000055c    00000004     (.common:GetTickCheck)
                  20000560    00000004     (.common:Mission_int_distance)
                  20000564    00000004     (.common:StartTick)
                  20000568    00000004     (.common:Tickcnt)
                  2000056c    00000004     (.common:irq_status)
                  20000570    00000004     (.common:speed)

.sysmem    0    20000578    00000010     UNINITIALIZED
                  20000578    00000010     rtsv7M4_T_le_v4SPD16_eabi.lib : memory.c.obj (.sysmem)

__llvm_prf_cnts 
*          0    20000000    00000000     UNINITIALIZED

MODULE SUMMARY

       Module                         code    ro data   rw data
       ------                         ----    -------   -------
    .\
       capstone_application.obj       1220    0         308    
       tm4c123gh6pm_startup_ccs.obj   12      620       0      
    +--+------------------------------+-------+---------+---------+
       Total:                         1232    620       308    
                                                               
    .\source\
       eve2_lib.obj                   2888    0         0      
       FlashtoRAMtest.obj             2468    0         26     
       my_eve2_lib.obj                1700    0         0      
       eve2_display_lib.obj           1354    0         0      
       FT81X_LCD.obj                  930     0         2      
       Can_init.obj                   708     0         8      
       timer.obj                      600     0         2      
       Spi_lcd.obj                    528     0         0      
       Flash_memory.obj               436     0         0      
       Uart7.obj                      432     0         0      
       Gpio_led.obj                   360     0         0      
       Hibernation.obj                320     0         0      
       Delay.obj                      66      0         0      
       Sysctl_clk.obj                 40      0         0      
       asm.obj                        18      0         0      
    +--+------------------------------+-------+---------+---------+
       Total:                         12848   0         38     
                                                               
    C:\ti\ccs1120\ccs\tools\compiler\ti-cgt-arm_20.2.6.LTS\lib\rtsv7M4_T_le_v4SPD16_eabi.lib
       _printfi.c.obj                 4851    0         0      
       memory.c.obj                   728     0         8      
       fd_add_t2.asm.obj              438     0         0      
       fd_div_t2.asm.obj              310     0         0      
       s_scalbn.c.obj                 272     0         0      
       fd_cmp_t2.asm.obj              268     0         0      
       ctype.c.obj                    0       257       0      
       fd_mul_t2.asm.obj              252     0         0      
       memcpy_t2.asm.obj              156     0         0      
       ull_div_t2.asm.obj             150     0         0      
       memset_t2.asm.obj              122     0         0      
       ll_div_t2.asm.obj              110     0         0      
       copy_decompress_lzss.c.obj     104     0         0      
       s_frexp.c.obj                  100     0         0      
       sprintf.c.obj                  98      0         0      
       _ltoa.c.obj                    84      0         0      
       atoi.c.obj                     76      0         0      
       fd_toi_t2.asm.obj              72      0         0      
       autoinit.c.obj                 68      0         0      
       fd_tou_t2.asm.obj              68      0         0      
       boot_cortex_m.c.obj            52      0         0      
       i_tofd_t2.asm.obj              46      0         0      
       u_tofd_t2.asm.obj              32      0         0      
       copy_zero_init.c.obj           28      0         0      
       memccpy.c.obj                  28      0         0      
       s_copysign.c.obj               26      0         0      
       strchr.c.obj                   22      0         0      
       strlen.c.obj                   20      0         0      
       wcslen.c.obj                   18      0         0      
       copy_decompress_none.c.obj     14      0         0      
       errno.c.obj                    8       0         4      
       _lock.c.obj                    2       0         8      
       exit.c.obj                     4       0         0      
       pre_init.c.obj                 4       0         0      
       div0.asm.obj                   2       0         0      
    +--+------------------------------+-------+---------+---------+
       Total:                         8633    257       20     
                                                               
       Heap:                          0       0         16     
       Stack:                         0       0         1024   
       Linker Generated:              0       70        0      
    +--+------------------------------+-------+---------+---------+
       Grand Total:                   22713   947       1406   


LINKER GENERATED COPY TABLES

__TI_cinit_table @ 00005c70 records: 2, size/record: 8, table size: 16
	.data: load addr=00005c38, load size=00000022 bytes, run addr=20000400, run size=000000fa bytes, compression=lzss
	.bss: load addr=00005c68, load size=00000008 bytes, run addr=20000500, run size=00000074 bytes, compression=zero_init


LINKER GENERATED HANDLER TABLE

__TI_handler_table @ 00005c5c records: 3, size/record: 4, table size: 12
	index: 0, handler: __TI_decompress_lzss
	index: 1, handler: __TI_decompress_none
	index: 2, handler: __TI_zero_init


GLOBAL SYMBOLS: SORTED ALPHABETICALLY BY Name 

address   name                          
-------   ----                          
20000520  Break_distance2               
20000498  Break_distance_array          
20000400  Break_distance_data           
2000051c  Break_int_distance            
20000528  Break_interval                
00005b31  C$$EXIT                       
00000d79  Calibrate                     
00000929  Calibrate_Manual              
000003c1  Cap_Touch_Upload              
20000550  ChangeTick                    
00000809  ClearScreen                   
00002d4f  Cmd_AnimDraw                  
00002d63  Cmd_AnimDrawFrame             
00002ceb  Cmd_AnimStart                 
00002d0f  Cmd_AnimStop                  
00002d23  Cmd_AnimXY                    
00002c51  Cmd_BGcolor                   
00002a41  Cmd_Button                    
00002cd7  Cmd_Calibrate                 
0000292f  Cmd_Dial                      
00002c3d  Cmd_FGcolor                   
00002cc5  Cmd_Flash_Fast                
000028d9  Cmd_Gauge                     
00002c17  Cmd_GetPtr                    
000029f9  Cmd_Gradient                  
00002c29  Cmd_GradientColor             
00002bf3  Cmd_Memcpy                    
000029b7  Cmd_Number                    
00002c81  Cmd_Rotate                    
00002ca9  Cmd_Scale                     
00002bbb  Cmd_SetBitmap                 
00002c95  Cmd_SetRotate                 
0000284d  Cmd_Slider                    
0000289d  Cmd_Spinner                   
00000611  Cmd_Text                      
00002973  Cmd_Track                     
00002c65  Cmd_Translate                 
000004a3  CoProFIFO_FreeSpace           
0000041d  CoProWrCmdBuf                 
20000554  EndTick                       
20000530  Engine_distance2              
200004a8  Engine_distance_array         
20000420  Engine_distance_data          
20000558  Engine_int_distance           
20000538  Engine_interval               
0000026d  FT81x_Init                    
200004f8  FifoWriteLocation             
00004325  Flash_erase                   
00004367  Flash_erase_all               
000043d5  Flash_read                    
00004413  Flash_reset                   
00004467  Flash_save                    
0000437f  Flash_write                   
2000055c  GetTickCheck                  
00004739  InitHibernationGPIO           
00004773  LCD_OnOff                     
0000479d  LED_OnOff                     
00004689  Led                           
00000785  MakeScreen_MatrixOrbital      
20000540  Mission_distance2             
200004b8  Mission_distance_array        
20000440  Mission_distance_data         
20000560  Mission_int_distance          
20000548  Mission_interval              
00005b07  ResetISR                      
0000325d  SPI_LCD_ACTIVE                
0000328f  SPI_LCD_CLKEXT                
00000553  Send_CMD                      
00000501  StartCoProTransfer            
20000564  StartTick                     
000059b5  Sysctl_Clock                  
000059bd  Sysctl_Clock_10MHz            
20000568  Tickcnt                       
00003c61  Timer0_clear_irq              
00003c49  Timer0_disable                
00003b35  Timer0_init                   
00003c55  Timer2_disable                
00003b95  Timer2_init                   
00003bef  Timer3_init                   
00000771  UpdateFIFO                    
000004e9  Wait4CoProFIFO                
0000083f  Wait4CoProFIFOEmpty           
20000400  __STACK_END                   
00000400  __STACK_SIZE                  
20000200  __STACK_TOP                   
00000010  __SYSMEM_SIZE                 
00005c70  __TI_CINIT_Base               
00005c80  __TI_CINIT_Limit              
00005c5c  __TI_Handler_Table_Base       
00005c68  __TI_Handler_Table_Limit      
000057cd  __TI_auto_init_nobinit_nopinit
00005571  __TI_decompress_lzss          
00005af9  __TI_decompress_none          
00005693  __TI_ltoa                     
ffffffff  __TI_pprof_out_hndl           
00000db5  __TI_printfi                  
ffffffff  __TI_prof_data_size           
ffffffff  __TI_prof_data_start          
00000000  __TI_static_base__            
00005a25  __TI_zero_init_nomemset       
0000529d  __aeabi_cdcmpeq               
0000529d  __aeabi_cdcmple               
00005323  __aeabi_cdrcmple              
00005785  __aeabi_d2iz                  
00005811  __aeabi_d2uiz                 
00004177  __aeabi_dadd                  
00004a6d  __aeabi_ddiv                  
00004ed9  __aeabi_dmul                  
0000416d  __aeabi_dsub                  
00005b1d  __aeabi_errno_addr            
00005985  __aeabi_i2d                   
00002d97  __aeabi_idiv0                 
00002d97  __aeabi_ldiv0                 
00005503  __aeabi_ldivmod               
000053a9  __aeabi_memclr                
000053a9  __aeabi_memclr4               
000053a9  __aeabi_memclr8               
0000516b  __aeabi_memcpy                
0000516b  __aeabi_memcpy4               
0000516b  __aeabi_memcpy8               
000053ab  __aeabi_memset                
000053ab  __aeabi_memset4               
000053ab  __aeabi_memset8               
00005a05  __aeabi_ui2d                  
00005207  __aeabi_uldivmod              
ffffffff  __binit__                     
ffffffff  __c_args__                    
UNDEFED   __mpu_init                    
20000000  __stack                       
20000000  __start___llvm_prf_cnts       
20000000  __stop___llvm_prf_cnts        
00005951  _c_int00_noargs               
00005b34  _ctypes_                      
200004c8  _lock                         
00001803  _nop                          
20000578  _sys_memory                   
UNDEFED   _system_post_cinit            
00005b2d  _system_pre_init              
200004cc  _unlock                       
00005b31  abort                         
00004dd9  aligned_alloc                 
00001dd5  ascii_Break_distance_array    
00001971  ascii_Engine_distance_array   
00001bad  ascii_Mission_distance_array  
00005ad5  asm_rst                       
00005739  atoi                          
ffffffff  binit                         
000021a9  calibrate_once                
00005919  calloc                        
000036fb  can1_handler                  
20000494  can_check                     
00003601  can_init                      
000037d5  can_rx2                       
0000204d  can_to_spi_acceleration       
00001ff5  can_to_spi_rpm                
000020f9  can_to_spi_transmission       
00005a79  copysign                      
00005a79  copysignl                     
00005879  delay_ms                      
00005855  delay_us                      
00002361  display_accel_trans_rpm       
00002459  display_fuel                  
000025a9  display_fuel_reset            
000026ed  display_reset_choice          
20000460  distance_data_clear           
200004e8  errno                         
2000048c  flash_count                   
00004fd5  free                          
000055d9  frexp                         
000055d9  frexpl                        
00000000  g_pfnVectors                  
20000500  globalCanData                 
000046eb  gpioinit                      
20000488  hib_count                     
000047fb  hib_init                      
000047f1  hib_wrc                       
00004827  hibernate                     
0000222b  hongButton                    
000021e3  hongCalibrate                 
20000484  i                             
00004855  into_hibernate                
2000056c  irq_status                    
20000480  isr_flag                      
00004cc9  ldexp                         
00004cc9  ldexpl                        
00002d99  main                          
000022db  make_character                
00002287  make_gauge                    
00005b25  malloc                        
00004dd9  memalign                      
00005a5d  memccpy                       
0000516b  memcpy                        
000053b1  memset                        
00004cc9  scalbn                        
00004cc9  scalbnl                       
20000570  speed                         
00003dcf  spi_conf                      
00003f35  spi_cs_disable                
00003f27  spi_cs_enable                 
00003d8d  spi_init                      
00003e1b  spi_init_conf                 
0000332b  spi_read_16                   
000033bd  spi_read_32                   
000032b9  spi_read_8                    
00003f05  spi_receive_byte              
00003ee9  spi_send_byte                 
00003f47  spi_send_str                  
000034df  spi_write_16                  
0000355d  spi_write_32                  
0000347d  spi_write_8                   
00003f51  spi_writebuffer               
00005899  sprintf                       
00005aab  strchr                        
00005ac1  strlen                        
00001805  timer0test_handler            
00003c69  timer2_handler                
00003cf5  timer3_handler                
20000490  timercheck_count              
000044d9  uart_7_init                   
00004603  uart_7_rx                     
00004617  uart_7_rx_str                 
000045c9  uart_7_tx                     
00004539  uart_7_tx_hex                 
000045e5  uart_7_tx_str                 
00005ae7  wcslen                        


GLOBAL SYMBOLS: SORTED BY Symbol Address 

address   name                          
-------   ----                          
00000000  __TI_static_base__            
00000000  g_pfnVectors                  
00000010  __SYSMEM_SIZE                 
0000026d  FT81x_Init                    
000003c1  Cap_Touch_Upload              
00000400  __STACK_SIZE                  
0000041d  CoProWrCmdBuf                 
000004a3  CoProFIFO_FreeSpace           
000004e9  Wait4CoProFIFO                
00000501  StartCoProTransfer            
00000553  Send_CMD                      
00000611  Cmd_Text                      
00000771  UpdateFIFO                    
00000785  MakeScreen_MatrixOrbital      
00000809  ClearScreen                   
0000083f  Wait4CoProFIFOEmpty           
00000929  Calibrate_Manual              
00000d79  Calibrate                     
00000db5  __TI_printfi                  
00001803  _nop                          
00001805  timer0test_handler            
00001971  ascii_Engine_distance_array   
00001bad  ascii_Mission_distance_array  
00001dd5  ascii_Break_distance_array    
00001ff5  can_to_spi_rpm                
0000204d  can_to_spi_acceleration       
000020f9  can_to_spi_transmission       
000021a9  calibrate_once                
000021e3  hongCalibrate                 
0000222b  hongButton                    
00002287  make_gauge                    
000022db  make_character                
00002361  display_accel_trans_rpm       
00002459  display_fuel                  
000025a9  display_fuel_reset            
000026ed  display_reset_choice          
0000284d  Cmd_Slider                    
0000289d  Cmd_Spinner                   
000028d9  Cmd_Gauge                     
0000292f  Cmd_Dial                      
00002973  Cmd_Track                     
000029b7  Cmd_Number                    
000029f9  Cmd_Gradient                  
00002a41  Cmd_Button                    
00002bbb  Cmd_SetBitmap                 
00002bf3  Cmd_Memcpy                    
00002c17  Cmd_GetPtr                    
00002c29  Cmd_GradientColor             
00002c3d  Cmd_FGcolor                   
00002c51  Cmd_BGcolor                   
00002c65  Cmd_Translate                 
00002c81  Cmd_Rotate                    
00002c95  Cmd_SetRotate                 
00002ca9  Cmd_Scale                     
00002cc5  Cmd_Flash_Fast                
00002cd7  Cmd_Calibrate                 
00002ceb  Cmd_AnimStart                 
00002d0f  Cmd_AnimStop                  
00002d23  Cmd_AnimXY                    
00002d4f  Cmd_AnimDraw                  
00002d63  Cmd_AnimDrawFrame             
00002d97  __aeabi_idiv0                 
00002d97  __aeabi_ldiv0                 
00002d99  main                          
0000325d  SPI_LCD_ACTIVE                
0000328f  SPI_LCD_CLKEXT                
000032b9  spi_read_8                    
0000332b  spi_read_16                   
000033bd  spi_read_32                   
0000347d  spi_write_8                   
000034df  spi_write_16                  
0000355d  spi_write_32                  
00003601  can_init                      
000036fb  can1_handler                  
000037d5  can_rx2                       
00003b35  Timer0_init                   
00003b95  Timer2_init                   
00003bef  Timer3_init                   
00003c49  Timer0_disable                
00003c55  Timer2_disable                
00003c61  Timer0_clear_irq              
00003c69  timer2_handler                
00003cf5  timer3_handler                
00003d8d  spi_init                      
00003dcf  spi_conf                      
00003e1b  spi_init_conf                 
00003ee9  spi_send_byte                 
00003f05  spi_receive_byte              
00003f27  spi_cs_enable                 
00003f35  spi_cs_disable                
00003f47  spi_send_str                  
00003f51  spi_writebuffer               
0000416d  __aeabi_dsub                  
00004177  __aeabi_dadd                  
00004325  Flash_erase                   
00004367  Flash_erase_all               
0000437f  Flash_write                   
000043d5  Flash_read                    
00004413  Flash_reset                   
00004467  Flash_save                    
000044d9  uart_7_init                   
00004539  uart_7_tx_hex                 
000045c9  uart_7_tx                     
000045e5  uart_7_tx_str                 
00004603  uart_7_rx                     
00004617  uart_7_rx_str                 
00004689  Led                           
000046eb  gpioinit                      
00004739  InitHibernationGPIO           
00004773  LCD_OnOff                     
0000479d  LED_OnOff                     
000047f1  hib_wrc                       
000047fb  hib_init                      
00004827  hibernate                     
00004855  into_hibernate                
00004a6d  __aeabi_ddiv                  
00004cc9  ldexp                         
00004cc9  ldexpl                        
00004cc9  scalbn                        
00004cc9  scalbnl                       
00004dd9  aligned_alloc                 
00004dd9  memalign                      
00004ed9  __aeabi_dmul                  
00004fd5  free                          
0000516b  __aeabi_memcpy                
0000516b  __aeabi_memcpy4               
0000516b  __aeabi_memcpy8               
0000516b  memcpy                        
00005207  __aeabi_uldivmod              
0000529d  __aeabi_cdcmpeq               
0000529d  __aeabi_cdcmple               
00005323  __aeabi_cdrcmple              
000053a9  __aeabi_memclr                
000053a9  __aeabi_memclr4               
000053a9  __aeabi_memclr8               
000053ab  __aeabi_memset                
000053ab  __aeabi_memset4               
000053ab  __aeabi_memset8               
000053b1  memset                        
00005503  __aeabi_ldivmod               
00005571  __TI_decompress_lzss          
000055d9  frexp                         
000055d9  frexpl                        
00005693  __TI_ltoa                     
00005739  atoi                          
00005785  __aeabi_d2iz                  
000057cd  __TI_auto_init_nobinit_nopinit
00005811  __aeabi_d2uiz                 
00005855  delay_us                      
00005879  delay_ms                      
00005899  sprintf                       
00005919  calloc                        
00005951  _c_int00_noargs               
00005985  __aeabi_i2d                   
000059b5  Sysctl_Clock                  
000059bd  Sysctl_Clock_10MHz            
00005a05  __aeabi_ui2d                  
00005a25  __TI_zero_init_nomemset       
00005a5d  memccpy                       
00005a79  copysign                      
00005a79  copysignl                     
00005aab  strchr                        
00005ac1  strlen                        
00005ad5  asm_rst                       
00005ae7  wcslen                        
00005af9  __TI_decompress_none          
00005b07  ResetISR                      
00005b1d  __aeabi_errno_addr            
00005b25  malloc                        
00005b2d  _system_pre_init              
00005b31  C$$EXIT                       
00005b31  abort                         
00005b34  _ctypes_                      
00005c5c  __TI_Handler_Table_Base       
00005c68  __TI_Handler_Table_Limit      
00005c70  __TI_CINIT_Base               
00005c80  __TI_CINIT_Limit              
20000000  __stack                       
20000000  __start___llvm_prf_cnts       
20000000  __stop___llvm_prf_cnts        
20000200  __STACK_TOP                   
20000400  Break_distance_data           
20000400  __STACK_END                   
20000420  Engine_distance_data          
20000440  Mission_distance_data         
20000460  distance_data_clear           
20000480  isr_flag                      
20000484  i                             
20000488  hib_count                     
2000048c  flash_count                   
20000490  timercheck_count              
20000494  can_check                     
20000498  Break_distance_array          
200004a8  Engine_distance_array         
200004b8  Mission_distance_array        
200004c8  _lock                         
200004cc  _unlock                       
200004e8  errno                         
200004f8  FifoWriteLocation             
20000500  globalCanData                 
2000051c  Break_int_distance            
20000520  Break_distance2               
20000528  Break_interval                
20000530  Engine_distance2              
20000538  Engine_interval               
20000540  Mission_distance2             
20000548  Mission_interval              
20000550  ChangeTick                    
20000554  EndTick                       
20000558  Engine_int_distance           
2000055c  GetTickCheck                  
20000560  Mission_int_distance          
20000564  StartTick                     
20000568  Tickcnt                       
2000056c  irq_status                    
20000570  speed                         
20000578  _sys_memory                   
ffffffff  __TI_pprof_out_hndl           
ffffffff  __TI_prof_data_size           
ffffffff  __TI_prof_data_start          
ffffffff  __binit__                     
ffffffff  __c_args__                    
ffffffff  binit                         
UNDEFED   __mpu_init                    
UNDEFED   _system_post_cinit            

[225 symbols]
