<?xml version="1.0" encoding="ISO-8859-1" ?>
<link_info>
   <banner>TI ARM Linker PC v20.2.6.LTS</banner>
   <copyright>Copyright (c) 1996-2018 Texas Instruments Incorporated</copyright>
   <link_time>0x62ea052b</link_time>
   <link_errors>0x0</link_errors>
   <output_file>220128CAN.out</output_file>
   <entry_point>
      <name>_c_int00_noinit_noargs</name>
      <address>0x63d9</address>
   </entry_point>
   <input_file_list>
      <input_file id="fl-2">
         <path>.\</path>
         <kind>object</kind>
         <file>capstone_application.obj</file>
         <name>capstone_application.obj</name>
      </input_file>
      <input_file id="fl-3">
         <path>.\</path>
         <kind>object</kind>
         <file>tm4c123gh6pm_startup_ccs.obj</file>
         <name>tm4c123gh6pm_startup_ccs.obj</name>
      </input_file>
      <input_file id="fl-4">
         <path>.\ex_\</path>
         <kind>object</kind>
         <file>test_1.obj</file>
         <name>test_1.obj</name>
      </input_file>
      <input_file id="fl-5">
         <path>.\header\</path>
         <kind>object</kind>
         <file>Can_init.obj</file>
         <name>Can_init.obj</name>
      </input_file>
      <input_file id="fl-6">
         <path>.\header\</path>
         <kind>object</kind>
         <file>Delay.obj</file>
         <name>Delay.obj</name>
      </input_file>
      <input_file id="fl-7">
         <path>.\header\</path>
         <kind>object</kind>
         <file>FT81X_LCD.obj</file>
         <name>FT81X_LCD.obj</name>
      </input_file>
      <input_file id="fl-8">
         <path>.\header\</path>
         <kind>object</kind>
         <file>Flash_memory.obj</file>
         <name>Flash_memory.obj</name>
      </input_file>
      <input_file id="fl-9">
         <path>.\header\</path>
         <kind>object</kind>
         <file>Gpio_led.obj</file>
         <name>Gpio_led.obj</name>
      </input_file>
      <input_file id="fl-a">
         <path>.\header\</path>
         <kind>object</kind>
         <file>Hibernation.obj</file>
         <name>Hibernation.obj</name>
      </input_file>
      <input_file id="fl-b">
         <path>.\header\</path>
         <kind>object</kind>
         <file>PMOS_LCD_Control.obj</file>
         <name>PMOS_LCD_Control.obj</name>
      </input_file>
      <input_file id="fl-c">
         <path>.\header\</path>
         <kind>object</kind>
         <file>SaveDistance.obj</file>
         <name>SaveDistance.obj</name>
      </input_file>
      <input_file id="fl-d">
         <path>.\header\</path>
         <kind>object</kind>
         <file>Spi_lcd.obj</file>
         <name>Spi_lcd.obj</name>
      </input_file>
      <input_file id="fl-e">
         <path>.\header\</path>
         <kind>object</kind>
         <file>Sysctl_clk.obj</file>
         <name>Sysctl_clk.obj</name>
      </input_file>
      <input_file id="fl-f">
         <path>.\header\</path>
         <kind>object</kind>
         <file>Uart.obj</file>
         <name>Uart.obj</name>
      </input_file>
      <input_file id="fl-10">
         <path>.\header\</path>
         <kind>object</kind>
         <file>Uart7.obj</file>
         <name>Uart7.obj</name>
      </input_file>
      <input_file id="fl-11">
         <path>.\header\</path>
         <kind>object</kind>
         <file>WakePinData.obj</file>
         <name>WakePinData.obj</name>
      </input_file>
      <input_file id="fl-12">
         <path>.\header\</path>
         <kind>object</kind>
         <file>asm.obj</file>
         <name>asm.obj</name>
      </input_file>
      <input_file id="fl-13">
         <path>.\header\</path>
         <kind>object</kind>
         <file>eve2_display_lib.obj</file>
         <name>eve2_display_lib.obj</name>
      </input_file>
      <input_file id="fl-14">
         <path>.\header\</path>
         <kind>object</kind>
         <file>eve2_lib.obj</file>
         <name>eve2_lib.obj</name>
      </input_file>
      <input_file id="fl-15">
         <path>.\header\</path>
         <kind>object</kind>
         <file>my_eve2_lib.obj</file>
         <name>my_eve2_lib.obj</name>
      </input_file>
      <input_file id="fl-16">
         <path>.\header\</path>
         <kind>object</kind>
         <file>timer.obj</file>
         <name>timer.obj</name>
      </input_file>
      <input_file id="fl-1a">
         <kind>object</kind>
         <file>&lt;internal&gt;</file>
         <name>&lt;internal&gt;</name>
      </input_file>
      <input_file id="fl-d0">
         <path>C:\ti\ccs1120\ccs\tools\compiler\ti-cgt-arm_20.2.6.LTS\lib\</path>
         <kind>archive</kind>
         <file>rtsv7M4_T_le_v4SPD16_eabi.lib</file>
         <name>sprintf.c.obj</name>
      </input_file>
      <input_file id="fl-d1">
         <path>C:\ti\ccs1120\ccs\tools\compiler\ti-cgt-arm_20.2.6.LTS\lib\</path>
         <kind>archive</kind>
         <file>rtsv7M4_T_le_v4SPD16_eabi.lib</file>
         <name>fd_add_t2.asm.obj</name>
      </input_file>
      <input_file id="fl-d2">
         <path>C:\ti\ccs1120\ccs\tools\compiler\ti-cgt-arm_20.2.6.LTS\lib\</path>
         <kind>archive</kind>
         <file>rtsv7M4_T_le_v4SPD16_eabi.lib</file>
         <name>fd_mul_t2.asm.obj</name>
      </input_file>
      <input_file id="fl-d3">
         <path>C:\ti\ccs1120\ccs\tools\compiler\ti-cgt-arm_20.2.6.LTS\lib\</path>
         <kind>archive</kind>
         <file>rtsv7M4_T_le_v4SPD16_eabi.lib</file>
         <name>fd_toi_t2.asm.obj</name>
      </input_file>
      <input_file id="fl-d4">
         <path>C:\ti\ccs1120\ccs\tools\compiler\ti-cgt-arm_20.2.6.LTS\lib\</path>
         <kind>archive</kind>
         <file>rtsv7M4_T_le_v4SPD16_eabi.lib</file>
         <name>fd_tou_t2.asm.obj</name>
      </input_file>
      <input_file id="fl-d5">
         <path>C:\ti\ccs1120\ccs\tools\compiler\ti-cgt-arm_20.2.6.LTS\lib\</path>
         <kind>archive</kind>
         <file>rtsv7M4_T_le_v4SPD16_eabi.lib</file>
         <name>i_tofd_t2.asm.obj</name>
      </input_file>
      <input_file id="fl-d6">
         <path>C:\ti\ccs1120\ccs\tools\compiler\ti-cgt-arm_20.2.6.LTS\lib\</path>
         <kind>archive</kind>
         <file>rtsv7M4_T_le_v4SPD16_eabi.lib</file>
         <name>memcpy_t2.asm.obj</name>
      </input_file>
      <input_file id="fl-d7">
         <path>C:\ti\ccs1120\ccs\tools\compiler\ti-cgt-arm_20.2.6.LTS\lib\</path>
         <kind>archive</kind>
         <file>rtsv7M4_T_le_v4SPD16_eabi.lib</file>
         <name>u_tofd_t2.asm.obj</name>
      </input_file>
      <input_file id="fl-d8">
         <path>C:\ti\ccs1120\ccs\tools\compiler\ti-cgt-arm_20.2.6.LTS\lib\</path>
         <kind>archive</kind>
         <file>rtsv7M4_T_le_v4SPD16_eabi.lib</file>
         <name>memset_t2.asm.obj</name>
      </input_file>
      <input_file id="fl-d9">
         <path>C:\ti\ccs1120\ccs\tools\compiler\ti-cgt-arm_20.2.6.LTS\lib\</path>
         <kind>archive</kind>
         <file>rtsv7M4_T_le_v4SPD16_eabi.lib</file>
         <name>ll_div_t2.asm.obj</name>
      </input_file>
      <input_file id="fl-da">
         <path>C:\ti\ccs1120\ccs\tools\compiler\ti-cgt-arm_20.2.6.LTS\lib\</path>
         <kind>archive</kind>
         <file>rtsv7M4_T_le_v4SPD16_eabi.lib</file>
         <name>ull_div_t2.asm.obj</name>
      </input_file>
      <input_file id="fl-db">
         <path>C:\ti\ccs1120\ccs\tools\compiler\ti-cgt-arm_20.2.6.LTS\lib\</path>
         <kind>archive</kind>
         <file>rtsv7M4_T_le_v4SPD16_eabi.lib</file>
         <name>memory.c.obj</name>
      </input_file>
      <input_file id="fl-dc">
         <path>C:\ti\ccs1120\ccs\tools\compiler\ti-cgt-arm_20.2.6.LTS\lib\</path>
         <kind>archive</kind>
         <file>rtsv7M4_T_le_v4SPD16_eabi.lib</file>
         <name>strlen.c.obj</name>
      </input_file>
      <input_file id="fl-dd">
         <path>C:\ti\ccs1120\ccs\tools\compiler\ti-cgt-arm_20.2.6.LTS\lib\</path>
         <kind>archive</kind>
         <file>rtsv7M4_T_le_v4SPD16_eabi.lib</file>
         <name>boot_cortex_m.c.obj</name>
      </input_file>
      <input_file id="fl-de">
         <path>C:\ti\ccs1120\ccs\tools\compiler\ti-cgt-arm_20.2.6.LTS\lib\</path>
         <kind>archive</kind>
         <file>rtsv7M4_T_le_v4SPD16_eabi.lib</file>
         <name>_printfi.c.obj</name>
      </input_file>
      <input_file id="fl-df">
         <path>C:\ti\ccs1120\ccs\tools\compiler\ti-cgt-arm_20.2.6.LTS\lib\</path>
         <kind>archive</kind>
         <file>rtsv7M4_T_le_v4SPD16_eabi.lib</file>
         <name>div0.asm.obj</name>
      </input_file>
      <input_file id="fl-e0">
         <path>C:\ti\ccs1120\ccs\tools\compiler\ti-cgt-arm_20.2.6.LTS\lib\</path>
         <kind>archive</kind>
         <file>rtsv7M4_T_le_v4SPD16_eabi.lib</file>
         <name>fd_cmp_t2.asm.obj</name>
      </input_file>
      <input_file id="fl-e1">
         <path>C:\ti\ccs1120\ccs\tools\compiler\ti-cgt-arm_20.2.6.LTS\lib\</path>
         <kind>archive</kind>
         <file>rtsv7M4_T_le_v4SPD16_eabi.lib</file>
         <name>fd_div_t2.asm.obj</name>
      </input_file>
      <input_file id="fl-e2">
         <path>C:\ti\ccs1120\ccs\tools\compiler\ti-cgt-arm_20.2.6.LTS\lib\</path>
         <kind>archive</kind>
         <file>rtsv7M4_T_le_v4SPD16_eabi.lib</file>
         <name>autoinit.c.obj</name>
      </input_file>
      <input_file id="fl-e3">
         <path>C:\ti\ccs1120\ccs\tools\compiler\ti-cgt-arm_20.2.6.LTS\lib\</path>
         <kind>archive</kind>
         <file>rtsv7M4_T_le_v4SPD16_eabi.lib</file>
         <name>pre_init.c.obj</name>
      </input_file>
      <input_file id="fl-e4">
         <path>C:\ti\ccs1120\ccs\tools\compiler\ti-cgt-arm_20.2.6.LTS\lib\</path>
         <kind>archive</kind>
         <file>rtsv7M4_T_le_v4SPD16_eabi.lib</file>
         <name>cpy_tbl.c.obj</name>
      </input_file>
      <input_file id="fl-e5">
         <path>C:\ti\ccs1120\ccs\tools\compiler\ti-cgt-arm_20.2.6.LTS\lib\</path>
         <kind>archive</kind>
         <file>rtsv7M4_T_le_v4SPD16_eabi.lib</file>
         <name>exit.c.obj</name>
      </input_file>
      <input_file id="fl-e6">
         <path>C:\ti\ccs1120\ccs\tools\compiler\ti-cgt-arm_20.2.6.LTS\lib\</path>
         <kind>archive</kind>
         <file>rtsv7M4_T_le_v4SPD16_eabi.lib</file>
         <name>_lock.c.obj</name>
      </input_file>
      <input_file id="fl-e7">
         <path>C:\ti\ccs1120\ccs\tools\compiler\ti-cgt-arm_20.2.6.LTS\lib\</path>
         <kind>archive</kind>
         <file>rtsv7M4_T_le_v4SPD16_eabi.lib</file>
         <name>_ltoa.c.obj</name>
      </input_file>
      <input_file id="fl-e8">
         <path>C:\ti\ccs1120\ccs\tools\compiler\ti-cgt-arm_20.2.6.LTS\lib\</path>
         <kind>archive</kind>
         <file>rtsv7M4_T_le_v4SPD16_eabi.lib</file>
         <name>args_main.c.obj</name>
      </input_file>
      <input_file id="fl-e9">
         <path>C:\ti\ccs1120\ccs\tools\compiler\ti-cgt-arm_20.2.6.LTS\lib\</path>
         <kind>archive</kind>
         <file>rtsv7M4_T_le_v4SPD16_eabi.lib</file>
         <name>atoi.c.obj</name>
      </input_file>
      <input_file id="fl-ea">
         <path>C:\ti\ccs1120\ccs\tools\compiler\ti-cgt-arm_20.2.6.LTS\lib\</path>
         <kind>archive</kind>
         <file>rtsv7M4_T_le_v4SPD16_eabi.lib</file>
         <name>ctype.c.obj</name>
      </input_file>
      <input_file id="fl-eb">
         <path>C:\ti\ccs1120\ccs\tools\compiler\ti-cgt-arm_20.2.6.LTS\lib\</path>
         <kind>archive</kind>
         <file>rtsv7M4_T_le_v4SPD16_eabi.lib</file>
         <name>memccpy.c.obj</name>
      </input_file>
      <input_file id="fl-ec">
         <path>C:\ti\ccs1120\ccs\tools\compiler\ti-cgt-arm_20.2.6.LTS\lib\</path>
         <kind>archive</kind>
         <file>rtsv7M4_T_le_v4SPD16_eabi.lib</file>
         <name>strchr.c.obj</name>
      </input_file>
      <input_file id="fl-ed">
         <path>C:\ti\ccs1120\ccs\tools\compiler\ti-cgt-arm_20.2.6.LTS\lib\</path>
         <kind>archive</kind>
         <file>rtsv7M4_T_le_v4SPD16_eabi.lib</file>
         <name>errno.c.obj</name>
      </input_file>
      <input_file id="fl-ee">
         <path>C:\ti\ccs1120\ccs\tools\compiler\ti-cgt-arm_20.2.6.LTS\lib\</path>
         <kind>archive</kind>
         <file>rtsv7M4_T_le_v4SPD16_eabi.lib</file>
         <name>s_frexp.c.obj</name>
      </input_file>
      <input_file id="fl-ef">
         <path>C:\ti\ccs1120\ccs\tools\compiler\ti-cgt-arm_20.2.6.LTS\lib\</path>
         <kind>archive</kind>
         <file>rtsv7M4_T_le_v4SPD16_eabi.lib</file>
         <name>s_scalbn.c.obj</name>
      </input_file>
      <input_file id="fl-f0">
         <path>C:\ti\ccs1120\ccs\tools\compiler\ti-cgt-arm_20.2.6.LTS\lib\</path>
         <kind>archive</kind>
         <file>rtsv7M4_T_le_v4SPD16_eabi.lib</file>
         <name>s_copysign.c.obj</name>
      </input_file>
      <input_file id="fl-f1">
         <path>C:\ti\ccs1120\ccs\tools\compiler\ti-cgt-arm_20.2.6.LTS\lib\</path>
         <kind>archive</kind>
         <file>rtsv7M4_T_le_v4SPD16_eabi.lib</file>
         <name>wcslen.c.obj</name>
      </input_file>
   </input_file_list>
   <object_component_list>
      <object_component id="oc-12">
         <name>.intvecs</name>
         <load_address>0x0</load_address>
         <run_address>0x0</run_address>
         <size>0x26c</size>
         <input_file_ref idref="fl-3"/>
      </object_component>
      <object_component id="oc-28">
         <name>.text</name>
         <load_address>0x26c</load_address>
         <run_address>0x26c</run_address>
         <size>0xc38</size>
         <input_file_ref idref="fl-5"/>
      </object_component>
      <object_component id="oc-22">
         <name>.text</name>
         <load_address>0xea4</load_address>
         <run_address>0xea4</run_address>
         <size>0xbfc</size>
         <input_file_ref idref="fl-16"/>
      </object_component>
      <object_component id="oc-14e">
         <name>.text</name>
         <load_address>0x1aa0</load_address>
         <run_address>0x1aa0</run_address>
         <size>0xb48</size>
         <input_file_ref idref="fl-14"/>
      </object_component>
      <object_component id="oc-211">
         <name>.text:__TI_printfi</name>
         <load_address>0x25e8</load_address>
         <run_address>0x25e8</run_address>
         <size>0xa4e</size>
         <input_file_ref idref="fl-de"/>
      </object_component>
      <object_component id="oc-24d">
         <name>.text:_nop</name>
         <load_address>0x3036</load_address>
         <run_address>0x3036</run_address>
         <size>0x2</size>
         <input_file_ref idref="fl-e6"/>
      </object_component>
      <object_component id="oc-154">
         <name>.text</name>
         <load_address>0x3038</load_address>
         <run_address>0x3038</run_address>
         <size>0x6a4</size>
         <input_file_ref idref="fl-15"/>
      </object_component>
      <object_component id="oc-1d6">
         <name>.text</name>
         <load_address>0x36dc</load_address>
         <run_address>0x36dc</run_address>
         <size>0x54a</size>
         <input_file_ref idref="fl-13"/>
      </object_component>
      <object_component id="oc-22c">
         <name>.text</name>
         <load_address>0x3c26</load_address>
         <run_address>0x3c26</run_address>
         <size>0x2</size>
         <input_file_ref idref="fl-df"/>
      </object_component>
      <object_component id="oc-113">
         <name>.text</name>
         <load_address>0x3c28</load_address>
         <run_address>0x3c28</run_address>
         <size>0x490</size>
         <input_file_ref idref="fl-2"/>
      </object_component>
      <object_component id="oc-148">
         <name>.text</name>
         <load_address>0x40b8</load_address>
         <run_address>0x40b8</run_address>
         <size>0x3a2</size>
         <input_file_ref idref="fl-7"/>
      </object_component>
      <object_component id="oc-291">
         <name>.text:_pconv_a</name>
         <load_address>0x445c</load_address>
         <run_address>0x445c</run_address>
         <size>0x270</size>
         <input_file_ref idref="fl-de"/>
      </object_component>
      <object_component id="oc-13c">
         <name>.text</name>
         <load_address>0x46cc</load_address>
         <run_address>0x46cc</run_address>
         <size>0x210</size>
         <input_file_ref idref="fl-d"/>
      </object_component>
      <object_component id="oc-27f">
         <name>.text:_pconv_g</name>
         <load_address>0x48dc</load_address>
         <run_address>0x48dc</run_address>
         <size>0x1d0</size>
         <input_file_ref idref="fl-de"/>
      </object_component>
      <object_component id="oc-48">
         <name>.text</name>
         <load_address>0x4aac</load_address>
         <run_address>0x4aac</run_address>
         <size>0x1b6</size>
         <input_file_ref idref="fl-d1"/>
      </object_component>
      <object_component id="oc-160">
         <name>.text</name>
         <load_address>0x4c64</load_address>
         <run_address>0x4c64</run_address>
         <size>0x1b4</size>
         <input_file_ref idref="fl-8"/>
      </object_component>
      <object_component id="oc-8c">
         <name>.text</name>
         <load_address>0x4e18</load_address>
         <run_address>0x4e18</run_address>
         <size>0x1b0</size>
         <input_file_ref idref="fl-f"/>
      </object_component>
      <object_component id="oc-92">
         <name>.text</name>
         <load_address>0x4fc8</load_address>
         <run_address>0x4fc8</run_address>
         <size>0x1b0</size>
         <input_file_ref idref="fl-10"/>
      </object_component>
      <object_component id="oc-142">
         <name>.text</name>
         <load_address>0x5178</load_address>
         <run_address>0x5178</run_address>
         <size>0x144</size>
         <input_file_ref idref="fl-a"/>
      </object_component>
      <object_component id="oc-28b">
         <name>.text:_pconv_e</name>
         <load_address>0x52bc</load_address>
         <run_address>0x52bc</run_address>
         <size>0x13c</size>
         <input_file_ref idref="fl-de"/>
      </object_component>
      <object_component id="oc-2e7">
         <name>.text</name>
         <load_address>0x53f8</load_address>
         <run_address>0x53f8</run_address>
         <size>0x136</size>
         <input_file_ref idref="fl-e1"/>
      </object_component>
      <object_component id="oc-304">
         <name>.text:fcvt</name>
         <load_address>0x5530</load_address>
         <run_address>0x5530</run_address>
         <size>0x124</size>
         <input_file_ref idref="fl-de"/>
      </object_component>
      <object_component id="oc-136">
         <name>.text</name>
         <load_address>0x5654</load_address>
         <run_address>0x5654</run_address>
         <size>0x120</size>
         <input_file_ref idref="fl-9"/>
      </object_component>
      <object_component id="oc-318">
         <name>.text:scalbn</name>
         <load_address>0x5774</load_address>
         <run_address>0x5774</run_address>
         <size>0x110</size>
         <input_file_ref idref="fl-ef"/>
      </object_component>
      <object_component id="oc-344">
         <name>.text:aligned_alloc</name>
         <load_address>0x5884</load_address>
         <run_address>0x5884</run_address>
         <size>0x100</size>
         <input_file_ref idref="fl-db"/>
      </object_component>
      <object_component id="oc-4d">
         <name>.text</name>
         <load_address>0x5984</load_address>
         <run_address>0x5984</run_address>
         <size>0xfc</size>
         <input_file_ref idref="fl-d2"/>
      </object_component>
      <object_component id="oc-23f">
         <name>.text:free</name>
         <load_address>0x5a80</load_address>
         <run_address>0x5a80</run_address>
         <size>0xe4</size>
         <input_file_ref idref="fl-db"/>
      </object_component>
      <object_component id="oc-274">
         <name>.text:_ltostr</name>
         <load_address>0x5b64</load_address>
         <run_address>0x5b64</run_address>
         <size>0xb1</size>
         <input_file_ref idref="fl-de"/>
      </object_component>
      <object_component id="oc-3e">
         <name>.text</name>
         <load_address>0x5c16</load_address>
         <run_address>0x5c16</run_address>
         <size>0x9c</size>
         <input_file_ref idref="fl-d6"/>
      </object_component>
      <object_component id="oc-231">
         <name>.text</name>
         <load_address>0x5cb2</load_address>
         <run_address>0x5cb2</run_address>
         <size>0x96</size>
         <input_file_ref idref="fl-da"/>
      </object_component>
      <object_component id="oc-27a">
         <name>.text:__aeabi_cdcmple</name>
         <load_address>0x5d48</load_address>
         <run_address>0x5d48</run_address>
         <size>0x86</size>
         <input_file_ref idref="fl-e0"/>
      </object_component>
      <object_component id="oc-2ec">
         <name>.text:__aeabi_cdrcmple</name>
         <load_address>0x5dce</load_address>
         <run_address>0x5dce</run_address>
         <size>0x86</size>
         <input_file_ref idref="fl-e0"/>
      </object_component>
      <object_component id="oc-57">
         <name>.text</name>
         <load_address>0x5e54</load_address>
         <run_address>0x5e54</run_address>
         <size>0x7a</size>
         <input_file_ref idref="fl-d8"/>
      </object_component>
      <object_component id="oc-380">
         <name>.text:split</name>
         <load_address>0x5ed0</load_address>
         <run_address>0x5ed0</run_address>
         <size>0x70</size>
         <input_file_ref idref="fl-db"/>
      </object_component>
      <object_component id="oc-2fd">
         <name>.text:_mcpy</name>
         <load_address>0x5f40</load_address>
         <run_address>0x5f40</run_address>
         <size>0x6e</size>
         <input_file_ref idref="fl-de"/>
      </object_component>
      <object_component id="oc-1cf">
         <name>.text</name>
         <load_address>0x5fae</load_address>
         <run_address>0x5fae</run_address>
         <size>0x6e</size>
         <input_file_ref idref="fl-d9"/>
      </object_component>
      <object_component id="oc-312">
         <name>.text:frexp</name>
         <load_address>0x601c</load_address>
         <run_address>0x601c</run_address>
         <size>0x64</size>
         <input_file_ref idref="fl-ee"/>
      </object_component>
      <object_component id="oc-15a">
         <name>.text</name>
         <load_address>0x6080</load_address>
         <run_address>0x6080</run_address>
         <size>0x58</size>
         <input_file_ref idref="fl-11"/>
      </object_component>
      <object_component id="oc-285">
         <name>.text:_pconv_f</name>
         <load_address>0x60d8</load_address>
         <run_address>0x60d8</run_address>
         <size>0x56</size>
         <input_file_ref idref="fl-de"/>
      </object_component>
      <object_component id="oc-2f1">
         <name>.text:__TI_ltoa</name>
         <load_address>0x612e</load_address>
         <run_address>0x612e</run_address>
         <size>0x54</size>
         <input_file_ref idref="fl-e7"/>
      </object_component>
      <object_component id="oc-2f7">
         <name>.text:_ecpy</name>
         <load_address>0x6182</load_address>
         <run_address>0x6182</run_address>
         <size>0x52</size>
         <input_file_ref idref="fl-de"/>
      </object_component>
      <object_component id="oc-26e">
         <name>.text:atoi</name>
         <load_address>0x61d4</load_address>
         <run_address>0x61d4</run_address>
         <size>0x4c</size>
         <input_file_ref idref="fl-e9"/>
      </object_component>
      <object_component id="oc-52">
         <name>.text</name>
         <load_address>0x6220</load_address>
         <run_address>0x6220</run_address>
         <size>0x48</size>
         <input_file_ref idref="fl-d3"/>
      </object_component>
      <object_component id="oc-1ca">
         <name>.text</name>
         <load_address>0x6268</load_address>
         <run_address>0x6268</run_address>
         <size>0x44</size>
         <input_file_ref idref="fl-d4"/>
      </object_component>
      <object_component id="oc-130">
         <name>.text</name>
         <load_address>0x62ac</load_address>
         <run_address>0x62ac</run_address>
         <size>0x42</size>
         <input_file_ref idref="fl-6"/>
      </object_component>
      <object_component id="oc-1bf">
         <name>.text:sprintf</name>
         <load_address>0x62f0</load_address>
         <run_address>0x62f0</run_address>
         <size>0x40</size>
         <input_file_ref idref="fl-d0"/>
      </object_component>
      <object_component id="oc-30a">
         <name>.text:_fcpy</name>
         <load_address>0x6330</load_address>
         <run_address>0x6330</run_address>
         <size>0x3e</size>
         <input_file_ref idref="fl-de"/>
      </object_component>
      <object_component id="oc-239">
         <name>.text:calloc</name>
         <load_address>0x6370</load_address>
         <run_address>0x6370</run_address>
         <size>0x38</size>
         <input_file_ref idref="fl-db"/>
      </object_component>
      <object_component id="oc-43">
         <name>.text</name>
         <load_address>0x63a8</load_address>
         <run_address>0x63a8</run_address>
         <size>0x2e</size>
         <input_file_ref idref="fl-d5"/>
      </object_component>
      <object_component id="oc-bf">
         <name>.text:_c_int00_noinit_noargs:_c_int00_noinit_noargs</name>
         <load_address>0x63d8</load_address>
         <run_address>0x63d8</run_address>
         <size>0x2c</size>
         <input_file_ref idref="fl-dd"/>
      </object_component>
      <object_component id="oc-12a">
         <name>.text</name>
         <load_address>0x6404</load_address>
         <run_address>0x6404</run_address>
         <size>0x28</size>
         <input_file_ref idref="fl-e"/>
      </object_component>
      <object_component id="oc-2c8">
         <name>.text:free_list_insert</name>
         <load_address>0x642c</load_address>
         <run_address>0x642c</run_address>
         <size>0x28</size>
         <input_file_ref idref="fl-db"/>
      </object_component>
      <object_component id="oc-1c5">
         <name>.text</name>
         <load_address>0x6454</load_address>
         <run_address>0x6454</run_address>
         <size>0x20</size>
         <input_file_ref idref="fl-d7"/>
      </object_component>
      <object_component id="oc-2c2">
         <name>.text:free_list_remove</name>
         <load_address>0x6474</load_address>
         <run_address>0x6474</run_address>
         <size>0x1c</size>
         <input_file_ref idref="fl-db"/>
      </object_component>
      <object_component id="oc-297">
         <name>.text:memccpy</name>
         <load_address>0x6490</load_address>
         <run_address>0x6490</run_address>
         <size>0x1c</size>
         <input_file_ref idref="fl-eb"/>
      </object_component>
      <object_component id="oc-364">
         <name>.text:copysign</name>
         <load_address>0x64ac</load_address>
         <run_address>0x64ac</run_address>
         <size>0x1a</size>
         <input_file_ref idref="fl-f0"/>
      </object_component>
      <object_component id="oc-217">
         <name>.text:_outs</name>
         <load_address>0x64c6</load_address>
         <run_address>0x64c6</run_address>
         <size>0x18</size>
         <input_file_ref idref="fl-d0"/>
      </object_component>
      <object_component id="oc-31e">
         <name>.text:strchr</name>
         <load_address>0x64de</load_address>
         <run_address>0x64de</run_address>
         <size>0x16</size>
         <input_file_ref idref="fl-ec"/>
      </object_component>
      <object_component id="oc-1b6">
         <name>.text:strlen</name>
         <load_address>0x64f4</load_address>
         <run_address>0x64f4</run_address>
         <size>0x14</size>
         <input_file_ref idref="fl-dc"/>
      </object_component>
      <object_component id="oc-1ad">
         <name>.text</name>
         <load_address>0x6508</load_address>
         <run_address>0x6508</run_address>
         <size>0x12</size>
         <input_file_ref idref="fl-12"/>
      </object_component>
      <object_component id="oc-29d">
         <name>.text:wcslen</name>
         <load_address>0x651a</load_address>
         <run_address>0x651a</run_address>
         <size>0x12</size>
         <input_file_ref idref="fl-f1"/>
      </object_component>
      <object_component id="oc-1c">
         <name>.text</name>
         <load_address>0x652c</load_address>
         <run_address>0x652c</run_address>
         <size>0xc</size>
         <input_file_ref idref="fl-3"/>
      </object_component>
      <object_component id="oc-21d">
         <name>.text:_outc</name>
         <load_address>0x6538</load_address>
         <run_address>0x6538</run_address>
         <size>0xa</size>
         <input_file_ref idref="fl-d0"/>
      </object_component>
      <object_component id="oc-2a3">
         <name>.text:__aeabi_errno_addr</name>
         <load_address>0x6544</load_address>
         <run_address>0x6544</run_address>
         <size>0x8</size>
         <input_file_ref idref="fl-ed"/>
      </object_component>
      <object_component id="oc-2bb">
         <name>.text:malloc</name>
         <load_address>0x654c</load_address>
         <run_address>0x654c</run_address>
         <size>0x8</size>
         <input_file_ref idref="fl-db"/>
      </object_component>
      <object_component id="oc-10d">
         <name>.text:_system_pre_init</name>
         <load_address>0x6554</load_address>
         <run_address>0x6554</run_address>
         <size>0x4</size>
         <input_file_ref idref="fl-e3"/>
      </object_component>
      <object_component id="oc-16a">
         <name>.text:abort:abort</name>
         <load_address>0x6558</load_address>
         <run_address>0x6558</run_address>
         <size>0x4</size>
         <input_file_ref idref="fl-e5"/>
      </object_component>
      <object_component id="oc-2e0">
         <name>.const:.string:_ctypes_</name>
         <load_address>0x655c</load_address>
         <run_address>0x655c</run_address>
         <size>0x101</size>
         <input_file_ref idref="fl-ea"/>
      </object_component>
      <object_component id="oc-98">
         <name>.const:.string:$P$T0$1</name>
         <load_address>0x665d</load_address>
         <run_address>0x665d</run_address>
         <size>0x5</size>
         <input_file_ref idref="fl-5"/>
      </object_component>
      <object_component id="oc-6d">
         <name>.data:Break_distance_data</name>
         <load_address>0x20000400</load_address>
         <run_address>0x20000400</run_address>
         <size>0x20</size>
         <input_file_ref idref="fl-2"/>
      </object_component>
      <object_component id="oc-67">
         <name>.data:Engine_distance_data</name>
         <load_address>0x20000420</load_address>
         <run_address>0x20000420</run_address>
         <size>0x20</size>
         <input_file_ref idref="fl-2"/>
      </object_component>
      <object_component id="oc-6a">
         <name>.data:Mission_distance_data</name>
         <load_address>0x20000440</load_address>
         <run_address>0x20000440</run_address>
         <size>0x20</size>
         <input_file_ref idref="fl-2"/>
      </object_component>
      <object_component id="oc-166">
         <name>.data:distance_data_clear</name>
         <load_address>0x20000460</load_address>
         <run_address>0x20000460</run_address>
         <size>0x20</size>
         <input_file_ref idref="fl-2"/>
      </object_component>
      <object_component id="oc-74">
         <name>.data</name>
         <load_address>0x20000480</load_address>
         <run_address>0x20000480</run_address>
         <size>0x18</size>
         <input_file_ref idref="fl-2"/>
      </object_component>
      <object_component id="oc-9b">
         <name>.data:DA1$2</name>
         <load_address>0x20000498</load_address>
         <run_address>0x20000498</run_address>
         <size>0x11</size>
         <input_file_ref idref="fl-5"/>
      </object_component>
      <object_component id="oc-81">
         <name>.data:Break_distance_array</name>
         <load_address>0x200004a9</load_address>
         <run_address>0x200004a9</run_address>
         <size>0x10</size>
         <input_file_ref idref="fl-2"/>
      </object_component>
      <object_component id="oc-7b">
         <name>.data:Engine_distance_array</name>
         <load_address>0x200004b9</load_address>
         <run_address>0x200004b9</run_address>
         <size>0x10</size>
         <input_file_ref idref="fl-2"/>
      </object_component>
      <object_component id="oc-7e">
         <name>.data:Mission_distance_array</name>
         <load_address>0x200004c9</load_address>
         <run_address>0x200004c9</run_address>
         <size>0x10</size>
         <input_file_ref idref="fl-2"/>
      </object_component>
      <object_component id="oc-78">
         <name>.data:distance_array</name>
         <load_address>0x200004d9</load_address>
         <run_address>0x200004d9</run_address>
         <size>0x10</size>
         <input_file_ref idref="fl-2"/>
      </object_component>
      <object_component id="oc-a3">
         <name>.data:DB1$10</name>
         <load_address>0x200004e9</load_address>
         <run_address>0x200004e9</run_address>
         <size>0x2</size>
         <input_file_ref idref="fl-5"/>
      </object_component>
      <object_component id="oc-1e7">
         <name>.data:$O1$$</name>
         <load_address>0x200004ec</load_address>
         <run_address>0x200004ec</run_address>
         <size>0x8</size>
         <input_file_ref idref="fl-e6"/>
      </object_component>
      <object_component id="oc-34b">
         <name>.data:$O1$$</name>
         <load_address>0x200004f4</load_address>
         <run_address>0x200004f4</run_address>
         <size>0x8</size>
         <input_file_ref idref="fl-db"/>
      </object_component>
      <object_component id="oc-a4">
         <name>.data:DB2$11</name>
         <load_address>0x200004fc</load_address>
         <run_address>0x200004fc</run_address>
         <size>0x8</size>
         <input_file_ref idref="fl-5"/>
      </object_component>
      <object_component id="oc-9d">
         <name>.data:DB2$4</name>
         <load_address>0x20000504</load_address>
         <run_address>0x20000504</run_address>
         <size>0x8</size>
         <input_file_ref idref="fl-5"/>
      </object_component>
      <object_component id="oc-a8">
         <name>.data:DD2$15</name>
         <load_address>0x2000050c</load_address>
         <run_address>0x2000050c</run_address>
         <size>0x8</size>
         <input_file_ref idref="fl-5"/>
      </object_component>
      <object_component id="oc-9f">
         <name>.data:DD2$6</name>
         <load_address>0x20000514</load_address>
         <run_address>0x20000514</run_address>
         <size>0x8</size>
         <input_file_ref idref="fl-5"/>
      </object_component>
      <object_component id="oc-32e">
         <name>.data</name>
         <load_address>0x2000051c</load_address>
         <run_address>0x2000051c</run_address>
         <size>0x4</size>
         <input_file_ref idref="fl-ed"/>
      </object_component>
      <object_component id="oc-9c">
         <name>.data:DB1$3</name>
         <load_address>0x20000520</load_address>
         <run_address>0x20000520</run_address>
         <size>0x2</size>
         <input_file_ref idref="fl-5"/>
      </object_component>
      <object_component id="oc-a5">
         <name>.data:DC1$12</name>
         <load_address>0x20000522</load_address>
         <run_address>0x20000522</run_address>
         <size>0x2</size>
         <input_file_ref idref="fl-5"/>
      </object_component>
      <object_component id="oc-73">
         <name>.data:DC1$2</name>
         <load_address>0x20000524</load_address>
         <run_address>0x20000524</run_address>
         <size>0x2</size>
         <input_file_ref idref="fl-16"/>
      </object_component>
      <object_component id="oc-a0">
         <name>.data:DC1$7</name>
         <load_address>0x20000526</load_address>
         <run_address>0x20000526</run_address>
         <size>0x2</size>
         <input_file_ref idref="fl-5"/>
      </object_component>
      <object_component id="oc-a2">
         <name>.data:DC1$9</name>
         <load_address>0x20000528</load_address>
         <run_address>0x20000528</run_address>
         <size>0x2</size>
         <input_file_ref idref="fl-5"/>
      </object_component>
      <object_component id="oc-a6">
         <name>.data:DC2$13</name>
         <load_address>0x2000052a</load_address>
         <run_address>0x2000052a</run_address>
         <size>0x2</size>
         <input_file_ref idref="fl-5"/>
      </object_component>
      <object_component id="oc-a1">
         <name>.data:DC2$8</name>
         <load_address>0x2000052c</load_address>
         <run_address>0x2000052c</run_address>
         <size>0x2</size>
         <input_file_ref idref="fl-5"/>
      </object_component>
      <object_component id="oc-a7">
         <name>.data:DD1$14</name>
         <load_address>0x2000052e</load_address>
         <run_address>0x2000052e</run_address>
         <size>0x2</size>
         <input_file_ref idref="fl-5"/>
      </object_component>
      <object_component id="oc-5f">
         <name>.data:DD1$1</name>
         <load_address>0x20000530</load_address>
         <run_address>0x20000530</run_address>
         <size>0x2</size>
         <input_file_ref idref="fl-16"/>
      </object_component>
      <object_component id="oc-9e">
         <name>.data:DD1$5</name>
         <load_address>0x20000532</load_address>
         <run_address>0x20000532</run_address>
         <size>0x2</size>
         <input_file_ref idref="fl-5"/>
      </object_component>
      <object_component id="oc-1bc">
         <name>.data</name>
         <load_address>0x20000534</load_address>
         <run_address>0x20000534</run_address>
         <size>0x2</size>
         <input_file_ref idref="fl-7"/>
      </object_component>
      <object_component id="oc-60">
         <name>.common:speed</name>
         <uninitialized>true</uninitialized>
         <run_address>0x20000598</run_address>
         <size>0x4</size>
      </object_component>
      <object_component id="oc-77">
         <name>.common:int_distance</name>
         <uninitialized>true</uninitialized>
         <run_address>0x20000590</run_address>
         <size>0x4</size>
      </object_component>
      <object_component id="oc-70">
         <name>.common:Engine_int_distance</name>
         <uninitialized>true</uninitialized>
         <run_address>0x20000588</run_address>
         <size>0x4</size>
      </object_component>
      <object_component id="oc-71">
         <name>.common:Mission_int_distance</name>
         <uninitialized>true</uninitialized>
         <run_address>0x2000058c</run_address>
         <size>0x4</size>
      </object_component>
      <object_component id="oc-72">
         <name>.common:Break_int_distance</name>
         <uninitialized>true</uninitialized>
         <run_address>0x20000554</run_address>
         <size>0x4</size>
      </object_component>
      <object_component id="oc-8b">
         <name>.common:irq_status</name>
         <uninitialized>true</uninitialized>
         <run_address>0x20000594</run_address>
         <size>0x4</size>
      </object_component>
      <object_component id="oc-64">
         <name>.common:Engine_distance2</name>
         <uninitialized>true</uninitialized>
         <run_address>0x20000568</run_address>
         <size>0x8</size>
      </object_component>
      <object_component id="oc-65">
         <name>.common:Mission_distance2</name>
         <uninitialized>true</uninitialized>
         <run_address>0x20000578</run_address>
         <size>0x8</size>
      </object_component>
      <object_component id="oc-66">
         <name>.common:Break_distance2</name>
         <uninitialized>true</uninitialized>
         <run_address>0x20000558</run_address>
         <size>0x8</size>
      </object_component>
      <object_component id="oc-61">
         <name>.common:Engine_interval</name>
         <uninitialized>true</uninitialized>
         <run_address>0x20000570</run_address>
         <size>0x8</size>
      </object_component>
      <object_component id="oc-62">
         <name>.common:Mission_interval</name>
         <uninitialized>true</uninitialized>
         <run_address>0x20000580</run_address>
         <size>0x8</size>
      </object_component>
      <object_component id="oc-63">
         <name>.common:Break_interval</name>
         <uninitialized>true</uninitialized>
         <run_address>0x20000560</run_address>
         <size>0x8</size>
      </object_component>
      <object_component id="oc-5c">
         <name>.common:globalCanData</name>
         <uninitialized>true</uninitialized>
         <run_address>0x20000538</run_address>
         <size>0x1c</size>
      </object_component>
      <object_component id="oc-16">
         <name>.sysmem</name>
         <uninitialized>true</uninitialized>
         <run_address>0x200005a0</run_address>
         <size>0x10</size>
         <input_file_ref idref="fl-db"/>
      </object_component>
      <object_component id="oc-3c4">
         <name>.sysmem</name>
         <uninitialized>true</uninitialized>
         <run_address>0x200005a0</run_address>
         <size>0x0</size>
      </object_component>
      <object_component id="oc-19">
         <name>.stack</name>
         <uninitialized>true</uninitialized>
         <run_address>0x20000000</run_address>
         <size>0x4</size>
         <input_file_ref idref="fl-dd"/>
      </object_component>
      <object_component id="oc-3c3">
         <name>.stack</name>
         <uninitialized>true</uninitialized>
         <run_address>0x20000000</run_address>
         <size>0x0</size>
      </object_component>
      <object_component id="oc-5d">
         <name>.debug_info</name>
         <load_address>0x0</load_address>
         <run_address>0x0</run_address>
         <size>0xd3f</size>
         <input_file_ref idref="fl-2"/>
      </object_component>
      <object_component id="oc-75">
         <name>.debug_info</name>
         <load_address>0xd3f</load_address>
         <run_address>0xd3f</run_address>
         <size>0x18e</size>
         <input_file_ref idref="fl-2"/>
      </object_component>
      <object_component id="oc-79">
         <name>.debug_info</name>
         <load_address>0xecd</load_address>
         <run_address>0xecd</run_address>
         <size>0xe9</size>
         <input_file_ref idref="fl-2"/>
      </object_component>
      <object_component id="oc-7c">
         <name>.debug_info</name>
         <load_address>0xfb6</load_address>
         <run_address>0xfb6</run_address>
         <size>0xf7</size>
         <input_file_ref idref="fl-2"/>
      </object_component>
      <object_component id="oc-7f">
         <name>.debug_info</name>
         <load_address>0x10ad</load_address>
         <run_address>0x10ad</run_address>
         <size>0xf9</size>
         <input_file_ref idref="fl-2"/>
      </object_component>
      <object_component id="oc-82">
         <name>.debug_info</name>
         <load_address>0x11a6</load_address>
         <run_address>0x11a6</run_address>
         <size>0xf5</size>
         <input_file_ref idref="fl-2"/>
      </object_component>
      <object_component id="oc-167">
         <name>.debug_info</name>
         <load_address>0x129b</load_address>
         <run_address>0x129b</run_address>
         <size>0xf3</size>
         <input_file_ref idref="fl-2"/>
      </object_component>
      <object_component id="oc-68">
         <name>.debug_info</name>
         <load_address>0x138e</load_address>
         <run_address>0x138e</run_address>
         <size>0xf5</size>
         <input_file_ref idref="fl-2"/>
      </object_component>
      <object_component id="oc-6b">
         <name>.debug_info</name>
         <load_address>0x1483</load_address>
         <run_address>0x1483</run_address>
         <size>0xf7</size>
         <input_file_ref idref="fl-2"/>
      </object_component>
      <object_component id="oc-6e">
         <name>.debug_info</name>
         <load_address>0x157a</load_address>
         <run_address>0x157a</run_address>
         <size>0xf3</size>
         <input_file_ref idref="fl-2"/>
      </object_component>
      <object_component id="oc-114">
         <name>.debug_info</name>
         <load_address>0x166d</load_address>
         <run_address>0x166d</run_address>
         <size>0x66b</size>
         <input_file_ref idref="fl-2"/>
      </object_component>
      <object_component id="oc-df">
         <name>.debug_info</name>
         <load_address>0x1cd8</load_address>
         <run_address>0x1cd8</run_address>
         <size>0x5e</size>
         <input_file_ref idref="fl-2"/>
      </object_component>
      <object_component id="oc-ae">
         <name>.debug_info</name>
         <load_address>0x1d36</load_address>
         <run_address>0x1d36</run_address>
         <size>0x26b</size>
         <input_file_ref idref="fl-2"/>
      </object_component>
      <object_component id="oc-37">
         <name>.debug_info</name>
         <load_address>0x1fa1</load_address>
         <run_address>0x1fa1</run_address>
         <size>0x84</size>
         <input_file_ref idref="fl-2"/>
      </object_component>
      <object_component id="oc-fe">
         <name>.debug_info</name>
         <load_address>0x2025</load_address>
         <run_address>0x2025</run_address>
         <size>0x2a4</size>
         <input_file_ref idref="fl-2"/>
      </object_component>
      <object_component id="oc-85">
         <name>.debug_info</name>
         <load_address>0x22c9</load_address>
         <run_address>0x22c9</run_address>
         <size>0xbb</size>
         <input_file_ref idref="fl-2"/>
      </object_component>
      <object_component id="oc-e9">
         <name>.debug_info</name>
         <load_address>0x2384</load_address>
         <run_address>0x2384</run_address>
         <size>0xcc</size>
         <input_file_ref idref="fl-2"/>
      </object_component>
      <object_component id="oc-225">
         <name>.debug_info</name>
         <load_address>0x2450</load_address>
         <run_address>0x2450</run_address>
         <size>0x2c</size>
         <input_file_ref idref="fl-2"/>
      </object_component>
      <object_component id="oc-e4">
         <name>.debug_info</name>
         <load_address>0x247c</load_address>
         <run_address>0x247c</run_address>
         <size>0x35</size>
         <input_file_ref idref="fl-2"/>
      </object_component>
      <object_component id="oc-30">
         <name>.debug_info</name>
         <load_address>0x24b1</load_address>
         <run_address>0x24b1</run_address>
         <size>0x312</size>
         <input_file_ref idref="fl-3"/>
      </object_component>
      <object_component id="oc-13">
         <name>.debug_info</name>
         <load_address>0x27c3</load_address>
         <run_address>0x27c3</run_address>
         <size>0xe9</size>
         <input_file_ref idref="fl-3"/>
      </object_component>
      <object_component id="oc-1e">
         <name>.debug_info</name>
         <load_address>0x28ac</load_address>
         <run_address>0x28ac</run_address>
         <size>0x265</size>
         <input_file_ref idref="fl-3"/>
      </object_component>
      <object_component id="oc-aa">
         <name>.debug_info</name>
         <load_address>0x2b11</load_address>
         <run_address>0x2b11</run_address>
         <size>0x3bf</size>
         <input_file_ref idref="fl-5"/>
      </object_component>
      <object_component id="oc-99">
         <name>.debug_info</name>
         <load_address>0x2ed0</load_address>
         <run_address>0x2ed0</run_address>
         <size>0xd6</size>
         <input_file_ref idref="fl-5"/>
      </object_component>
      <object_component id="oc-29">
         <name>.debug_info</name>
         <load_address>0x2fa6</load_address>
         <run_address>0x2fa6</run_address>
         <size>0xf02</size>
         <input_file_ref idref="fl-5"/>
      </object_component>
      <object_component id="oc-131">
         <name>.debug_info</name>
         <load_address>0x3ea8</load_address>
         <run_address>0x3ea8</run_address>
         <size>0x1a7</size>
         <input_file_ref idref="fl-6"/>
      </object_component>
      <object_component id="oc-1b5">
         <name>.debug_info</name>
         <load_address>0x404f</load_address>
         <run_address>0x404f</run_address>
         <size>0x3a2</size>
         <input_file_ref idref="fl-7"/>
      </object_component>
      <object_component id="oc-1bd">
         <name>.debug_info</name>
         <load_address>0x43f1</load_address>
         <run_address>0x43f1</run_address>
         <size>0xeb</size>
         <input_file_ref idref="fl-7"/>
      </object_component>
      <object_component id="oc-149">
         <name>.debug_info</name>
         <load_address>0x44dc</load_address>
         <run_address>0x44dc</run_address>
         <size>0xf63</size>
         <input_file_ref idref="fl-7"/>
      </object_component>
      <object_component id="oc-1e0">
         <name>.debug_info</name>
         <load_address>0x543f</load_address>
         <run_address>0x543f</run_address>
         <size>0x37c</size>
         <input_file_ref idref="fl-8"/>
      </object_component>
      <object_component id="oc-161">
         <name>.debug_info</name>
         <load_address>0x57bb</load_address>
         <run_address>0x57bb</run_address>
         <size>0x58e</size>
         <input_file_ref idref="fl-8"/>
      </object_component>
      <object_component id="oc-138">
         <name>.debug_info</name>
         <load_address>0x5d49</load_address>
         <run_address>0x5d49</run_address>
         <size>0x292</size>
         <input_file_ref idref="fl-9"/>
      </object_component>
      <object_component id="oc-145">
         <name>.debug_info</name>
         <load_address>0x5fdb</load_address>
         <run_address>0x5fdb</run_address>
         <size>0x36d</size>
         <input_file_ref idref="fl-a"/>
      </object_component>
      <object_component id="oc-1ac">
         <name>.debug_info</name>
         <load_address>0x6348</load_address>
         <run_address>0x6348</run_address>
         <size>0x27f</size>
         <input_file_ref idref="fl-d"/>
      </object_component>
      <object_component id="oc-140">
         <name>.debug_info</name>
         <load_address>0x65c7</load_address>
         <run_address>0x65c7</run_address>
         <size>0x4d7</size>
         <input_file_ref idref="fl-d"/>
      </object_component>
      <object_component id="oc-12c">
         <name>.debug_info</name>
         <load_address>0x6a9e</load_address>
         <run_address>0x6a9e</run_address>
         <size>0x197</size>
         <input_file_ref idref="fl-e"/>
      </object_component>
      <object_component id="oc-106">
         <name>.debug_info</name>
         <load_address>0x6c35</load_address>
         <run_address>0x6c35</run_address>
         <size>0x294</size>
         <input_file_ref idref="fl-f"/>
      </object_component>
      <object_component id="oc-8d">
         <name>.debug_info</name>
         <load_address>0x6ec9</load_address>
         <run_address>0x6ec9</run_address>
         <size>0x417</size>
         <input_file_ref idref="fl-f"/>
      </object_component>
      <object_component id="oc-108">
         <name>.debug_info</name>
         <load_address>0x72e0</load_address>
         <run_address>0x72e0</run_address>
         <size>0x295</size>
         <input_file_ref idref="fl-10"/>
      </object_component>
      <object_component id="oc-96">
         <name>.debug_info</name>
         <load_address>0x7575</load_address>
         <run_address>0x7575</run_address>
         <size>0x444</size>
         <input_file_ref idref="fl-10"/>
      </object_component>
      <object_component id="oc-15d">
         <name>.debug_info</name>
         <load_address>0x79b9</load_address>
         <run_address>0x79b9</run_address>
         <size>0x129</size>
         <input_file_ref idref="fl-11"/>
      </object_component>
      <object_component id="oc-1b1">
         <name>.debug_info</name>
         <load_address>0x7ae2</load_address>
         <run_address>0x7ae2</run_address>
         <size>0x107</size>
         <input_file_ref idref="fl-12"/>
      </object_component>
      <object_component id="oc-246">
         <name>.debug_info</name>
         <load_address>0x7be9</load_address>
         <run_address>0x7be9</run_address>
         <size>0x34a</size>
         <input_file_ref idref="fl-13"/>
      </object_component>
      <object_component id="oc-1d9">
         <name>.debug_info</name>
         <load_address>0x7f33</load_address>
         <run_address>0x7f33</run_address>
         <size>0x18f7</size>
         <input_file_ref idref="fl-13"/>
      </object_component>
      <object_component id="oc-1d5">
         <name>.debug_info</name>
         <load_address>0x982a</load_address>
         <run_address>0x982a</run_address>
         <size>0x579</size>
         <input_file_ref idref="fl-14"/>
      </object_component>
      <object_component id="oc-14f">
         <name>.debug_info</name>
         <load_address>0x9da3</load_address>
         <run_address>0x9da3</run_address>
         <size>0x1618</size>
         <input_file_ref idref="fl-14"/>
      </object_component>
      <object_component id="oc-1dd">
         <name>.debug_info</name>
         <load_address>0xb3bb</load_address>
         <run_address>0xb3bb</run_address>
         <size>0x448</size>
         <input_file_ref idref="fl-15"/>
      </object_component>
      <object_component id="oc-156">
         <name>.debug_info</name>
         <load_address>0xb803</load_address>
         <run_address>0xb803</run_address>
         <size>0xe02</size>
         <input_file_ref idref="fl-15"/>
      </object_component>
      <object_component id="oc-8a">
         <name>.debug_info</name>
         <load_address>0xc605</load_address>
         <run_address>0xc605</run_address>
         <size>0x694</size>
         <input_file_ref idref="fl-16"/>
      </object_component>
      <object_component id="oc-25">
         <name>.debug_info</name>
         <load_address>0xcc99</load_address>
         <run_address>0xcc99</run_address>
         <size>0x7a0</size>
         <input_file_ref idref="fl-16"/>
      </object_component>
      <object_component id="oc-224">
         <name>.debug_info</name>
         <load_address>0xd439</load_address>
         <run_address>0xd439</run_address>
         <size>0x333</size>
         <input_file_ref idref="fl-d0"/>
      </object_component>
      <object_component id="oc-1c2">
         <name>.debug_info</name>
         <load_address>0xd76c</load_address>
         <run_address>0xd76c</run_address>
         <size>0x1d1</size>
         <input_file_ref idref="fl-d0"/>
      </object_component>
      <object_component id="oc-21a">
         <name>.debug_info</name>
         <load_address>0xd93d</load_address>
         <run_address>0xd93d</run_address>
         <size>0x18d</size>
         <input_file_ref idref="fl-d0"/>
      </object_component>
      <object_component id="oc-221">
         <name>.debug_info</name>
         <load_address>0xdaca</load_address>
         <run_address>0xdaca</run_address>
         <size>0x16d</size>
         <input_file_ref idref="fl-d0"/>
      </object_component>
      <object_component id="oc-335">
         <name>.debug_info</name>
         <load_address>0xdc37</load_address>
         <run_address>0xdc37</run_address>
         <size>0x2c</size>
         <input_file_ref idref="fl-d0"/>
      </object_component>
      <object_component id="oc-4b">
         <name>.debug_info</name>
         <load_address>0xdc63</load_address>
         <run_address>0xdc63</run_address>
         <size>0x14c</size>
         <input_file_ref idref="fl-d1"/>
      </object_component>
      <object_component id="oc-4f">
         <name>.debug_info</name>
         <load_address>0xddaf</load_address>
         <run_address>0xddaf</run_address>
         <size>0x13a</size>
         <input_file_ref idref="fl-d2"/>
      </object_component>
      <object_component id="oc-53">
         <name>.debug_info</name>
         <load_address>0xdee9</load_address>
         <run_address>0xdee9</run_address>
         <size>0x12e</size>
         <input_file_ref idref="fl-d3"/>
      </object_component>
      <object_component id="oc-1cb">
         <name>.debug_info</name>
         <load_address>0xe017</load_address>
         <run_address>0xe017</run_address>
         <size>0x139</size>
         <input_file_ref idref="fl-d4"/>
      </object_component>
      <object_component id="oc-45">
         <name>.debug_info</name>
         <load_address>0xe150</load_address>
         <run_address>0xe150</run_address>
         <size>0x12c</size>
         <input_file_ref idref="fl-d5"/>
      </object_component>
      <object_component id="oc-40">
         <name>.debug_info</name>
         <load_address>0xe27c</load_address>
         <run_address>0xe27c</run_address>
         <size>0x119</size>
         <input_file_ref idref="fl-d6"/>
      </object_component>
      <object_component id="oc-1c7">
         <name>.debug_info</name>
         <load_address>0xe395</load_address>
         <run_address>0xe395</run_address>
         <size>0x12e</size>
         <input_file_ref idref="fl-d7"/>
      </object_component>
      <object_component id="oc-58">
         <name>.debug_info</name>
         <load_address>0xe4c3</load_address>
         <run_address>0xe4c3</run_address>
         <size>0x147</size>
         <input_file_ref idref="fl-d8"/>
      </object_component>
      <object_component id="oc-1d2">
         <name>.debug_info</name>
         <load_address>0xe60a</load_address>
         <run_address>0xe60a</run_address>
         <size>0x13f</size>
         <input_file_ref idref="fl-d9"/>
      </object_component>
      <object_component id="oc-233">
         <name>.debug_info</name>
         <load_address>0xe749</load_address>
         <run_address>0xe749</run_address>
         <size>0x134</size>
         <input_file_ref idref="fl-da"/>
      </object_component>
      <object_component id="oc-33">
         <name>.debug_info</name>
         <load_address>0xe87d</load_address>
         <run_address>0xe87d</run_address>
         <size>0x3b2</size>
         <input_file_ref idref="fl-db"/>
      </object_component>
      <object_component id="oc-17">
         <name>.debug_info</name>
         <load_address>0xec2f</load_address>
         <run_address>0xec2f</run_address>
         <size>0x10c</size>
         <input_file_ref idref="fl-db"/>
      </object_component>
      <object_component id="oc-34c">
         <name>.debug_info</name>
         <load_address>0xed3b</load_address>
         <run_address>0xed3b</run_address>
         <size>0x13f</size>
         <input_file_ref idref="fl-db"/>
      </object_component>
      <object_component id="oc-2bd">
         <name>.debug_info</name>
         <load_address>0xee7a</load_address>
         <run_address>0xee7a</run_address>
         <size>0x168</size>
         <input_file_ref idref="fl-db"/>
      </object_component>
      <object_component id="oc-2c4">
         <name>.debug_info</name>
         <load_address>0xefe2</load_address>
         <run_address>0xefe2</run_address>
         <size>0x18e</size>
         <input_file_ref idref="fl-db"/>
      </object_component>
      <object_component id="oc-2ca">
         <name>.debug_info</name>
         <load_address>0xf170</load_address>
         <run_address>0xf170</run_address>
         <size>0x19f</size>
         <input_file_ref idref="fl-db"/>
      </object_component>
      <object_component id="oc-240">
         <name>.debug_info</name>
         <load_address>0xf30f</load_address>
         <run_address>0xf30f</run_address>
         <size>0x203</size>
         <input_file_ref idref="fl-db"/>
      </object_component>
      <object_component id="oc-381">
         <name>.debug_info</name>
         <load_address>0xf512</load_address>
         <run_address>0xf512</run_address>
         <size>0x1db</size>
         <input_file_ref idref="fl-db"/>
      </object_component>
      <object_component id="oc-23a">
         <name>.debug_info</name>
         <load_address>0xf6ed</load_address>
         <run_address>0xf6ed</run_address>
         <size>0x1a5</size>
         <input_file_ref idref="fl-db"/>
      </object_component>
      <object_component id="oc-345">
         <name>.debug_info</name>
         <load_address>0xf892</load_address>
         <run_address>0xf892</run_address>
         <size>0x299</size>
         <input_file_ref idref="fl-db"/>
      </object_component>
      <object_component id="oc-ba">
         <name>.debug_info</name>
         <load_address>0xfb2b</load_address>
         <run_address>0xfb2b</run_address>
         <size>0xb2</size>
         <input_file_ref idref="fl-db"/>
      </object_component>
      <object_component id="oc-b5">
         <name>.debug_info</name>
         <load_address>0xfbdd</load_address>
         <run_address>0xfbdd</run_address>
         <size>0x2c</size>
         <input_file_ref idref="fl-db"/>
      </object_component>
      <object_component id="oc-20e">
         <name>.debug_info</name>
         <load_address>0xfc09</load_address>
         <run_address>0xfc09</run_address>
         <size>0x28f</size>
         <input_file_ref idref="fl-dc"/>
      </object_component>
      <object_component id="oc-1b8">
         <name>.debug_info</name>
         <load_address>0xfe98</load_address>
         <run_address>0xfe98</run_address>
         <size>0x245</size>
         <input_file_ref idref="fl-dc"/>
      </object_component>
      <object_component id="oc-209">
         <name>.debug_info</name>
         <load_address>0x100dd</load_address>
         <run_address>0x100dd</run_address>
         <size>0x2c</size>
         <input_file_ref idref="fl-dc"/>
      </object_component>
      <object_component id="oc-1a">
         <name>.debug_info</name>
         <load_address>0x10109</load_address>
         <run_address>0x10109</run_address>
         <size>0x10b</size>
         <input_file_ref idref="fl-dd"/>
      </object_component>
      <object_component id="oc-c2">
         <name>.debug_info</name>
         <load_address>0x10214</load_address>
         <run_address>0x10214</run_address>
         <size>0x1a2</size>
         <input_file_ref idref="fl-dd"/>
      </object_component>
      <object_component id="oc-2aa">
         <name>.debug_info</name>
         <load_address>0x103b6</load_address>
         <run_address>0x103b6</run_address>
         <size>0x590</size>
         <input_file_ref idref="fl-de"/>
      </object_component>
      <object_component id="oc-278">
         <name>.debug_info</name>
         <load_address>0x10946</load_address>
         <run_address>0x10946</run_address>
         <size>0x21e</size>
         <input_file_ref idref="fl-de"/>
      </object_component>
      <object_component id="oc-2fb">
         <name>.debug_info</name>
         <load_address>0x10b64</load_address>
         <run_address>0x10b64</run_address>
         <size>0x1b3</size>
         <input_file_ref idref="fl-de"/>
      </object_component>
      <object_component id="oc-301">
         <name>.debug_info</name>
         <load_address>0x10d17</load_address>
         <run_address>0x10d17</run_address>
         <size>0x21b</size>
         <input_file_ref idref="fl-de"/>
      </object_component>
      <object_component id="oc-282">
         <name>.debug_info</name>
         <load_address>0x10f32</load_address>
         <run_address>0x10f32</run_address>
         <size>0x3c0</size>
         <input_file_ref idref="fl-de"/>
      </object_component>
      <object_component id="oc-307">
         <name>.debug_info</name>
         <load_address>0x112f2</load_address>
         <run_address>0x112f2</run_address>
         <size>0x30a</size>
         <input_file_ref idref="fl-de"/>
      </object_component>
      <object_component id="oc-30e">
         <name>.debug_info</name>
         <load_address>0x115fc</load_address>
         <run_address>0x115fc</run_address>
         <size>0x215</size>
         <input_file_ref idref="fl-de"/>
      </object_component>
      <object_component id="oc-289">
         <name>.debug_info</name>
         <load_address>0x11811</load_address>
         <run_address>0x11811</run_address>
         <size>0x215</size>
         <input_file_ref idref="fl-de"/>
      </object_component>
      <object_component id="oc-28f">
         <name>.debug_info</name>
         <load_address>0x11a26</load_address>
         <run_address>0x11a26</run_address>
         <size>0x304</size>
         <input_file_ref idref="fl-de"/>
      </object_component>
      <object_component id="oc-295">
         <name>.debug_info</name>
         <load_address>0x11d2a</load_address>
         <run_address>0x11d2a</run_address>
         <size>0x4b5</size>
         <input_file_ref idref="fl-de"/>
      </object_component>
      <object_component id="oc-215">
         <name>.debug_info</name>
         <load_address>0x121df</load_address>
         <run_address>0x121df</run_address>
         <size>0x5f4</size>
         <input_file_ref idref="fl-de"/>
      </object_component>
      <object_component id="oc-2ab">
         <name>.debug_info</name>
         <load_address>0x127d3</load_address>
         <run_address>0x127d3</run_address>
         <size>0x86</size>
         <input_file_ref idref="fl-de"/>
      </object_component>
      <object_component id="oc-33a">
         <name>.debug_info</name>
         <load_address>0x12859</load_address>
         <run_address>0x12859</run_address>
         <size>0x39</size>
         <input_file_ref idref="fl-de"/>
      </object_component>
      <object_component id="oc-37b">
         <name>.debug_info</name>
         <load_address>0x12892</load_address>
         <run_address>0x12892</run_address>
         <size>0xb6</size>
         <input_file_ref idref="fl-de"/>
      </object_component>
      <object_component id="oc-33f">
         <name>.debug_info</name>
         <load_address>0x12948</load_address>
         <run_address>0x12948</run_address>
         <size>0x46</size>
         <input_file_ref idref="fl-de"/>
      </object_component>
      <object_component id="oc-2b0">
         <name>.debug_info</name>
         <load_address>0x1298e</load_address>
         <run_address>0x1298e</run_address>
         <size>0x46</size>
         <input_file_ref idref="fl-de"/>
      </object_component>
      <object_component id="oc-22f">
         <name>.debug_info</name>
         <load_address>0x129d4</load_address>
         <run_address>0x129d4</run_address>
         <size>0x115</size>
         <input_file_ref idref="fl-df"/>
      </object_component>
      <object_component id="oc-27c">
         <name>.debug_info</name>
         <load_address>0x12ae9</load_address>
         <run_address>0x12ae9</run_address>
         <size>0x128</size>
         <input_file_ref idref="fl-e0"/>
      </object_component>
      <object_component id="oc-2ef">
         <name>.debug_info</name>
         <load_address>0x12c11</load_address>
         <run_address>0x12c11</run_address>
         <size>0x12a</size>
         <input_file_ref idref="fl-e0"/>
      </object_component>
      <object_component id="oc-2e9">
         <name>.debug_info</name>
         <load_address>0x12d3b</load_address>
         <run_address>0x12d3b</run_address>
         <size>0x13a</size>
         <input_file_ref idref="fl-e1"/>
      </object_component>
      <object_component id="oc-110">
         <name>.debug_info</name>
         <load_address>0x12e75</load_address>
         <run_address>0x12e75</run_address>
         <size>0x153</size>
         <input_file_ref idref="fl-e3"/>
      </object_component>
      <object_component id="oc-16b">
         <name>.debug_info</name>
         <load_address>0x12fc8</load_address>
         <run_address>0x12fc8</run_address>
         <size>0x122</size>
         <input_file_ref idref="fl-e5"/>
      </object_component>
      <object_component id="oc-255">
         <name>.debug_info</name>
         <load_address>0x130ea</load_address>
         <run_address>0x130ea</run_address>
         <size>0x2c9</size>
         <input_file_ref idref="fl-e6"/>
      </object_component>
      <object_component id="oc-1e8">
         <name>.debug_info</name>
         <load_address>0x133b3</load_address>
         <run_address>0x133b3</run_address>
         <size>0x11e</size>
         <input_file_ref idref="fl-e6"/>
      </object_component>
      <object_component id="oc-24e">
         <name>.debug_info</name>
         <load_address>0x134d1</load_address>
         <run_address>0x134d1</run_address>
         <size>0x12e</size>
         <input_file_ref idref="fl-e6"/>
      </object_component>
      <object_component id="oc-358">
         <name>.debug_info</name>
         <load_address>0x135ff</load_address>
         <run_address>0x135ff</run_address>
         <size>0x29c</size>
         <input_file_ref idref="fl-e7"/>
      </object_component>
      <object_component id="oc-2f2">
         <name>.debug_info</name>
         <load_address>0x1389b</load_address>
         <run_address>0x1389b</run_address>
         <size>0x1da</size>
         <input_file_ref idref="fl-e7"/>
      </object_component>
      <object_component id="oc-2e4">
         <name>.debug_info</name>
         <load_address>0x13a75</load_address>
         <run_address>0x13a75</run_address>
         <size>0x2b9</size>
         <input_file_ref idref="fl-e9"/>
      </object_component>
      <object_component id="oc-26f">
         <name>.debug_info</name>
         <load_address>0x13d2e</load_address>
         <run_address>0x13d2e</run_address>
         <size>0x17c</size>
         <input_file_ref idref="fl-e9"/>
      </object_component>
      <object_component id="oc-352">
         <name>.debug_info</name>
         <load_address>0x13eaa</load_address>
         <run_address>0x13eaa</run_address>
         <size>0xf9</size>
         <input_file_ref idref="fl-ea"/>
      </object_component>
      <object_component id="oc-2e1">
         <name>.debug_info</name>
         <load_address>0x13fa3</load_address>
         <run_address>0x13fa3</run_address>
         <size>0x105</size>
         <input_file_ref idref="fl-ea"/>
      </object_component>
      <object_component id="oc-326">
         <name>.debug_info</name>
         <load_address>0x140a8</load_address>
         <run_address>0x140a8</run_address>
         <size>0x2a7</size>
         <input_file_ref idref="fl-eb"/>
      </object_component>
      <object_component id="oc-298">
         <name>.debug_info</name>
         <load_address>0x1434f</load_address>
         <run_address>0x1434f</run_address>
         <size>0x1b8</size>
         <input_file_ref idref="fl-eb"/>
      </object_component>
      <object_component id="oc-36d">
         <name>.debug_info</name>
         <load_address>0x14507</load_address>
         <run_address>0x14507</run_address>
         <size>0x29a</size>
         <input_file_ref idref="fl-ec"/>
      </object_component>
      <object_component id="oc-322">
         <name>.debug_info</name>
         <load_address>0x147a1</load_address>
         <run_address>0x147a1</run_address>
         <size>0x262</size>
         <input_file_ref idref="fl-ec"/>
      </object_component>
      <object_component id="oc-332">
         <name>.debug_info</name>
         <load_address>0x14a03</load_address>
         <run_address>0x14a03</run_address>
         <size>0x289</size>
         <input_file_ref idref="fl-ed"/>
      </object_component>
      <object_component id="oc-32f">
         <name>.debug_info</name>
         <load_address>0x14c8c</load_address>
         <run_address>0x14c8c</run_address>
         <size>0x10e</size>
         <input_file_ref idref="fl-ed"/>
      </object_component>
      <object_component id="oc-2a6">
         <name>.debug_info</name>
         <load_address>0x14d9a</load_address>
         <run_address>0x14d9a</run_address>
         <size>0x14e</size>
         <input_file_ref idref="fl-ed"/>
      </object_component>
      <object_component id="oc-35e">
         <name>.debug_info</name>
         <load_address>0x14ee8</load_address>
         <run_address>0x14ee8</run_address>
         <size>0x295</size>
         <input_file_ref idref="fl-ee"/>
      </object_component>
      <object_component id="oc-313">
         <name>.debug_info</name>
         <load_address>0x1517d</load_address>
         <run_address>0x1517d</run_address>
         <size>0x195</size>
         <input_file_ref idref="fl-ee"/>
      </object_component>
      <object_component id="oc-38f">
         <name>.debug_info</name>
         <load_address>0x15312</load_address>
         <run_address>0x15312</run_address>
         <size>0x39</size>
         <input_file_ref idref="fl-ee"/>
      </object_component>
      <object_component id="oc-35f">
         <name>.debug_info</name>
         <load_address>0x1534b</load_address>
         <run_address>0x1534b</run_address>
         <size>0x2c</size>
         <input_file_ref idref="fl-ee"/>
      </object_component>
      <object_component id="oc-36b">
         <name>.debug_info</name>
         <load_address>0x15377</load_address>
         <run_address>0x15377</run_address>
         <size>0x2f8</size>
         <input_file_ref idref="fl-ef"/>
      </object_component>
      <object_component id="oc-319">
         <name>.debug_info</name>
         <load_address>0x1566f</load_address>
         <run_address>0x1566f</run_address>
         <size>0x225</size>
         <input_file_ref idref="fl-ef"/>
      </object_component>
      <object_component id="oc-365">
         <name>.debug_info</name>
         <load_address>0x15894</load_address>
         <run_address>0x15894</run_address>
         <size>0x161</size>
         <input_file_ref idref="fl-f0"/>
      </object_component>
      <object_component id="oc-32d">
         <name>.debug_info</name>
         <load_address>0x159f5</load_address>
         <run_address>0x159f5</run_address>
         <size>0x28f</size>
         <input_file_ref idref="fl-f1"/>
      </object_component>
      <object_component id="oc-2a1">
         <name>.debug_info</name>
         <load_address>0x15c84</load_address>
         <run_address>0x15c84</run_address>
         <size>0x15a</size>
         <input_file_ref idref="fl-f1"/>
      </object_component>
      <object_component id="oc-370">
         <name>.debug_info</name>
         <load_address>0x15dde</load_address>
         <run_address>0x15dde</run_address>
         <size>0x46</size>
         <input_file_ref idref="fl-f1"/>
      </object_component>
      <object_component id="oc-328">
         <name>.debug_info</name>
         <load_address>0x15e24</load_address>
         <run_address>0x15e24</run_address>
         <size>0x39</size>
         <input_file_ref idref="fl-f1"/>
      </object_component>
      <object_component id="oc-3c5">
         <name>.debug_info</name>
         <load_address>0x15e5d</load_address>
         <run_address>0x15e5d</run_address>
         <size>0x9c</size>
      </object_component>
      <object_component id="oc-de">
         <name>.debug_line</name>
         <load_address>0x0</load_address>
         <run_address>0x0</run_address>
         <size>0x3a7</size>
         <input_file_ref idref="fl-2"/>
      </object_component>
      <object_component id="oc-f5">
         <name>.debug_line</name>
         <load_address>0x3a7</load_address>
         <run_address>0x3a7</run_address>
         <size>0x3d</size>
         <input_file_ref idref="fl-2"/>
      </object_component>
      <object_component id="oc-f7">
         <name>.debug_line</name>
         <load_address>0x3e4</load_address>
         <run_address>0x3e4</run_address>
         <size>0x3d</size>
         <input_file_ref idref="fl-2"/>
      </object_component>
      <object_component id="oc-f9">
         <name>.debug_line</name>
         <load_address>0x421</load_address>
         <run_address>0x421</run_address>
         <size>0x3d</size>
         <input_file_ref idref="fl-2"/>
      </object_component>
      <object_component id="oc-fb">
         <name>.debug_line</name>
         <load_address>0x45e</load_address>
         <run_address>0x45e</run_address>
         <size>0x3d</size>
         <input_file_ref idref="fl-2"/>
      </object_component>
      <object_component id="oc-fd">
         <name>.debug_line</name>
         <load_address>0x49b</load_address>
         <run_address>0x49b</run_address>
         <size>0x3d</size>
         <input_file_ref idref="fl-2"/>
      </object_component>
      <object_component id="oc-1e2">
         <name>.debug_line</name>
         <load_address>0x4d8</load_address>
         <run_address>0x4d8</run_address>
         <size>0x3d</size>
         <input_file_ref idref="fl-2"/>
      </object_component>
      <object_component id="oc-ef">
         <name>.debug_line</name>
         <load_address>0x515</load_address>
         <run_address>0x515</run_address>
         <size>0x3d</size>
         <input_file_ref idref="fl-2"/>
      </object_component>
      <object_component id="oc-f1">
         <name>.debug_line</name>
         <load_address>0x552</load_address>
         <run_address>0x552</run_address>
         <size>0x3d</size>
         <input_file_ref idref="fl-2"/>
      </object_component>
      <object_component id="oc-f3">
         <name>.debug_line</name>
         <load_address>0x58f</load_address>
         <run_address>0x58f</run_address>
         <size>0x3d</size>
         <input_file_ref idref="fl-2"/>
      </object_component>
      <object_component id="oc-117">
         <name>.debug_line</name>
         <load_address>0x5cc</load_address>
         <run_address>0x5cc</run_address>
         <size>0x154</size>
         <input_file_ref idref="fl-2"/>
      </object_component>
      <object_component id="oc-e2">
         <name>.debug_line</name>
         <load_address>0x720</load_address>
         <run_address>0x720</run_address>
         <size>0x5d</size>
         <input_file_ref idref="fl-2"/>
      </object_component>
      <object_component id="oc-b1">
         <name>.debug_line</name>
         <load_address>0x77d</load_address>
         <run_address>0x77d</run_address>
         <size>0x6f</size>
         <input_file_ref idref="fl-2"/>
      </object_component>
      <object_component id="oc-3a">
         <name>.debug_line</name>
         <load_address>0x7ec</load_address>
         <run_address>0x7ec</run_address>
         <size>0x20</size>
         <input_file_ref idref="fl-2"/>
      </object_component>
      <object_component id="oc-101">
         <name>.debug_line</name>
         <load_address>0x80c</load_address>
         <run_address>0x80c</run_address>
         <size>0x73</size>
         <input_file_ref idref="fl-2"/>
      </object_component>
      <object_component id="oc-88">
         <name>.debug_line</name>
         <load_address>0x87f</load_address>
         <run_address>0x87f</run_address>
         <size>0x70</size>
         <input_file_ref idref="fl-2"/>
      </object_component>
      <object_component id="oc-ec">
         <name>.debug_line</name>
         <load_address>0x8ef</load_address>
         <run_address>0x8ef</run_address>
         <size>0x6a</size>
         <input_file_ref idref="fl-2"/>
      </object_component>
      <object_component id="oc-228">
         <name>.debug_line</name>
         <load_address>0x959</load_address>
         <run_address>0x959</run_address>
         <size>0x6b</size>
         <input_file_ref idref="fl-2"/>
      </object_component>
      <object_component id="oc-e7">
         <name>.debug_line</name>
[...]
         <object_component_ref idref="oc-8c"/>
      </symbol>
      <symbol id="sm-32d">
         <name>uart_7_rx</name>
         <value>0x50f3</value>
         <object_component_ref idref="oc-92"/>
      </symbol>
      <symbol id="sm-32e">
         <name>uart_7_tx</name>
         <value>0x50b9</value>
         <object_component_ref idref="oc-92"/>
      </symbol>
      <symbol id="sm-32f">
         <name>uart_7_init</name>
         <value>0x4fc9</value>
         <object_component_ref idref="oc-92"/>
      </symbol>
      <symbol id="sm-330">
         <name>uart_7_tx_str</name>
         <value>0x50d5</value>
         <object_component_ref idref="oc-92"/>
      </symbol>
      <symbol id="sm-331">
         <name>uart_7_rx_str</name>
         <value>0x5107</value>
         <object_component_ref idref="oc-92"/>
      </symbol>
      <symbol id="sm-332">
         <name>uart_7_tx_hex</name>
         <value>0x5029</value>
         <object_component_ref idref="oc-92"/>
      </symbol>
      <symbol id="sm-344">
         <name>WakePin_Init</name>
         <value>0x6081</value>
         <object_component_ref idref="oc-15a"/>
      </symbol>
      <symbol id="sm-34e">
         <name>asm_rst</name>
         <value>0x6509</value>
         <object_component_ref idref="oc-1ad"/>
      </symbol>
      <symbol id="sm-37a">
         <name>Cmd_Button</name>
         <value>0x38d1</value>
         <object_component_ref idref="oc-1d6"/>
      </symbol>
      <symbol id="sm-37b">
         <name>Cmd_AnimDraw</name>
         <value>0x3bdf</value>
         <object_component_ref idref="oc-1d6"/>
      </symbol>
      <symbol id="sm-37c">
         <name>Cmd_Spinner</name>
         <value>0x372d</value>
         <object_component_ref idref="oc-1d6"/>
      </symbol>
      <symbol id="sm-37d">
         <name>Cmd_Track</name>
         <value>0x3803</value>
         <object_component_ref idref="oc-1d6"/>
      </symbol>
      <symbol id="sm-37e">
         <name>Cmd_Translate</name>
         <value>0x3af5</value>
         <object_component_ref idref="oc-1d6"/>
      </symbol>
      <symbol id="sm-37f">
         <name>Cmd_Dial</name>
         <value>0x37bf</value>
         <object_component_ref idref="oc-1d6"/>
      </symbol>
      <symbol id="sm-380">
         <name>Cmd_AnimXY</name>
         <value>0x3bb3</value>
         <object_component_ref idref="oc-1d6"/>
      </symbol>
      <symbol id="sm-381">
         <name>Cmd_Memcpy</name>
         <value>0x3a83</value>
         <object_component_ref idref="oc-1d6"/>
      </symbol>
      <symbol id="sm-382">
         <name>Cmd_Flash_Fast</name>
         <value>0x3b55</value>
         <object_component_ref idref="oc-1d6"/>
      </symbol>
      <symbol id="sm-383">
         <name>Cmd_AnimDrawFrame</name>
         <value>0x3bf3</value>
         <object_component_ref idref="oc-1d6"/>
      </symbol>
      <symbol id="sm-384">
         <name>Cmd_GetPtr</name>
         <value>0x3aa7</value>
         <object_component_ref idref="oc-1d6"/>
      </symbol>
      <symbol id="sm-385">
         <name>Cmd_Gradient</name>
         <value>0x3889</value>
         <object_component_ref idref="oc-1d6"/>
      </symbol>
      <symbol id="sm-386">
         <name>Cmd_SetBitmap</name>
         <value>0x3a4b</value>
         <object_component_ref idref="oc-1d6"/>
      </symbol>
      <symbol id="sm-387">
         <name>Cmd_Calibrate</name>
         <value>0x3b67</value>
         <object_component_ref idref="oc-1d6"/>
      </symbol>
      <symbol id="sm-388">
         <name>Cmd_Scale</name>
         <value>0x3b39</value>
         <object_component_ref idref="oc-1d6"/>
      </symbol>
      <symbol id="sm-389">
         <name>Cmd_BGcolor</name>
         <value>0x3ae1</value>
         <object_component_ref idref="oc-1d6"/>
      </symbol>
      <symbol id="sm-38a">
         <name>Cmd_Number</name>
         <value>0x3847</value>
         <object_component_ref idref="oc-1d6"/>
      </symbol>
      <symbol id="sm-38b">
         <name>Cmd_Slider</name>
         <value>0x36dd</value>
         <object_component_ref idref="oc-1d6"/>
      </symbol>
      <symbol id="sm-38c">
         <name>Cmd_Gauge</name>
         <value>0x3769</value>
         <object_component_ref idref="oc-1d6"/>
      </symbol>
      <symbol id="sm-38d">
         <name>Cmd_GradientColor</name>
         <value>0x3ab9</value>
         <object_component_ref idref="oc-1d6"/>
      </symbol>
      <symbol id="sm-38e">
         <name>Cmd_SetRotate</name>
         <value>0x3b25</value>
         <object_component_ref idref="oc-1d6"/>
      </symbol>
      <symbol id="sm-38f">
         <name>Cmd_Rotate</name>
         <value>0x3b11</value>
         <object_component_ref idref="oc-1d6"/>
      </symbol>
      <symbol id="sm-390">
         <name>Cmd_AnimStop</name>
         <value>0x3b9f</value>
         <object_component_ref idref="oc-1d6"/>
      </symbol>
      <symbol id="sm-391">
         <name>Cmd_FGcolor</name>
         <value>0x3acd</value>
         <object_component_ref idref="oc-1d6"/>
      </symbol>
      <symbol id="sm-392">
         <name>Cmd_AnimStart</name>
         <value>0x3b7b</value>
         <object_component_ref idref="oc-1d6"/>
      </symbol>
      <symbol id="sm-405">
         <name>Calibrate_Manual</name>
         <value>0x215d</value>
         <object_component_ref idref="oc-14e"/>
      </symbol>
      <symbol id="sm-406">
         <name>Wait4CoProFIFOEmpty</name>
         <value>0x2073</value>
         <object_component_ref idref="oc-14e"/>
      </symbol>
      <symbol id="sm-407">
         <name>Wait4CoProFIFO</name>
         <value>0x1d1d</value>
         <object_component_ref idref="oc-14e"/>
      </symbol>
      <symbol id="sm-408">
         <name>Cmd_Text</name>
         <value>0x1e45</value>
         <object_component_ref idref="oc-14e"/>
      </symbol>
      <symbol id="sm-409">
         <name>ClearScreen</name>
         <value>0x203d</value>
         <object_component_ref idref="oc-14e"/>
      </symbol>
      <symbol id="sm-40a">
         <name>Cap_Touch_Upload</name>
         <value>0x1bf5</value>
         <object_component_ref idref="oc-14e"/>
      </symbol>
      <symbol id="sm-40b">
         <name>CoProFIFO_FreeSpace</name>
         <value>0x1cd7</value>
         <object_component_ref idref="oc-14e"/>
      </symbol>
      <symbol id="sm-40c">
         <name>MakeScreen_MatrixOrbital</name>
         <value>0x1fb9</value>
         <object_component_ref idref="oc-14e"/>
      </symbol>
      <symbol id="sm-40d">
         <name>FT81x_Init</name>
         <value>0x1aa1</value>
         <object_component_ref idref="oc-14e"/>
      </symbol>
      <symbol id="sm-40e">
         <name>CoProWrCmdBuf</name>
         <value>0x1c51</value>
         <object_component_ref idref="oc-14e"/>
      </symbol>
      <symbol id="sm-40f">
         <name>UpdateFIFO</name>
         <value>0x1fa5</value>
         <object_component_ref idref="oc-14e"/>
      </symbol>
      <symbol id="sm-410">
         <name>Send_CMD</name>
         <value>0x1d87</value>
         <object_component_ref idref="oc-14e"/>
      </symbol>
      <symbol id="sm-411">
         <name>Calibrate</name>
         <value>0x25ad</value>
         <object_component_ref idref="oc-14e"/>
      </symbol>
      <symbol id="sm-412">
         <name>StartCoProTransfer</name>
         <value>0x1d35</value>
         <object_component_ref idref="oc-14e"/>
      </symbol>
      <symbol id="sm-460">
         <name>hongButton</name>
         <value>0x30bb</value>
         <object_component_ref idref="oc-154"/>
      </symbol>
      <symbol id="sm-461">
         <name>hongCalibrate</name>
         <value>0x3073</value>
         <object_component_ref idref="oc-154"/>
      </symbol>
      <symbol id="sm-462">
         <name>display_fuel_reset</name>
         <value>0x3439</value>
         <object_component_ref idref="oc-154"/>
      </symbol>
      <symbol id="sm-463">
         <name>display_accel_trans_rpm</name>
         <value>0x31f1</value>
         <object_component_ref idref="oc-154"/>
      </symbol>
      <symbol id="sm-464">
         <name>calibrate_once</name>
         <value>0x3039</value>
         <object_component_ref idref="oc-154"/>
      </symbol>
      <symbol id="sm-465">
         <name>display_fuel</name>
         <value>0x32e9</value>
         <object_component_ref idref="oc-154"/>
      </symbol>
      <symbol id="sm-466">
         <name>make_gauge</name>
         <value>0x3117</value>
         <object_component_ref idref="oc-154"/>
      </symbol>
      <symbol id="sm-467">
         <name>make_character</name>
         <value>0x316b</value>
         <object_component_ref idref="oc-154"/>
      </symbol>
      <symbol id="sm-468">
         <name>display_reset_choice</name>
         <value>0x357d</value>
         <object_component_ref idref="oc-154"/>
      </symbol>
      <symbol id="sm-50b">
         <name>ascii_Break_distance_array</name>
         <value>0x1861</value>
         <object_component_ref idref="oc-22"/>
      </symbol>
      <symbol id="sm-50c">
         <name>timer2_handler</name>
         <value>0x10cb</value>
         <object_component_ref idref="oc-22"/>
      </symbol>
      <symbol id="sm-50d">
         <name>Timer2_init</name>
         <value>0xf05</value>
         <object_component_ref idref="oc-22"/>
      </symbol>
      <symbol id="sm-50e">
         <name>Timer0_init</name>
         <value>0xea5</value>
         <object_component_ref idref="oc-22"/>
      </symbol>
      <symbol id="sm-50f">
         <name>timer0_handler</name>
         <value>0xf7f</value>
         <object_component_ref idref="oc-22"/>
      </symbol>
      <symbol id="sm-510">
         <name>ascii_distance_array</name>
         <value>0x1211</value>
         <object_component_ref idref="oc-22"/>
      </symbol>
      <symbol id="sm-511">
         <name>Timer2_disable</name>
         <value>0xf6b</value>
         <object_component_ref idref="oc-22"/>
      </symbol>
      <symbol id="sm-512">
         <name>Timer0_disable</name>
         <value>0xf5f</value>
         <object_component_ref idref="oc-22"/>
      </symbol>
      <symbol id="sm-513">
         <name>Timer0_clear_irq</name>
         <value>0xf77</value>
         <object_component_ref idref="oc-22"/>
      </symbol>
      <symbol id="sm-514">
         <name>ascii_Engine_distance_array</name>
         <value>0x1421</value>
         <object_component_ref idref="oc-22"/>
      </symbol>
      <symbol id="sm-515">
         <name>ascii_Mission_distance_array</name>
         <value>0x1641</value>
         <object_component_ref idref="oc-22"/>
      </symbol>
      <symbol id="sm-53d">
         <name>sprintf</name>
         <value>0x62f1</value>
         <object_component_ref idref="oc-1bf"/>
      </symbol>
      <symbol id="sm-554">
         <name>__aeabi_dsub</name>
         <value>0x4aad</value>
         <object_component_ref idref="oc-48"/>
      </symbol>
      <symbol id="sm-555">
         <name>__aeabi_dadd</name>
         <value>0x4ab7</value>
         <object_component_ref idref="oc-48"/>
      </symbol>
      <symbol id="sm-560">
         <name>__aeabi_dmul</name>
         <value>0x5985</value>
         <object_component_ref idref="oc-4d"/>
      </symbol>
      <symbol id="sm-56a">
         <name>__aeabi_d2iz</name>
         <value>0x6221</value>
         <object_component_ref idref="oc-52"/>
      </symbol>
      <symbol id="sm-574">
         <name>__aeabi_d2uiz</name>
         <value>0x6269</value>
         <object_component_ref idref="oc-1ca"/>
      </symbol>
      <symbol id="sm-57e">
         <name>__aeabi_i2d</name>
         <value>0x63a9</value>
         <object_component_ref idref="oc-43"/>
      </symbol>
      <symbol id="sm-599">
         <name>memcpy</name>
         <value>0x5c17</value>
         <object_component_ref idref="oc-3e"/>
      </symbol>
      <symbol id="sm-59a">
         <name>__aeabi_memcpy</name>
         <value>0x5c17</value>
         <object_component_ref idref="oc-3e"/>
      </symbol>
      <symbol id="sm-59b">
         <name>__aeabi_memcpy8</name>
         <value>0x5c17</value>
         <object_component_ref idref="oc-3e"/>
      </symbol>
      <symbol id="sm-59c">
         <name>__aeabi_memcpy4</name>
         <value>0x5c17</value>
         <object_component_ref idref="oc-3e"/>
      </symbol>
      <symbol id="sm-5a6">
         <name>__aeabi_ui2d</name>
         <value>0x6455</value>
         <object_component_ref idref="oc-1c5"/>
      </symbol>
      <symbol id="sm-5b5">
         <name>__aeabi_memset</name>
         <value>0x5e57</value>
         <object_component_ref idref="oc-57"/>
      </symbol>
      <symbol id="sm-5b6">
         <name>memset</name>
         <value>0x5e5d</value>
         <object_component_ref idref="oc-57"/>
      </symbol>
      <symbol id="sm-5b7">
         <name>__aeabi_memset8</name>
         <value>0x5e57</value>
         <object_component_ref idref="oc-57"/>
      </symbol>
      <symbol id="sm-5b8">
         <name>__aeabi_memset4</name>
         <value>0x5e57</value>
         <object_component_ref idref="oc-57"/>
      </symbol>
      <symbol id="sm-5b9">
         <name>__aeabi_memclr8</name>
         <value>0x5e55</value>
         <object_component_ref idref="oc-57"/>
      </symbol>
      <symbol id="sm-5ba">
         <name>__aeabi_memclr4</name>
         <value>0x5e55</value>
         <object_component_ref idref="oc-57"/>
      </symbol>
      <symbol id="sm-5bb">
         <name>__aeabi_memclr</name>
         <value>0x5e55</value>
         <object_component_ref idref="oc-57"/>
      </symbol>
      <symbol id="sm-5c9">
         <name>__aeabi_ldivmod</name>
         <value>0x5faf</value>
         <object_component_ref idref="oc-1cf"/>
      </symbol>
      <symbol id="sm-5d6">
         <name>__aeabi_uldivmod</name>
         <value>0x5cb3</value>
         <object_component_ref idref="oc-231"/>
      </symbol>
      <symbol id="sm-66b">
         <name>_sys_memory</name>
         <value>0x200005a0</value>
         <object_component_ref idref="oc-16"/>
      </symbol>
      <symbol id="sm-66c">
         <name>free</name>
         <value>0x5a81</value>
         <object_component_ref idref="oc-23f"/>
      </symbol>
      <symbol id="sm-66d">
         <name>memalign</name>
         <value>0x5885</value>
         <object_component_ref idref="oc-344"/>
      </symbol>
      <symbol id="sm-66e">
         <name>calloc</name>
         <value>0x6371</value>
         <object_component_ref idref="oc-239"/>
      </symbol>
      <symbol id="sm-66f">
         <name>malloc</name>
         <value>0x654d</value>
         <object_component_ref idref="oc-2bb"/>
      </symbol>
      <symbol id="sm-670">
         <name>aligned_alloc</name>
         <value>0x5885</value>
         <object_component_ref idref="oc-344"/>
      </symbol>
      <symbol id="sm-683">
         <name>strlen</name>
         <value>0x64f5</value>
         <object_component_ref idref="oc-1b6"/>
      </symbol>
      <symbol id="sm-695">
         <name>_c_int00_noinit_noargs</name>
         <value>0x63d9</value>
         <object_component_ref idref="oc-bf"/>
      </symbol>
      <symbol id="sm-696">
         <name>__stack</name>
         <value>0x20000000</value>
         <object_component_ref idref="oc-19"/>
      </symbol>
      <symbol id="sm-7fb">
         <name>__TI_printfi</name>
         <value>0x25e9</value>
         <object_component_ref idref="oc-211"/>
      </symbol>
      <symbol id="sm-805">
         <name>__aeabi_idiv0</name>
         <value>0x3c27</value>
         <object_component_ref idref="oc-22c"/>
      </symbol>
      <symbol id="sm-806">
         <name>__aeabi_ldiv0</name>
         <value>0x3c27</value>
         <object_component_ref idref="oc-22c"/>
      </symbol>
      <symbol id="sm-828">
         <name>__aeabi_cdcmpeq</name>
         <value>0x5d49</value>
         <object_component_ref idref="oc-27a"/>
      </symbol>
      <symbol id="sm-829">
         <name>__aeabi_cdcmple</name>
         <value>0x5d49</value>
         <object_component_ref idref="oc-27a"/>
      </symbol>
      <symbol id="sm-82a">
         <name>__aeabi_cdrcmple</name>
         <value>0x5dcf</value>
         <object_component_ref idref="oc-2ec"/>
      </symbol>
      <symbol id="sm-83e">
         <name>__aeabi_ddiv</name>
         <value>0x53f9</value>
         <object_component_ref idref="oc-2e7"/>
      </symbol>
      <symbol id="sm-849">
         <name>_system_pre_init</name>
         <value>0x6555</value>
         <object_component_ref idref="oc-10d"/>
      </symbol>
      <symbol id="sm-855">
         <name>C$$EXIT</name>
         <value>0x6559</value>
         <object_component_ref idref="oc-16a"/>
      </symbol>
      <symbol id="sm-856">
         <name>abort</name>
         <value>0x6559</value>
         <object_component_ref idref="oc-16a"/>
      </symbol>
      <symbol id="sm-86b">
         <name>_nop</name>
         <value>0x3037</value>
         <object_component_ref idref="oc-24d"/>
      </symbol>
      <symbol id="sm-86c">
         <name>_lock</name>
         <value>0x200004ec</value>
         <object_component_ref idref="oc-1e7"/>
      </symbol>
      <symbol id="sm-86d">
         <name>_unlock</name>
         <value>0x200004f0</value>
         <object_component_ref idref="oc-1e7"/>
      </symbol>
      <symbol id="sm-87c">
         <name>__TI_ltoa</name>
         <value>0x612f</value>
         <object_component_ref idref="oc-2f1"/>
      </symbol>
      <symbol id="sm-893">
         <name>atoi</name>
         <value>0x61d5</value>
         <object_component_ref idref="oc-26e"/>
      </symbol>
      <symbol id="sm-89e">
         <name>_ctypes_</name>
         <value>0x655c</value>
         <object_component_ref idref="oc-2e0"/>
      </symbol>
      <symbol id="sm-8ae">
         <name>memccpy</name>
         <value>0x6491</value>
         <object_component_ref idref="oc-297"/>
      </symbol>
      <symbol id="sm-8be">
         <name>strchr</name>
         <value>0x64df</value>
         <object_component_ref idref="oc-31e"/>
      </symbol>
      <symbol id="sm-8d4">
         <name>__aeabi_errno_addr</name>
         <value>0x6545</value>
         <object_component_ref idref="oc-2a3"/>
      </symbol>
      <symbol id="sm-8d5">
         <name>errno</name>
         <value>0x2000051c</value>
         <object_component_ref idref="oc-32e"/>
      </symbol>
      <symbol id="sm-8f5">
         <name>frexpl</name>
         <value>0x601d</value>
         <object_component_ref idref="oc-312"/>
      </symbol>
      <symbol id="sm-8f6">
         <name>frexp</name>
         <value>0x601d</value>
         <object_component_ref idref="oc-312"/>
      </symbol>
      <symbol id="sm-913">
         <name>scalbn</name>
         <value>0x5775</value>
         <object_component_ref idref="oc-318"/>
      </symbol>
      <symbol id="sm-914">
         <name>scalbnl</name>
         <value>0x5775</value>
         <object_component_ref idref="oc-318"/>
      </symbol>
      <symbol id="sm-915">
         <name>ldexpl</name>
         <value>0x5775</value>
         <object_component_ref idref="oc-318"/>
      </symbol>
      <symbol id="sm-916">
         <name>ldexp</name>
         <value>0x5775</value>
         <object_component_ref idref="oc-318"/>
      </symbol>
      <symbol id="sm-920">
         <name>copysign</name>
         <value>0x64ad</value>
         <object_component_ref idref="oc-364"/>
      </symbol>
      <symbol id="sm-921">
         <name>copysignl</name>
         <value>0x64ad</value>
         <object_component_ref idref="oc-364"/>
      </symbol>
      <symbol id="sm-93a">
         <name>wcslen</name>
         <value>0x651b</value>
         <object_component_ref idref="oc-29d"/>
      </symbol>
      <symbol id="sm-93b">
         <name>__mpu_init</name>
         <value>0x0</value>
      </symbol>
   </symbol_table>
   <title>Link successful</title>
</link_info>
