<?xml version="1.0" encoding="ISO-8859-1" ?>
<link_info>
   <banner>TI ARM Linker PC v20.2.6.LTS</banner>
   <copyright>Copyright (c) 1996-2018 Texas Instruments Incorporated</copyright>
   <link_time>0x62ba94d6</link_time>
   <link_errors>0x0</link_errors>
   <output_file>220128CAN.out</output_file>
   <entry_point>
      <name>_c_int00_noargs</name>
      <address>0x74f5</address>
   </entry_point>
   <input_file_list>
      <input_file id="fl-2">
         <path>.\</path>
         <kind>object</kind>
         <file>tm4c123gh6pm_startup_ccs.obj</file>
         <name>tm4c123gh6pm_startup_ccs.obj</name>
      </input_file>
      <input_file id="fl-3">
         <path>.\checked\</path>
         <kind>object</kind>
         <file>capstone_application.obj</file>
         <name>capstone_application.obj</name>
      </input_file>
      <input_file id="fl-4">
         <path>.\checked\</path>
         <kind>object</kind>
         <file>test_1.obj</file>
         <name>test_1.obj</name>
      </input_file>
      <input_file id="fl-5">
         <path>.\header\</path>
         <kind>object</kind>
         <file>Can_init.obj</file>
         <name>Can_init.obj</name>
      </input_file>
      <input_file id="fl-6">
         <path>.\header\</path>
         <kind>object</kind>
         <file>Delay.obj</file>
         <name>Delay.obj</name>
      </input_file>
      <input_file id="fl-7">
         <path>.\header\</path>
         <kind>object</kind>
         <file>FT81X_LCD.obj</file>
         <name>FT81X_LCD.obj</name>
      </input_file>
      <input_file id="fl-8">
         <path>.\header\</path>
         <kind>object</kind>
         <file>Flash_memory.obj</file>
         <name>Flash_memory.obj</name>
      </input_file>
      <input_file id="fl-9">
         <path>.\header\</path>
         <kind>object</kind>
         <file>Gpio_led.obj</file>
         <name>Gpio_led.obj</name>
      </input_file>
      <input_file id="fl-a">
         <path>.\header\</path>
         <kind>object</kind>
         <file>Hibernation.obj</file>
         <name>Hibernation.obj</name>
      </input_file>
      <input_file id="fl-b">
         <path>.\header\</path>
         <kind>object</kind>
         <file>PMOS_LCD_Control.obj</file>
         <name>PMOS_LCD_Control.obj</name>
      </input_file>
      <input_file id="fl-c">
         <path>.\header\</path>
         <kind>object</kind>
         <file>SaveDistance.obj</file>
         <name>SaveDistance.obj</name>
      </input_file>
      <input_file id="fl-d">
         <path>.\header\</path>
         <kind>object</kind>
         <file>Spi_lcd.obj</file>
         <name>Spi_lcd.obj</name>
      </input_file>
      <input_file id="fl-e">
         <path>.\header\</path>
         <kind>object</kind>
         <file>Sysctl_clk.obj</file>
         <name>Sysctl_clk.obj</name>
      </input_file>
      <input_file id="fl-f">
         <path>.\header\</path>
         <kind>object</kind>
         <file>Uart.obj</file>
         <name>Uart.obj</name>
      </input_file>
      <input_file id="fl-10">
         <path>.\header\</path>
         <kind>object</kind>
         <file>Uart7.obj</file>
         <name>Uart7.obj</name>
      </input_file>
      <input_file id="fl-11">
         <path>.\header\</path>
         <kind>object</kind>
         <file>WakePinData.obj</file>
         <name>WakePinData.obj</name>
      </input_file>
      <input_file id="fl-12">
         <path>.\header\</path>
         <kind>object</kind>
         <file>asm.obj</file>
         <name>asm.obj</name>
      </input_file>
      <input_file id="fl-13">
         <path>.\header\</path>
         <kind>object</kind>
         <file>eve2_display_lib.obj</file>
         <name>eve2_display_lib.obj</name>
      </input_file>
      <input_file id="fl-14">
         <path>.\header\</path>
         <kind>object</kind>
         <file>eve2_lib.obj</file>
         <name>eve2_lib.obj</name>
      </input_file>
      <input_file id="fl-15">
         <path>.\header\</path>
         <kind>object</kind>
         <file>my_eve2_lib.obj</file>
         <name>my_eve2_lib.obj</name>
      </input_file>
      <input_file id="fl-16">
         <path>.\header\</path>
         <kind>object</kind>
         <file>timer.obj</file>
         <name>timer.obj</name>
      </input_file>
      <input_file id="fl-1a">
         <kind>object</kind>
         <file>&lt;internal&gt;</file>
         <name>&lt;internal&gt;</name>
      </input_file>
      <input_file id="fl-d0">
         <path>C:\ti\ccs1120\ccs\tools\compiler\ti-cgt-arm_20.2.6.LTS\lib\</path>
         <kind>archive</kind>
         <file>rtsv7M4_T_le_v4SPD16_eabi.lib</file>
         <name>sprintf.c.obj</name>
      </input_file>
      <input_file id="fl-d1">
         <path>C:\ti\ccs1120\ccs\tools\compiler\ti-cgt-arm_20.2.6.LTS\lib\</path>
         <kind>archive</kind>
         <file>rtsv7M4_T_le_v4SPD16_eabi.lib</file>
         <name>fd_add_t2.asm.obj</name>
      </input_file>
      <input_file id="fl-d2">
         <path>C:\ti\ccs1120\ccs\tools\compiler\ti-cgt-arm_20.2.6.LTS\lib\</path>
         <kind>archive</kind>
         <file>rtsv7M4_T_le_v4SPD16_eabi.lib</file>
         <name>fd_mul_t2.asm.obj</name>
      </input_file>
      <input_file id="fl-d3">
         <path>C:\ti\ccs1120\ccs\tools\compiler\ti-cgt-arm_20.2.6.LTS\lib\</path>
         <kind>archive</kind>
         <file>rtsv7M4_T_le_v4SPD16_eabi.lib</file>
         <name>fd_tou_t2.asm.obj</name>
      </input_file>
      <input_file id="fl-d4">
         <path>C:\ti\ccs1120\ccs\tools\compiler\ti-cgt-arm_20.2.6.LTS\lib\</path>
         <kind>archive</kind>
         <file>rtsv7M4_T_le_v4SPD16_eabi.lib</file>
         <name>i_tofd_t2.asm.obj</name>
      </input_file>
      <input_file id="fl-d5">
         <path>C:\ti\ccs1120\ccs\tools\compiler\ti-cgt-arm_20.2.6.LTS\lib\</path>
         <kind>archive</kind>
         <file>rtsv7M4_T_le_v4SPD16_eabi.lib</file>
         <name>memcpy_t2.asm.obj</name>
      </input_file>
      <input_file id="fl-d6">
         <path>C:\ti\ccs1120\ccs\tools\compiler\ti-cgt-arm_20.2.6.LTS\lib\</path>
         <kind>archive</kind>
         <file>rtsv7M4_T_le_v4SPD16_eabi.lib</file>
         <name>u_tofd_t2.asm.obj</name>
      </input_file>
      <input_file id="fl-d7">
         <path>C:\ti\ccs1120\ccs\tools\compiler\ti-cgt-arm_20.2.6.LTS\lib\</path>
         <kind>archive</kind>
         <file>rtsv7M4_T_le_v4SPD16_eabi.lib</file>
         <name>memset_t2.asm.obj</name>
      </input_file>
      <input_file id="fl-d8">
         <path>C:\ti\ccs1120\ccs\tools\compiler\ti-cgt-arm_20.2.6.LTS\lib\</path>
         <kind>archive</kind>
         <file>rtsv7M4_T_le_v4SPD16_eabi.lib</file>
         <name>ll_div_t2.asm.obj</name>
      </input_file>
      <input_file id="fl-d9">
         <path>C:\ti\ccs1120\ccs\tools\compiler\ti-cgt-arm_20.2.6.LTS\lib\</path>
         <kind>archive</kind>
         <file>rtsv7M4_T_le_v4SPD16_eabi.lib</file>
         <name>ull_div_t2.asm.obj</name>
      </input_file>
      <input_file id="fl-da">
         <path>C:\ti\ccs1120\ccs\tools\compiler\ti-cgt-arm_20.2.6.LTS\lib\</path>
         <kind>archive</kind>
         <file>rtsv7M4_T_le_v4SPD16_eabi.lib</file>
         <name>copy_zero_init.c.obj</name>
      </input_file>
      <input_file id="fl-db">
         <path>C:\ti\ccs1120\ccs\tools\compiler\ti-cgt-arm_20.2.6.LTS\lib\</path>
         <kind>archive</kind>
         <file>rtsv7M4_T_le_v4SPD16_eabi.lib</file>
         <name>copy_decompress_none.c.obj</name>
      </input_file>
      <input_file id="fl-dc">
         <path>C:\ti\ccs1120\ccs\tools\compiler\ti-cgt-arm_20.2.6.LTS\lib\</path>
         <kind>archive</kind>
         <file>rtsv7M4_T_le_v4SPD16_eabi.lib</file>
         <name>copy_decompress_lzss.c.obj</name>
      </input_file>
      <input_file id="fl-dd">
         <path>C:\ti\ccs1120\ccs\tools\compiler\ti-cgt-arm_20.2.6.LTS\lib\</path>
         <kind>archive</kind>
         <file>rtsv7M4_T_le_v4SPD16_eabi.lib</file>
         <name>memory.c.obj</name>
      </input_file>
      <input_file id="fl-de">
         <path>C:\ti\ccs1120\ccs\tools\compiler\ti-cgt-arm_20.2.6.LTS\lib\</path>
         <kind>archive</kind>
         <file>rtsv7M4_T_le_v4SPD16_eabi.lib</file>
         <name>strlen.c.obj</name>
      </input_file>
      <input_file id="fl-df">
         <path>C:\ti\ccs1120\ccs\tools\compiler\ti-cgt-arm_20.2.6.LTS\lib\</path>
         <kind>archive</kind>
         <file>rtsv7M4_T_le_v4SPD16_eabi.lib</file>
         <name>boot_cortex_m.c.obj</name>
      </input_file>
      <input_file id="fl-e0">
         <path>C:\ti\ccs1120\ccs\tools\compiler\ti-cgt-arm_20.2.6.LTS\lib\</path>
         <kind>archive</kind>
         <file>rtsv7M4_T_le_v4SPD16_eabi.lib</file>
         <name>_printfi.c.obj</name>
      </input_file>
      <input_file id="fl-e1">
         <path>C:\ti\ccs1120\ccs\tools\compiler\ti-cgt-arm_20.2.6.LTS\lib\</path>
         <kind>archive</kind>
         <file>rtsv7M4_T_le_v4SPD16_eabi.lib</file>
         <name>div0.asm.obj</name>
      </input_file>
      <input_file id="fl-e2">
         <path>C:\ti\ccs1120\ccs\tools\compiler\ti-cgt-arm_20.2.6.LTS\lib\</path>
         <kind>archive</kind>
         <file>rtsv7M4_T_le_v4SPD16_eabi.lib</file>
         <name>fd_cmp_t2.asm.obj</name>
      </input_file>
      <input_file id="fl-e3">
         <path>C:\ti\ccs1120\ccs\tools\compiler\ti-cgt-arm_20.2.6.LTS\lib\</path>
         <kind>archive</kind>
         <file>rtsv7M4_T_le_v4SPD16_eabi.lib</file>
         <name>fd_div_t2.asm.obj</name>
      </input_file>
      <input_file id="fl-e4">
         <path>C:\ti\ccs1120\ccs\tools\compiler\ti-cgt-arm_20.2.6.LTS\lib\</path>
         <kind>archive</kind>
         <file>rtsv7M4_T_le_v4SPD16_eabi.lib</file>
         <name>fd_toi_t2.asm.obj</name>
      </input_file>
      <input_file id="fl-e5">
         <path>C:\ti\ccs1120\ccs\tools\compiler\ti-cgt-arm_20.2.6.LTS\lib\</path>
         <kind>archive</kind>
         <file>rtsv7M4_T_le_v4SPD16_eabi.lib</file>
         <name>autoinit.c.obj</name>
      </input_file>
      <input_file id="fl-e6">
         <path>C:\ti\ccs1120\ccs\tools\compiler\ti-cgt-arm_20.2.6.LTS\lib\</path>
         <kind>archive</kind>
         <file>rtsv7M4_T_le_v4SPD16_eabi.lib</file>
         <name>pre_init.c.obj</name>
      </input_file>
      <input_file id="fl-e7">
         <path>C:\ti\ccs1120\ccs\tools\compiler\ti-cgt-arm_20.2.6.LTS\lib\</path>
         <kind>archive</kind>
         <file>rtsv7M4_T_le_v4SPD16_eabi.lib</file>
         <name>cpy_tbl.c.obj</name>
      </input_file>
      <input_file id="fl-e8">
         <path>C:\ti\ccs1120\ccs\tools\compiler\ti-cgt-arm_20.2.6.LTS\lib\</path>
         <kind>archive</kind>
         <file>rtsv7M4_T_le_v4SPD16_eabi.lib</file>
         <name>exit.c.obj</name>
      </input_file>
      <input_file id="fl-e9">
         <path>C:\ti\ccs1120\ccs\tools\compiler\ti-cgt-arm_20.2.6.LTS\lib\</path>
         <kind>archive</kind>
         <file>rtsv7M4_T_le_v4SPD16_eabi.lib</file>
         <name>_lock.c.obj</name>
      </input_file>
      <input_file id="fl-ea">
         <path>C:\ti\ccs1120\ccs\tools\compiler\ti-cgt-arm_20.2.6.LTS\lib\</path>
         <kind>archive</kind>
         <file>rtsv7M4_T_le_v4SPD16_eabi.lib</file>
         <name>_ltoa.c.obj</name>
      </input_file>
      <input_file id="fl-eb">
         <path>C:\ti\ccs1120\ccs\tools\compiler\ti-cgt-arm_20.2.6.LTS\lib\</path>
         <kind>archive</kind>
         <file>rtsv7M4_T_le_v4SPD16_eabi.lib</file>
         <name>args_main.c.obj</name>
      </input_file>
      <input_file id="fl-ec">
         <path>C:\ti\ccs1120\ccs\tools\compiler\ti-cgt-arm_20.2.6.LTS\lib\</path>
         <kind>archive</kind>
         <file>rtsv7M4_T_le_v4SPD16_eabi.lib</file>
         <name>atoi.c.obj</name>
      </input_file>
      <input_file id="fl-ed">
         <path>C:\ti\ccs1120\ccs\tools\compiler\ti-cgt-arm_20.2.6.LTS\lib\</path>
         <kind>archive</kind>
         <file>rtsv7M4_T_le_v4SPD16_eabi.lib</file>
         <name>ctype.c.obj</name>
      </input_file>
      <input_file id="fl-ee">
         <path>C:\ti\ccs1120\ccs\tools\compiler\ti-cgt-arm_20.2.6.LTS\lib\</path>
         <kind>archive</kind>
         <file>rtsv7M4_T_le_v4SPD16_eabi.lib</file>
         <name>memccpy.c.obj</name>
      </input_file>
      <input_file id="fl-ef">
         <path>C:\ti\ccs1120\ccs\tools\compiler\ti-cgt-arm_20.2.6.LTS\lib\</path>
         <kind>archive</kind>
         <file>rtsv7M4_T_le_v4SPD16_eabi.lib</file>
         <name>strchr.c.obj</name>
      </input_file>
      <input_file id="fl-f0">
         <path>C:\ti\ccs1120\ccs\tools\compiler\ti-cgt-arm_20.2.6.LTS\lib\</path>
         <kind>archive</kind>
         <file>rtsv7M4_T_le_v4SPD16_eabi.lib</file>
         <name>errno.c.obj</name>
      </input_file>
      <input_file id="fl-f1">
         <path>C:\ti\ccs1120\ccs\tools\compiler\ti-cgt-arm_20.2.6.LTS\lib\</path>
         <kind>archive</kind>
         <file>rtsv7M4_T_le_v4SPD16_eabi.lib</file>
         <name>s_frexp.c.obj</name>
      </input_file>
      <input_file id="fl-f2">
         <path>C:\ti\ccs1120\ccs\tools\compiler\ti-cgt-arm_20.2.6.LTS\lib\</path>
         <kind>archive</kind>
         <file>rtsv7M4_T_le_v4SPD16_eabi.lib</file>
         <name>s_scalbn.c.obj</name>
      </input_file>
      <input_file id="fl-f3">
         <path>C:\ti\ccs1120\ccs\tools\compiler\ti-cgt-arm_20.2.6.LTS\lib\</path>
         <kind>archive</kind>
         <file>rtsv7M4_T_le_v4SPD16_eabi.lib</file>
         <name>s_copysign.c.obj</name>
      </input_file>
      <input_file id="fl-f4">
         <path>C:\ti\ccs1120\ccs\tools\compiler\ti-cgt-arm_20.2.6.LTS\lib\</path>
         <kind>archive</kind>
         <file>rtsv7M4_T_le_v4SPD16_eabi.lib</file>
         <name>wcslen.c.obj</name>
      </input_file>
   </input_file_list>
   <object_component_list>
      <object_component id="oc-12">
         <name>.intvecs</name>
         <load_address>0x0</load_address>
         <run_address>0x0</run_address>
         <size>0x26c</size>
         <input_file_ref idref="fl-2"/>
      </object_component>
      <object_component id="oc-33">
         <name>.text</name>
         <load_address>0x270</load_address>
         <run_address>0x270</run_address>
         <size>0x10a2</size>
         <input_file_ref idref="fl-16"/>
      </object_component>
      <object_component id="oc-10c">
         <name>.text:_system_pre_init</name>
         <load_address>0x1312</load_address>
         <run_address>0x1312</run_address>
         <size>0x4</size>
         <input_file_ref idref="fl-e6"/>
      </object_component>
      <object_component id="oc-28f">
         <name>.text:_nop</name>
         <load_address>0x1316</load_address>
         <run_address>0x1316</run_address>
         <size>0x2</size>
         <input_file_ref idref="fl-e9"/>
      </object_component>
      <object_component id="oc-39">
         <name>.text</name>
         <load_address>0x1318</load_address>
         <run_address>0x1318</run_address>
         <size>0xf8e</size>
         <input_file_ref idref="fl-5"/>
      </object_component>
      <object_component id="oc-26e">
         <name>.text</name>
         <load_address>0x22a6</load_address>
         <run_address>0x22a6</run_address>
         <size>0x2</size>
         <input_file_ref idref="fl-e1"/>
      </object_component>
      <object_component id="oc-18c">
         <name>.text</name>
         <load_address>0x22a8</load_address>
         <run_address>0x22a8</run_address>
         <size>0xcf4</size>
         <input_file_ref idref="fl-14"/>
      </object_component>
      <object_component id="oc-253">
         <name>.text:__TI_printfi</name>
         <load_address>0x2f9c</load_address>
         <run_address>0x2f9c</run_address>
         <size>0xa4e</size>
         <input_file_ref idref="fl-e0"/>
      </object_component>
      <object_component id="oc-1ae">
         <name>.text:abort:abort</name>
         <load_address>0x39ea</load_address>
         <run_address>0x39ea</run_address>
         <size>0x4</size>
         <input_file_ref idref="fl-e8"/>
      </object_component>
      <object_component id="oc-192">
         <name>.text</name>
         <load_address>0x39f0</load_address>
         <run_address>0x39f0</run_address>
         <size>0x700</size>
         <input_file_ref idref="fl-15"/>
      </object_component>
      <object_component id="oc-21c">
         <name>.text</name>
         <load_address>0x40f0</load_address>
         <run_address>0x40f0</run_address>
         <size>0x64a</size>
         <input_file_ref idref="fl-13"/>
      </object_component>
      <object_component id="oc-112">
         <name>.text</name>
         <load_address>0x4740</load_address>
         <run_address>0x4740</run_address>
         <size>0x5ac</size>
         <input_file_ref idref="fl-3"/>
      </object_component>
      <object_component id="oc-186">
         <name>.text</name>
         <load_address>0x4cf0</load_address>
         <run_address>0x4cf0</run_address>
         <size>0x3ca</size>
         <input_file_ref idref="fl-7"/>
      </object_component>
      <object_component id="oc-17a">
         <name>.text</name>
         <load_address>0x50c0</load_address>
         <run_address>0x50c0</run_address>
         <size>0x35c</size>
         <input_file_ref idref="fl-d"/>
      </object_component>
      <object_component id="oc-2d3">
         <name>.text:_pconv_a</name>
         <load_address>0x541c</load_address>
         <run_address>0x541c</run_address>
         <size>0x270</size>
         <input_file_ref idref="fl-e0"/>
      </object_component>
      <object_component id="oc-19e">
         <name>.text</name>
         <load_address>0x5690</load_address>
         <run_address>0x5690</run_address>
         <size>0x248</size>
         <input_file_ref idref="fl-8"/>
      </object_component>
      <object_component id="oc-d3">
         <name>.text</name>
         <load_address>0x58d8</load_address>
         <run_address>0x58d8</run_address>
         <size>0x218</size>
         <input_file_ref idref="fl-f"/>
      </object_component>
      <object_component id="oc-d9">
         <name>.text</name>
         <load_address>0x5af0</load_address>
         <run_address>0x5af0</run_address>
         <size>0x218</size>
         <input_file_ref idref="fl-10"/>
      </object_component>
      <object_component id="oc-8b">
         <name>.text</name>
         <load_address>0x5d08</load_address>
         <run_address>0x5d08</run_address>
         <size>0x1d8</size>
         <input_file_ref idref="fl-9"/>
      </object_component>
      <object_component id="oc-2c1">
         <name>.text:_pconv_g</name>
         <load_address>0x5ee0</load_address>
         <run_address>0x5ee0</run_address>
         <size>0x1d0</size>
         <input_file_ref idref="fl-e0"/>
      </object_component>
      <object_component id="oc-9a">
         <name>.text</name>
         <load_address>0x60b0</load_address>
         <run_address>0x60b0</run_address>
         <size>0x1b6</size>
         <input_file_ref idref="fl-d1"/>
      </object_component>
      <object_component id="oc-180">
         <name>.text</name>
         <load_address>0x6268</load_address>
         <run_address>0x6268</run_address>
         <size>0x1aa</size>
         <input_file_ref idref="fl-a"/>
      </object_component>
      <object_component id="oc-2cd">
         <name>.text:_pconv_e</name>
         <load_address>0x6414</load_address>
         <run_address>0x6414</run_address>
         <size>0x13c</size>
         <input_file_ref idref="fl-e0"/>
      </object_component>
      <object_component id="oc-329">
         <name>.text</name>
         <load_address>0x6550</load_address>
         <run_address>0x6550</run_address>
         <size>0x136</size>
         <input_file_ref idref="fl-e3"/>
      </object_component>
      <object_component id="oc-34b">
         <name>.text:fcvt</name>
         <load_address>0x6688</load_address>
         <run_address>0x6688</run_address>
         <size>0x124</size>
         <input_file_ref idref="fl-e0"/>
      </object_component>
      <object_component id="oc-35f">
         <name>.text:scalbn</name>
         <load_address>0x67ac</load_address>
         <run_address>0x67ac</run_address>
         <size>0x110</size>
         <input_file_ref idref="fl-f2"/>
      </object_component>
      <object_component id="oc-38b">
         <name>.text:aligned_alloc</name>
         <load_address>0x68bc</load_address>
         <run_address>0x68bc</run_address>
         <size>0x100</size>
         <input_file_ref idref="fl-dd"/>
      </object_component>
      <object_component id="oc-a1">
         <name>.text</name>
         <load_address>0x69bc</load_address>
         <run_address>0x69bc</run_address>
         <size>0xfc</size>
         <input_file_ref idref="fl-d2"/>
      </object_component>
      <object_component id="oc-281">
         <name>.text:free</name>
         <load_address>0x6ab8</load_address>
         <run_address>0x6ab8</run_address>
         <size>0xe4</size>
         <input_file_ref idref="fl-dd"/>
      </object_component>
      <object_component id="oc-2b6">
         <name>.text:_ltostr</name>
         <load_address>0x6b9c</load_address>
         <run_address>0x6b9c</run_address>
         <size>0xb1</size>
         <input_file_ref idref="fl-e0"/>
      </object_component>
      <object_component id="oc-4d">
         <name>.text</name>
         <load_address>0x6c4e</load_address>
         <run_address>0x6c4e</run_address>
         <size>0x9c</size>
         <input_file_ref idref="fl-d5"/>
      </object_component>
      <object_component id="oc-273">
         <name>.text</name>
         <load_address>0x6cea</load_address>
         <run_address>0x6cea</run_address>
         <size>0x96</size>
         <input_file_ref idref="fl-d9"/>
      </object_component>
      <object_component id="oc-2bc">
         <name>.text:__aeabi_cdcmple</name>
         <load_address>0x6d80</load_address>
         <run_address>0x6d80</run_address>
         <size>0x86</size>
         <input_file_ref idref="fl-e2"/>
      </object_component>
      <object_component id="oc-32e">
         <name>.text:__aeabi_cdrcmple</name>
         <load_address>0x6e06</load_address>
         <run_address>0x6e06</run_address>
         <size>0x86</size>
         <input_file_ref idref="fl-e2"/>
      </object_component>
      <object_component id="oc-ba">
         <name>.text</name>
         <load_address>0x6e8c</load_address>
         <run_address>0x6e8c</run_address>
         <size>0x7a</size>
         <input_file_ref idref="fl-d7"/>
      </object_component>
      <object_component id="oc-3c8">
         <name>.text:split</name>
         <load_address>0x6f08</load_address>
         <run_address>0x6f08</run_address>
         <size>0x70</size>
         <input_file_ref idref="fl-dd"/>
      </object_component>
      <object_component id="oc-344">
         <name>.text:_mcpy</name>
         <load_address>0x6f78</load_address>
         <run_address>0x6f78</run_address>
         <size>0x6e</size>
         <input_file_ref idref="fl-e0"/>
      </object_component>
      <object_component id="oc-215">
         <name>.text</name>
         <load_address>0x6fe6</load_address>
         <run_address>0x6fe6</run_address>
         <size>0x6e</size>
         <input_file_ref idref="fl-d8"/>
      </object_component>
      <object_component id="oc-198">
         <name>.text</name>
         <load_address>0x7058</load_address>
         <run_address>0x7058</run_address>
         <size>0x6a</size>
         <input_file_ref idref="fl-11"/>
      </object_component>
      <object_component id="oc-15">
         <name>.text:decompress:lzss:__TI_decompress_lzss</name>
         <load_address>0x70c2</load_address>
         <run_address>0x70c2</run_address>
         <size>0x68</size>
         <input_file_ref idref="fl-dc"/>
      </object_component>
      <object_component id="oc-359">
         <name>.text:frexp</name>
         <load_address>0x712c</load_address>
         <run_address>0x712c</run_address>
         <size>0x64</size>
         <input_file_ref idref="fl-f1"/>
      </object_component>
      <object_component id="oc-2c7">
         <name>.text:_pconv_f</name>
         <load_address>0x7190</load_address>
         <run_address>0x7190</run_address>
         <size>0x56</size>
         <input_file_ref idref="fl-e0"/>
      </object_component>
      <object_component id="oc-338">
         <name>.text:__TI_ltoa</name>
         <load_address>0x71e6</load_address>
         <run_address>0x71e6</run_address>
         <size>0x54</size>
         <input_file_ref idref="fl-ea"/>
      </object_component>
      <object_component id="oc-33e">
         <name>.text:_ecpy</name>
         <load_address>0x723a</load_address>
         <run_address>0x723a</run_address>
         <size>0x52</size>
         <input_file_ref idref="fl-e0"/>
      </object_component>
      <object_component id="oc-1a4">
         <name>.text</name>
         <load_address>0x7290</load_address>
         <run_address>0x7290</run_address>
         <size>0x4e</size>
         <input_file_ref idref="fl-6"/>
      </object_component>
      <object_component id="oc-2b0">
         <name>.text:atoi</name>
         <load_address>0x72e0</load_address>
         <run_address>0x72e0</run_address>
         <size>0x4c</size>
         <input_file_ref idref="fl-ec"/>
      </object_component>
      <object_component id="oc-333">
         <name>.text</name>
         <load_address>0x732c</load_address>
         <run_address>0x732c</run_address>
         <size>0x48</size>
         <input_file_ref idref="fl-e4"/>
      </object_component>
      <object_component id="oc-1ba">
         <name>.text:__TI_auto_init_nobinit_nopinit:__TI_auto_init_nobinit_nopinit</name>
         <load_address>0x7374</load_address>
         <run_address>0x7374</run_address>
         <size>0x44</size>
         <input_file_ref idref="fl-e5"/>
      </object_component>
      <object_component id="oc-210">
         <name>.text</name>
         <load_address>0x73b8</load_address>
         <run_address>0x73b8</run_address>
         <size>0x44</size>
         <input_file_ref idref="fl-d3"/>
      </object_component>
      <object_component id="oc-205">
         <name>.text:sprintf</name>
         <load_address>0x73fc</load_address>
         <run_address>0x73fc</run_address>
         <size>0x40</size>
         <input_file_ref idref="fl-d0"/>
      </object_component>
      <object_component id="oc-174">
         <name>.text</name>
         <load_address>0x7440</load_address>
         <run_address>0x7440</run_address>
         <size>0x3e</size>
         <input_file_ref idref="fl-e"/>
      </object_component>
      <object_component id="oc-351">
         <name>.text:_fcpy</name>
         <load_address>0x747e</load_address>
         <run_address>0x747e</run_address>
         <size>0x3e</size>
         <input_file_ref idref="fl-e0"/>
      </object_component>
      <object_component id="oc-27b">
         <name>.text:calloc</name>
         <load_address>0x74bc</load_address>
         <run_address>0x74bc</run_address>
         <size>0x38</size>
         <input_file_ref idref="fl-dd"/>
      </object_component>
      <object_component id="oc-6b">
         <name>.text:_c_int00_noargs:_c_int00_noargs</name>
         <load_address>0x74f4</load_address>
         <run_address>0x74f4</run_address>
         <size>0x34</size>
         <input_file_ref idref="fl-df"/>
      </object_component>
      <object_component id="oc-94">
         <name>.text</name>
         <load_address>0x7528</load_address>
         <run_address>0x7528</run_address>
         <size>0x2e</size>
         <input_file_ref idref="fl-d4"/>
      </object_component>
      <object_component id="oc-30a">
         <name>.text:free_list_insert</name>
         <load_address>0x7558</load_address>
         <run_address>0x7558</run_address>
         <size>0x28</size>
         <input_file_ref idref="fl-dd"/>
      </object_component>
      <object_component id="oc-20b">
         <name>.text</name>
         <load_address>0x7580</load_address>
         <run_address>0x7580</run_address>
         <size>0x20</size>
         <input_file_ref idref="fl-d6"/>
      </object_component>
      <object_component id="oc-59">
         <name>.text:decompress:ZI:__TI_zero_init_nomemset:__TI_zero_init_nomemset</name>
         <load_address>0x75a0</load_address>
         <run_address>0x75a0</run_address>
         <size>0x1c</size>
         <input_file_ref idref="fl-da"/>
      </object_component>
      <object_component id="oc-304">
         <name>.text:free_list_remove</name>
         <load_address>0x75bc</load_address>
         <run_address>0x75bc</run_address>
         <size>0x1c</size>
         <input_file_ref idref="fl-dd"/>
      </object_component>
      <object_component id="oc-2d9">
         <name>.text:memccpy</name>
         <load_address>0x75d8</load_address>
         <run_address>0x75d8</run_address>
         <size>0x1c</size>
         <input_file_ref idref="fl-ee"/>
      </object_component>
      <object_component id="oc-3ac">
         <name>.text:copysign</name>
         <load_address>0x75f4</load_address>
         <run_address>0x75f4</run_address>
         <size>0x1a</size>
         <input_file_ref idref="fl-f3"/>
      </object_component>
      <object_component id="oc-2a">
         <name>.text</name>
         <load_address>0x7610</load_address>
         <run_address>0x7610</run_address>
         <size>0x1a</size>
         <input_file_ref idref="fl-2"/>
      </object_component>
      <object_component id="oc-259">
         <name>.text:_outs</name>
         <load_address>0x762a</load_address>
         <run_address>0x762a</run_address>
         <size>0x18</size>
         <input_file_ref idref="fl-d0"/>
      </object_component>
      <object_component id="oc-365">
         <name>.text:strchr</name>
         <load_address>0x7642</load_address>
         <run_address>0x7642</run_address>
         <size>0x16</size>
         <input_file_ref idref="fl-ef"/>
      </object_component>
      <object_component id="oc-1ff">
         <name>.text:strlen</name>
         <load_address>0x7658</load_address>
         <run_address>0x7658</run_address>
         <size>0x14</size>
         <input_file_ref idref="fl-de"/>
      </object_component>
      <object_component id="oc-1f3">
         <name>.text</name>
         <load_address>0x7670</load_address>
         <run_address>0x7670</run_address>
         <size>0x12</size>
         <input_file_ref idref="fl-12"/>
      </object_component>
      <object_component id="oc-2df">
         <name>.text:wcslen</name>
         <load_address>0x7682</load_address>
         <run_address>0x7682</run_address>
         <size>0x12</size>
         <input_file_ref idref="fl-f4"/>
      </object_component>
      <object_component id="oc-1b">
         <name>.text:decompress:none:__TI_decompress_none</name>
         <load_address>0x7694</load_address>
         <run_address>0x7694</run_address>
         <size>0xe</size>
         <input_file_ref idref="fl-db"/>
      </object_component>
      <object_component id="oc-25f">
         <name>.text:_outc</name>
         <load_address>0x76a2</load_address>
         <run_address>0x76a2</run_address>
         <size>0xa</size>
         <input_file_ref idref="fl-d0"/>
      </object_component>
      <object_component id="oc-2e5">
         <name>.text:__aeabi_errno_addr</name>
         <load_address>0x76ac</load_address>
         <run_address>0x76ac</run_address>
         <size>0x8</size>
         <input_file_ref idref="fl-f0"/>
      </object_component>
      <object_component id="oc-2fd">
         <name>.text:malloc</name>
         <load_address>0x76b4</load_address>
         <run_address>0x76b4</run_address>
         <size>0x8</size>
         <input_file_ref idref="fl-dd"/>
      </object_component>
      <object_component id="oc-322">
         <name>.const:.string:_ctypes_</name>
         <load_address>0x76bc</load_address>
         <run_address>0x76bc</run_address>
         <size>0x101</size>
         <input_file_ref idref="fl-ed"/>
      </object_component>
      <object_component id="oc-d0">
         <name>.const:.string:$P$T0$1</name>
         <load_address>0x77bd</load_address>
         <run_address>0x77bd</run_address>
         <size>0x5</size>
         <input_file_ref idref="fl-5"/>
      </object_component>
      <object_component id="oc-40d">
         <name>.cinit..data.load</name>
         <load_address>0x77c8</load_address>
         <run_address>0x77c8</run_address>
         <size>0x28</size>
      </object_component>
      <object_component id="oc-40b">
         <name>__TI_handler_table</name>
         <load_address>0x77f0</load_address>
         <run_address>0x77f0</run_address>
         <size>0xc</size>
      </object_component>
      <object_component id="oc-40e">
         <name>.cinit..bss.load</name>
         <load_address>0x7800</load_address>
         <run_address>0x7800</run_address>
         <size>0x8</size>
      </object_component>
      <object_component id="oc-40c">
         <name>__TI_cinit_table</name>
         <load_address>0x7808</load_address>
         <run_address>0x7808</run_address>
         <size>0x10</size>
      </object_component>
      <object_component id="oc-88">
         <name>.data</name>
         <load_address>0x20000610</load_address>
         <run_address>0x20000610</run_address>
         <size>0x18</size>
         <input_file_ref idref="fl-3"/>
      </object_component>
      <object_component id="oc-b4">
         <name>.data:distance_array</name>
         <load_address>0x20000669</load_address>
         <run_address>0x20000669</run_address>
         <size>0x10</size>
         <input_file_ref idref="fl-3"/>
      </object_component>
      <object_component id="oc-b7">
         <name>.data:Engine_distance_array</name>
         <load_address>0x20000649</load_address>
         <run_address>0x20000649</run_address>
         <size>0x10</size>
         <input_file_ref idref="fl-3"/>
      </object_component>
      <object_component id="oc-c0">
         <name>.data:Mission_distance_array</name>
         <load_address>0x20000659</load_address>
         <run_address>0x20000659</run_address>
         <size>0x10</size>
         <input_file_ref idref="fl-3"/>
      </object_component>
      <object_component id="oc-c4">
         <name>.data:Break_distance_array</name>
         <load_address>0x20000639</load_address>
         <run_address>0x20000639</run_address>
         <size>0x10</size>
         <input_file_ref idref="fl-3"/>
      </object_component>
      <object_component id="oc-1aa">
         <name>.data:distance_data_clear</name>
         <load_address>0x200005f0</load_address>
         <run_address>0x200005f0</run_address>
         <size>0x20</size>
         <input_file_ref idref="fl-3"/>
      </object_component>
      <object_component id="oc-a9">
         <name>.data:Engine_distance_data</name>
         <load_address>0x200005b0</load_address>
         <run_address>0x200005b0</run_address>
         <size>0x20</size>
         <input_file_ref idref="fl-3"/>
      </object_component>
      <object_component id="oc-ac">
         <name>.data:Mission_distance_data</name>
         <load_address>0x200005d0</load_address>
         <run_address>0x200005d0</run_address>
         <size>0x20</size>
         <input_file_ref idref="fl-3"/>
      </object_component>
      <object_component id="oc-af">
         <name>.data:Break_distance_data</name>
         <load_address>0x20000590</load_address>
         <run_address>0x20000590</run_address>
         <size>0x20</size>
         <input_file_ref idref="fl-3"/>
      </object_component>
      <object_component id="oc-30">
         <name>.data:copyarr</name>
         <load_address>0x20000400</load_address>
         <run_address>0x20000400</run_address>
         <size>0x190</size>
         <input_file_ref idref="fl-3"/>
      </object_component>
      <object_component id="oc-df">
         <name>.data:DA1$2</name>
         <load_address>0x20000628</load_address>
         <run_address>0x20000628</run_address>
         <size>0x11</size>
         <input_file_ref idref="fl-5"/>
      </object_component>
      <object_component id="oc-e0">
         <name>.data:DB1$3</name>
         <load_address>0x200006b0</load_address>
         <run_address>0x200006b0</run_address>
         <size>0x2</size>
         <input_file_ref idref="fl-5"/>
      </object_component>
      <object_component id="oc-e1">
         <name>.data:DB2$4</name>
         <load_address>0x20000694</load_address>
         <run_address>0x20000694</run_address>
         <size>0x8</size>
         <input_file_ref idref="fl-5"/>
      </object_component>
      <object_component id="oc-e2">
         <name>.data:DD1$5</name>
         <load_address>0x200006c2</load_address>
         <run_address>0x200006c2</run_address>
         <size>0x2</size>
         <input_file_ref idref="fl-5"/>
      </object_component>
      <object_component id="oc-e3">
         <name>.data:DD2$6</name>
         <load_address>0x200006a4</load_address>
         <run_address>0x200006a4</run_address>
         <size>0x8</size>
         <input_file_ref idref="fl-5"/>
      </object_component>
      <object_component id="oc-e4">
         <name>.data:DC1$7</name>
         <load_address>0x200006b6</load_address>
         <run_address>0x200006b6</run_address>
         <size>0x2</size>
         <input_file_ref idref="fl-5"/>
      </object_component>
      <object_component id="oc-e5">
         <name>.data:DC2$8</name>
         <load_address>0x200006bc</load_address>
         <run_address>0x200006bc</run_address>
         <size>0x2</size>
         <input_file_ref idref="fl-5"/>
      </object_component>
      <object_component id="oc-e6">
         <name>.data:DC1$9</name>
         <load_address>0x200006b8</load_address>
         <run_address>0x200006b8</run_address>
         <size>0x2</size>
         <input_file_ref idref="fl-5"/>
      </object_component>
      <object_component id="oc-e7">
         <name>.data:DB1$10</name>
         <load_address>0x20000679</load_address>
         <run_address>0x20000679</run_address>
         <size>0x2</size>
         <input_file_ref idref="fl-5"/>
      </object_component>
      <object_component id="oc-e8">
         <name>.data:DB2$11</name>
         <load_address>0x2000068c</load_address>
         <run_address>0x2000068c</run_address>
         <size>0x8</size>
         <input_file_ref idref="fl-5"/>
      </object_component>
      <object_component id="oc-e9">
         <name>.data:DC1$12</name>
         <load_address>0x200006b2</load_address>
         <run_address>0x200006b2</run_address>
         <size>0x2</size>
         <input_file_ref idref="fl-5"/>
      </object_component>
      <object_component id="oc-ea">
         <name>.data:DC2$13</name>
         <load_address>0x200006ba</load_address>
         <run_address>0x200006ba</run_address>
         <size>0x2</size>
         <input_file_ref idref="fl-5"/>
      </object_component>
      <object_component id="oc-eb">
         <name>.data:DD1$14</name>
         <load_address>0x200006be</load_address>
         <run_address>0x200006be</run_address>
         <size>0x2</size>
         <input_file_ref idref="fl-5"/>
      </object_component>
      <object_component id="oc-ec">
         <name>.data:DD2$15</name>
         <load_address>0x2000069c</load_address>
         <run_address>0x2000069c</run_address>
         <size>0x8</size>
         <input_file_ref idref="fl-5"/>
      </object_component>
      <object_component id="oc-1fc">
         <name>.data</name>
         <load_address>0x200006c4</load_address>
         <run_address>0x200006c4</run_address>
         <size>0x2</size>
         <input_file_ref idref="fl-7"/>
      </object_component>
      <object_component id="oc-92">
         <name>.data:DD1$1</name>
         <load_address>0x200006c0</load_address>
         <run_address>0x200006c0</run_address>
         <size>0x2</size>
         <input_file_ref idref="fl-16"/>
      </object_component>
      <object_component id="oc-b2">
         <name>.data:DC1$2</name>
         <load_address>0x200006b4</load_address>
         <run_address>0x200006b4</run_address>
         <size>0x2</size>
         <input_file_ref idref="fl-16"/>
      </object_component>
      <object_component id="oc-392">
         <name>.data:$O1$$</name>
         <load_address>0x20000684</load_address>
         <run_address>0x20000684</run_address>
         <size>0x8</size>
         <input_file_ref idref="fl-dd"/>
      </object_component>
      <object_component id="oc-22e">
         <name>.data:$O1$$</name>
         <load_address>0x2000067c</load_address>
         <run_address>0x2000067c</run_address>
         <size>0x8</size>
         <input_file_ref idref="fl-e9"/>
      </object_component>
      <object_component id="oc-375">
         <name>.data</name>
         <load_address>0x200006ac</load_address>
         <run_address>0x200006ac</run_address>
         <size>0x4</size>
         <input_file_ref idref="fl-f0"/>
      </object_component>
      <object_component id="oc-93">
         <name>.common:speed</name>
         <uninitialized>true</uninitialized>
         <run_address>0x20000728</run_address>
         <size>0x4</size>
      </object_component>
      <object_component id="oc-b3">
         <name>.common:int_distance</name>
         <uninitialized>true</uninitialized>
         <run_address>0x20000720</run_address>
         <size>0x4</size>
      </object_component>
      <object_component id="oc-bf">
         <name>.common:Engine_int_distance</name>
         <uninitialized>true</uninitialized>
         <run_address>0x20000718</run_address>
         <size>0x4</size>
      </object_component>
      <object_component id="oc-c3">
         <name>.common:Mission_int_distance</name>
         <uninitialized>true</uninitialized>
         <run_address>0x2000071c</run_address>
         <size>0x4</size>
      </object_component>
      <object_component id="oc-c7">
         <name>.common:Break_int_distance</name>
         <uninitialized>true</uninitialized>
         <run_address>0x200006e4</run_address>
         <size>0x4</size>
      </object_component>
      <object_component id="oc-cf">
         <name>.common:irq_status</name>
         <uninitialized>true</uninitialized>
         <run_address>0x20000724</run_address>
         <size>0x4</size>
      </object_component>
      <object_component id="oc-a6">
         <name>.common:Engine_distance2</name>
         <uninitialized>true</uninitialized>
         <run_address>0x200006f8</run_address>
         <size>0x8</size>
      </object_component>
      <object_component id="oc-a7">
         <name>.common:Mission_distance2</name>
         <uninitialized>true</uninitialized>
         <run_address>0x20000708</run_address>
         <size>0x8</size>
      </object_component>
      <object_component id="oc-a8">
         <name>.common:Break_distance2</name>
         <uninitialized>true</uninitialized>
         <run_address>0x200006e8</run_address>
         <size>0x8</size>
      </object_component>
      <object_component id="oc-99">
         <name>.common:Engine_interval</name>
         <uninitialized>true</uninitialized>
         <run_address>0x20000700</run_address>
         <size>0x8</size>
      </object_component>
      <object_component id="oc-9f">
         <name>.common:Mission_interval</name>
         <uninitialized>true</uninitialized>
         <run_address>0x20000710</run_address>
         <size>0x8</size>
      </object_component>
      <object_component id="oc-a0">
         <name>.common:Break_interval</name>
         <uninitialized>true</uninitialized>
         <run_address>0x200006f0</run_address>
         <size>0x8</size>
      </object_component>
      <object_component id="oc-91">
         <name>.common:globalCanData</name>
         <uninitialized>true</uninitialized>
         <run_address>0x200006c8</run_address>
         <size>0x1c</size>
      </object_component>
      <object_component id="oc-24">
         <name>.sysmem</name>
         <uninitialized>true</uninitialized>
         <run_address>0x20000730</run_address>
         <size>0x10</size>
         <input_file_ref idref="fl-dd"/>
      </object_component>
      <object_component id="oc-411">
         <name>.sysmem</name>
         <uninitialized>true</uninitialized>
         <run_address>0x20000730</run_address>
         <size>0x0</size>
      </object_component>
      <object_component id="oc-27">
         <name>.stack</name>
         <uninitialized>true</uninitialized>
         <run_address>0x20000000</run_address>
         <size>0x4</size>
         <input_file_ref idref="fl-df"/>
      </object_component>
      <object_component id="oc-410">
         <name>.stack</name>
         <uninitialized>true</uninitialized>
         <run_address>0x20000000</run_address>
         <size>0x0</size>
      </object_component>
      <object_component id="oc-41">
         <name>.debug_info</name>
         <load_address>0x0</load_address>
         <run_address>0x0</run_address>
         <size>0x32a</size>
         <input_file_ref idref="fl-2"/>
      </object_component>
      <object_component id="oc-13">
         <name>.debug_info</name>
         <load_address>0x32a</load_address>
         <run_address>0x32a</run_address>
         <size>0xfb</size>
         <input_file_ref idref="fl-2"/>
      </object_component>
      <object_component id="oc-2b">
         <name>.debug_info</name>
         <load_address>0x425</load_address>
         <run_address>0x425</run_address>
         <size>0x277</size>
         <input_file_ref idref="fl-2"/>
      </object_component>
      <object_component id="oc-f1">
         <name>.debug_info</name>
         <load_address>0x69c</load_address>
         <run_address>0x69c</run_address>
         <size>0x26b</size>
         <input_file_ref idref="fl-2"/>
      </object_component>
      <object_component id="oc-48">
         <name>.debug_info</name>
         <load_address>0x907</load_address>
         <run_address>0x907</run_address>
         <size>0x84</size>
         <input_file_ref idref="fl-2"/>
      </object_component>
      <object_component id="oc-156">
         <name>.debug_info</name>
         <load_address>0x98b</load_address>
         <run_address>0x98b</run_address>
         <size>0x2a4</size>
         <input_file_ref idref="fl-2"/>
      </object_component>
      <object_component id="oc-c9">
         <name>.debug_info</name>
         <load_address>0xc2f</load_address>
         <run_address>0xc2f</run_address>
         <size>0xbb</size>
         <input_file_ref idref="fl-2"/>
      </object_component>
      <object_component id="oc-86">
         <name>.debug_info</name>
         <load_address>0xcea</load_address>
         <run_address>0xcea</run_address>
         <size>0xe31</size>
         <input_file_ref idref="fl-3"/>
      </object_component>
      <object_component id="oc-89">
         <name>.debug_info</name>
         <load_address>0x1b1b</load_address>
         <run_address>0x1b1b</run_address>
         <size>0x1a8</size>
         <input_file_ref idref="fl-3"/>
      </object_component>
      <object_component id="oc-b5">
         <name>.debug_info</name>
         <load_address>0x1cc3</load_address>
         <run_address>0x1cc3</run_address>
         <size>0x103</size>
         <input_file_ref idref="fl-3"/>
      </object_component>
      <object_component id="oc-b8">
         <name>.debug_info</name>
         <load_address>0x1dc6</load_address>
         <run_address>0x1dc6</run_address>
         <size>0x111</size>
         <input_file_ref idref="fl-3"/>
      </object_component>
      <object_component id="oc-c1">
         <name>.debug_info</name>
         <load_address>0x1ed7</load_address>
         <run_address>0x1ed7</run_address>
         <size>0x113</size>
         <input_file_ref idref="fl-3"/>
      </object_component>
      <object_component id="oc-c5">
         <name>.debug_info</name>
         <load_address>0x1fea</load_address>
         <run_address>0x1fea</run_address>
         <size>0x10f</size>
         <input_file_ref idref="fl-3"/>
      </object_component>
      <object_component id="oc-1ab">
         <name>.debug_info</name>
         <load_address>0x20f9</load_address>
         <run_address>0x20f9</run_address>
         <size>0x10d</size>
         <input_file_ref idref="fl-3"/>
      </object_component>
      <object_component id="oc-aa">
         <name>.debug_info</name>
         <load_address>0x2206</load_address>
         <run_address>0x2206</run_address>
         <size>0x10f</size>
         <input_file_ref idref="fl-3"/>
      </object_component>
      <object_component id="oc-ad">
         <name>.debug_info</name>
         <load_address>0x2315</load_address>
         <run_address>0x2315</run_address>
         <size>0x111</size>
         <input_file_ref idref="fl-3"/>
      </object_component>
      <object_component id="oc-b0">
         <name>.debug_info</name>
         <load_address>0x2426</load_address>
         <run_address>0x2426</run_address>
         <size>0x10d</size>
         <input_file_ref idref="fl-3"/>
      </object_component>
      <object_component id="oc-31">
         <name>.debug_info</name>
         <load_address>0x2533</load_address>
         <run_address>0x2533</run_address>
         <size>0xf5</size>
         <input_file_ref idref="fl-3"/>
      </object_component>
      <object_component id="oc-113">
         <name>.debug_info</name>
         <load_address>0x2628</load_address>
         <run_address>0x2628</run_address>
         <size>0x693</size>
         <input_file_ref idref="fl-3"/>
      </object_component>
      <object_component id="oc-132">
         <name>.debug_info</name>
         <load_address>0x2cbb</load_address>
         <run_address>0x2cbb</run_address>
         <size>0x5e</size>
         <input_file_ref idref="fl-3"/>
      </object_component>
      <object_component id="oc-13c">
         <name>.debug_info</name>
         <load_address>0x2d19</load_address>
         <run_address>0x2d19</run_address>
         <size>0xcc</size>
         <input_file_ref idref="fl-3"/>
      </object_component>
      <object_component id="oc-267">
         <name>.debug_info</name>
         <load_address>0x2de5</load_address>
         <run_address>0x2de5</run_address>
         <size>0x2c</size>
         <input_file_ref idref="fl-3"/>
      </object_component>
      <object_component id="oc-137">
         <name>.debug_info</name>
         <load_address>0x2e11</load_address>
         <run_address>0x2e11</run_address>
         <size>0x35</size>
         <input_file_ref idref="fl-3"/>
      </object_component>
      <object_component id="oc-ee">
         <name>.debug_info</name>
         <load_address>0x2e46</load_address>
         <run_address>0x2e46</run_address>
         <size>0x3ce</size>
         <input_file_ref idref="fl-5"/>
      </object_component>
      <object_component id="oc-d1">
         <name>.debug_info</name>
         <load_address>0x3214</load_address>
         <run_address>0x3214</run_address>
         <size>0xe8</size>
         <input_file_ref idref="fl-5"/>
      </object_component>
      <object_component id="oc-3a">
         <name>.debug_info</name>
         <load_address>0x32fc</load_address>
         <run_address>0x32fc</run_address>
         <size>0xede</size>
         <input_file_ref idref="fl-5"/>
      </object_component>
      <object_component id="oc-1a5">
         <name>.debug_info</name>
         <load_address>0x41da</load_address>
         <run_address>0x41da</run_address>
         <size>0x1b9</size>
         <input_file_ref idref="fl-6"/>
      </object_component>
      <object_component id="oc-1fb">
         <name>.debug_info</name>
         <load_address>0x4393</load_address>
         <run_address>0x4393</run_address>
         <size>0x3b4</size>
         <input_file_ref idref="fl-7"/>
      </object_component>
      <object_component id="oc-1fd">
         <name>.debug_info</name>
         <load_address>0x4747</load_address>
         <run_address>0x4747</run_address>
         <size>0xfd</size>
         <input_file_ref idref="fl-7"/>
      </object_component>
      <object_component id="oc-187">
         <name>.debug_info</name>
         <load_address>0x4844</load_address>
         <run_address>0x4844</run_address>
         <size>0xf75</size>
         <input_file_ref idref="fl-7"/>
      </object_component>
      <object_component id="oc-226">
         <name>.debug_info</name>
         <load_address>0x57b9</load_address>
         <run_address>0x57b9</run_address>
         <size>0x36c</size>
         <input_file_ref idref="fl-8"/>
      </object_component>
      <object_component id="oc-1a0">
         <name>.debug_info</name>
         <load_address>0x5b25</load_address>
         <run_address>0x5b25</run_address>
         <size>0x582</size>
         <input_file_ref idref="fl-8"/>
      </object_component>
      <object_component id="oc-8c">
         <name>.debug_info</name>
         <load_address>0x60a7</load_address>
         <run_address>0x60a7</run_address>
         <size>0x2a4</size>
         <input_file_ref idref="fl-9"/>
      </object_component>
      <object_component id="oc-181">
         <name>.debug_info</name>
         <load_address>0x634b</load_address>
         <run_address>0x634b</run_address>
         <size>0x37f</size>
         <input_file_ref idref="fl-a"/>
      </object_component>
      <object_component id="oc-1f2">
         <name>.debug_info</name>
         <load_address>0x66ca</load_address>
         <run_address>0x66ca</run_address>
         <size>0x291</size>
         <input_file_ref idref="fl-d"/>
      </object_component>
      <object_component id="oc-17b">
         <name>.debug_info</name>
         <load_address>0x695b</load_address>
         <run_address>0x695b</run_address>
         <size>0x4e9</size>
         <input_file_ref idref="fl-d"/>
      </object_component>
      <object_component id="oc-175">
         <name>.debug_info</name>
         <load_address>0x6e44</load_address>
         <run_address>0x6e44</run_address>
         <size>0x1a9</size>
         <input_file_ref idref="fl-e"/>
      </object_component>
      <object_component id="oc-160">
         <name>.debug_info</name>
         <load_address>0x6fed</load_address>
         <run_address>0x6fed</run_address>
         <size>0x2a6</size>
         <input_file_ref idref="fl-f"/>
      </object_component>
      <object_component id="oc-d4">
         <name>.debug_info</name>
         <load_address>0x7293</load_address>
         <run_address>0x7293</run_address>
         <size>0x429</size>
         <input_file_ref idref="fl-f"/>
      </object_component>
      <object_component id="oc-162">
         <name>.debug_info</name>
         <load_address>0x76bc</load_address>
         <run_address>0x76bc</run_address>
         <size>0x2a7</size>
         <input_file_ref idref="fl-10"/>
      </object_component>
      <object_component id="oc-dc">
         <name>.debug_info</name>
         <load_address>0x7963</load_address>
         <run_address>0x7963</run_address>
         <size>0x456</size>
         <input_file_ref idref="fl-10"/>
      </object_component>
      <object_component id="oc-199">
         <name>.debug_info</name>
         <load_address>0x7db9</load_address>
         <run_address>0x7db9</run_address>
         <size>0x13b</size>
         <input_file_ref idref="fl-11"/>
      </object_component>
      <object_component id="oc-1f6">
         <name>.debug_info</name>
         <load_address>0x7ef4</load_address>
         <run_address>0x7ef4</run_address>
         <size>0x119</size>
         <input_file_ref idref="fl-12"/>
      </object_component>
      <object_component id="oc-288">
         <name>.debug_info</name>
         <load_address>0x800d</load_address>
         <run_address>0x800d</run_address>
         <size>0x35c</size>
         <input_file_ref idref="fl-13"/>
      </object_component>
      <object_component id="oc-21e">
         <name>.debug_info</name>
         <load_address>0x8369</load_address>
         <run_address>0x8369</run_address>
         <size>0x1909</size>
         <input_file_ref idref="fl-13"/>
      </object_component>
      <object_component id="oc-21b">
         <name>.debug_info</name>
         <load_address>0x9c72</load_address>
         <run_address>0x9c72</run_address>
         <size>0x58b</size>
         <input_file_ref idref="fl-14"/>
      </object_component>
      <object_component id="oc-18d">
         <name>.debug_info</name>
         <load_address>0xa1fd</load_address>
         <run_address>0xa1fd</run_address>
         <size>0x162a</size>
         <input_file_ref idref="fl-14"/>
      </object_component>
      <object_component id="oc-223">
         <name>.debug_info</name>
         <load_address>0xb827</load_address>
         <run_address>0xb827</run_address>
         <size>0x45a</size>
         <input_file_ref idref="fl-15"/>
      </object_component>
      <object_component id="oc-194">
         <name>.debug_info</name>
         <load_address>0xbc81</load_address>
         <run_address>0xbc81</run_address>
         <size>0xe14</size>
         <input_file_ref idref="fl-15"/>
      </object_component>
      <object_component id="oc-ce">
         <name>.debug_info</name>
         <load_address>0xca95</load_address>
         <run_address>0xca95</run_address>
         <size>0x6e8</size>
         <input_file_ref idref="fl-16"/>
      </object_component>
      <object_component id="oc-36">
         <name>.debug_info</name>
         <load_address>0xd17d</load_address>
         <run_address>0xd17d</run_address>
         <size>0x776</size>
         <input_file_ref idref="fl-16"/>
      </object_component>
      <object_component id="oc-266">
         <name>.debug_info</name>
         <load_address>0xd8f3</load_address>
         <run_address>0xd8f3</run_address>
         <size>0x333</size>
         <input_file_ref idref="fl-d0"/>
      </object_component>
      <object_component id="oc-207">
         <name>.debug_info</name>
         <load_address>0xdc26</load_address>
         <run_address>0xdc26</run_address>
         <size>0x1d1</size>
         <input_file_ref idref="fl-d0"/>
      </object_component>
      <object_component id="oc-25a">
         <name>.debug_info</name>
         <load_address>0xddf7</load_address>
         <run_address>0xddf7</run_address>
         <size>0x18d</size>
         <input_file_ref idref="fl-d0"/>
      </object_component>
      <object_component id="oc-262">
         <name>.debug_info</name>
         <load_address>0xdf84</load_address>
         <run_address>0xdf84</run_address>
         <size>0x16d</size>
         <input_file_ref idref="fl-d0"/>
      </object_component>
      <object_component id="oc-37c">
         <name>.debug_info</name>
         <load_address>0xe0f1</load_address>
         <run_address>0xe0f1</run_address>
         <size>0x2c</size>
         <input_file_ref idref="fl-d0"/>
      </object_component>
      <object_component id="oc-9d">
         <name>.debug_info</name>
         <load_address>0xe11d</load_address>
         <run_address>0xe11d</run_address>
         <size>0x14c</size>
         <input_file_ref idref="fl-d1"/>
      </object_component>
      <object_component id="oc-a4">
         <name>.debug_info</name>
         <load_address>0xe269</load_address>
         <run_address>0xe269</run_address>
         <size>0x13a</size>
         <input_file_ref idref="fl-d2"/>
      </object_component>
      <object_component id="oc-213">
         <name>.debug_info</name>
         <load_address>0xe3a3</load_address>
         <run_address>0xe3a3</run_address>
         <size>0x139</size>
         <input_file_ref idref="fl-d3"/>
      </object_component>
      <object_component id="oc-96">
         <name>.debug_info</name>
         <load_address>0xe4dc</load_address>
         <run_address>0xe4dc</run_address>
         <size>0x12c</size>
         <input_file_ref idref="fl-d4"/>
      </object_component>
      <object_component id="oc-4e">
         <name>.debug_info</name>
         <load_address>0xe608</load_address>
         <run_address>0xe608</run_address>
         <size>0x119</size>
         <input_file_ref idref="fl-d5"/>
      </object_component>
      <object_component id="oc-20c">
         <name>.debug_info</name>
         <load_address>0xe721</load_address>
         <run_address>0xe721</run_address>
         <size>0x12e</size>
         <input_file_ref idref="fl-d6"/>
      </object_component>
      <object_component id="oc-bd">
         <name>.debug_info</name>
         <load_address>0xe84f</load_address>
         <run_address>0xe84f</run_address>
         <size>0x147</size>
         <input_file_ref idref="fl-d7"/>
      </object_component>
      <object_component id="oc-216">
         <name>.debug_info</name>
         <load_address>0xe996</load_address>
         <run_address>0xe996</run_address>
         <size>0x13f</size>
         <input_file_ref idref="fl-d8"/>
      </object_component>
      <object_component id="oc-274">
         <name>.debug_info</name>
         <load_address>0xead5</load_address>
         <run_address>0xead5</run_address>
         <size>0x134</size>
         <input_file_ref idref="fl-d9"/>
      </object_component>
      <object_component id="oc-10a">
         <name>.debug_info</name>
         <load_address>0xec09</load_address>
         <run_address>0xec09</run_address>
         <size>0x2d4</size>
         <input_file_ref idref="fl-da"/>
      </object_component>
      <object_component id="oc-5c">
         <name>.debug_info</name>
         <load_address>0xeedd</load_address>
         <run_address>0xeedd</run_address>
         <size>0x1d2</size>
         <input_file_ref idref="fl-da"/>
      </object_component>
      <object_component id="oc-105">
         <name>.debug_info</name>
         <load_address>0xf0af</load_address>
         <run_address>0xf0af</run_address>
         <size>0x46</size>
         <input_file_ref idref="fl-da"/>
      </object_component>
      <object_component id="oc-16c">
         <name>.debug_info</name>
         <load_address>0xf0f5</load_address>
         <run_address>0xf0f5</run_address>
         <size>0x2c</size>
         <input_file_ref idref="fl-da"/>
      </object_component>
      <object_component id="oc-58">
         <name>.debug_info</name>
         <load_address>0xf121</load_address>
         <run_address>0xf121</run_address>
         <size>0x2a8</size>
         <input_file_ref idref="fl-db"/>
      </object_component>
      <object_component id="oc-1c">
         <name>.debug_info</name>
         <load_address>0xf3c9</load_address>
         <run_address>0xf3c9</run_address>
         <size>0x1ea</size>
         <input_file_ref idref="fl-db"/>
      </object_component>
      <object_component id="oc-53">
         <name>.debug_info</name>
         <load_address>0xf5b3</load_address>
         <run_address>0xf5b3</run_address>
         <size>0x46</size>
         <input_file_ref idref="fl-db"/>
      </object_component>
      <object_component id="oc-fd">
         <name>.debug_info</name>
         <load_address>0xf5f9</load_address>
         <run_address>0xf5f9</run_address>
         <size>0x2c</size>
         <input_file_ref idref="fl-db"/>
      </object_component>
      <object_component id="oc-fb">
         <name>.debug_info</name>
         <load_address>0xf625</load_address>
         <run_address>0xf625</run_address>
         <size>0x29e</size>
         <input_file_ref idref="fl-dc"/>
      </object_component>
      <object_component id="oc-17">
         <name>.debug_info</name>
         <load_address>0xf8c3</load_address>
         <run_address>0xf8c3</run_address>
         <size>0x250</size>
         <input_file_ref idref="fl-dc"/>
      </object_component>
      <object_component id="oc-43">
         <name>.debug_info</name>
         <load_address>0xfb13</load_address>
         <run_address>0xfb13</run_address>
         <size>0x60</size>
         <input_file_ref idref="fl-dc"/>
      </object_component>
      <object_component id="oc-165">
         <name>.debug_info</name>
         <load_address>0xfb73</load_address>
         <run_address>0xfb73</run_address>
         <size>0x46</size>
         <input_file_ref idref="fl-dc"/>
      </object_component>
      <object_component id="oc-f6">
         <name>.debug_info</name>
         <load_address>0xfbb9</load_address>
         <run_address>0xfbb9</run_address>
         <size>0x39</size>
         <input_file_ref idref="fl-dc"/>
      </object_component>
      <object_component id="oc-7f">
         <name>.debug_info</name>
         <load_address>0xfbf2</load_address>
         <run_address>0xfbf2</run_address>
         <size>0x3b2</size>
         <input_file_ref idref="fl-dd"/>
      </object_component>
      <object_component id="oc-25">
         <name>.debug_info</name>
         <load_address>0xffa4</load_address>
         <run_address>0xffa4</run_address>
         <size>0x10c</size>
         <input_file_ref idref="fl-dd"/>
      </object_component>
      <object_component id="oc-393">
         <name>.debug_info</name>
         <load_address>0x100b0</load_address>
         <run_address>0x100b0</run_address>
         <size>0x13f</size>
         <input_file_ref idref="fl-dd"/>
      </object_component>
      <object_component id="oc-2ff">
         <name>.debug_info</name>
         <load_address>0x101ef</load_address>
         <run_address>0x101ef</run_address>
         <size>0x168</size>
         <input_file_ref idref="fl-dd"/>
      </object_component>
      <object_component id="oc-306">
         <name>.debug_info</name>
         <load_address>0x10357</load_address>
         <run_address>0x10357</run_address>
         <size>0x18e</size>
         <input_file_ref idref="fl-dd"/>
      </object_component>
      <object_component id="oc-30d">
         <name>.debug_info</name>
         <load_address>0x104e5</load_address>
         <run_address>0x104e5</run_address>
         <size>0x19f</size>
         <input_file_ref idref="fl-dd"/>
      </object_component>
      <object_component id="oc-282">
         <name>.debug_info</name>
         <load_address>0x10684</load_address>
         <run_address>0x10684</run_address>
         <size>0x203</size>
         <input_file_ref idref="fl-dd"/>
      </object_component>
      <object_component id="oc-3c9">
         <name>.debug_info</name>
         <load_address>0x10887</load_address>
         <run_address>0x10887</run_address>
         <size>0x1db</size>
         <input_file_ref idref="fl-dd"/>
      </object_component>
      <object_component id="oc-27d">
         <name>.debug_info</name>
         <load_address>0x10a62</load_address>
         <run_address>0x10a62</run_address>
         <size>0x1a5</size>
         <input_file_ref idref="fl-dd"/>
      </object_component>
      <object_component id="oc-38c">
         <name>.debug_info</name>
         <load_address>0x10c07</load_address>
         <run_address>0x10c07</run_address>
         <size>0x299</size>
         <input_file_ref idref="fl-dd"/>
      </object_component>
      <object_component id="oc-12b">
         <name>.debug_info</name>
         <load_address>0x10ea0</load_address>
         <run_address>0x10ea0</run_address>
         <size>0xb2</size>
         <input_file_ref idref="fl-dd"/>
      </object_component>
      <object_component id="oc-126">
         <name>.debug_info</name>
         <load_address>0x10f52</load_address>
         <run_address>0x10f52</run_address>
         <size>0x2c</size>
         <input_file_ref idref="fl-dd"/>
      </object_component>
      <object_component id="oc-252">
         <name>.debug_info</name>
         <load_address>0x10f7e</load_address>
         <run_address>0x10f7e</run_address>
         <size>0x28f</size>
         <input_file_ref idref="fl-de"/>
      </object_component>
      <object_component id="oc-202">
         <name>.debug_info</name>
         <load_address>0x1120d</load_address>
         <run_address>0x1120d</run_address>
         <size>0x245</size>
         <input_file_ref idref="fl-de"/>
      </object_component>
      <object_component id="oc-28">
         <name>.debug_info</name>
         <load_address>0x11452</load_address>
         <run_address>0x11452</run_address>
         <size>0x10b</size>
         <input_file_ref idref="fl-df"/>
      </object_component>
      <object_component id="oc-6d">
         <name>.debug_info</name>
         <load_address>0x1155d</load_address>
         <run_address>0x1155d</run_address>
         <size>0x1a9</size>
         <input_file_ref idref="fl-df"/>
      </object_component>
      <object_component id="oc-2ec">
         <name>.debug_info</name>
         <load_address>0x11706</load_address>
         <run_address>0x11706</run_address>
         <size>0x590</size>
         <input_file_ref idref="fl-e0"/>
      </object_component>
      <object_component id="oc-2b9">
         <name>.debug_info</name>
         <load_address>0x11c96</load_address>
         <run_address>0x11c96</run_address>
         <size>0x21e</size>
         <input_file_ref idref="fl-e0"/>
      </object_component>
      <object_component id="oc-341">
         <name>.debug_info</name>
         <load_address>0x11eb4</load_address>
         <run_address>0x11eb4</run_address>
         <size>0x1b3</size>
         <input_file_ref idref="fl-e0"/>
      </object_component>
      <object_component id="oc-347">
         <name>.debug_info</name>
         <load_address>0x12067</load_address>
         <run_address>0x12067</run_address>
         <size>0x21b</size>
         <input_file_ref idref="fl-e0"/>
      </object_component>
      <object_component id="oc-2c4">
         <name>.debug_info</name>
         <load_address>0x12282</load_address>
         <run_address>0x12282</run_address>
         <size>0x3c0</size>
         <input_file_ref idref="fl-e0"/>
      </object_component>
      <object_component id="oc-34e">
         <name>.debug_info</name>
         <load_address>0x12642</load_address>
         <run_address>0x12642</run_address>
         <size>0x30a</size>
         <input_file_ref idref="fl-e0"/>
      </object_component>
      <object_component id="oc-354">
         <name>.debug_info</name>
         <load_address>0x1294c</load_address>
         <run_address>0x1294c</run_address>
         <size>0x215</size>
         <input_file_ref idref="fl-e0"/>
      </object_component>
      <object_component id="oc-2ca">
         <name>.debug_info</name>
         <load_address>0x12b61</load_address>
         <run_address>0x12b61</run_address>
         <size>0x215</size>
         <input_file_ref idref="fl-e0"/>
      </object_component>
      <object_component id="oc-2d0">
         <name>.debug_info</name>
         <load_address>0x12d76</load_address>
         <run_address>0x12d76</run_address>
         <size>0x304</size>
         <input_file_ref idref="fl-e0"/>
      </object_component>
      <object_component id="oc-2d6">
         <name>.debug_info</name>
         <load_address>0x1307a</load_address>
         <run_address>0x1307a</run_address>
         <size>0x4b5</size>
         <input_file_ref idref="fl-e0"/>
      </object_component>
      <object_component id="oc-256">
         <name>.debug_info</name>
         <load_address>0x1352f</load_address>
         <run_address>0x1352f</run_address>
         <size>0x5f4</size>
         <input_file_ref idref="fl-e0"/>
      </object_component>
      <object_component id="oc-2ed">
         <name>.debug_info</name>
         <load_address>0x13b23</load_address>
         <run_address>0x13b23</run_address>
         <size>0x86</size>
         <input_file_ref idref="fl-e0"/>
      </object_component>
      <object_component id="oc-381">
         <name>.debug_info</name>
         <load_address>0x13ba9</load_address>
         <run_address>0x13ba9</run_address>
         <size>0x39</size>
         <input_file_ref idref="fl-e0"/>
      </object_component>
      <object_component id="oc-3c3">
         <name>.debug_info</name>
         <load_address>0x13be2</load_address>
         <run_address>0x13be2</run_address>
         <size>0xb6</size>
         <input_file_ref idref="fl-e0"/>
      </object_component>
      <object_component id="oc-386">
         <name>.debug_info</name>
         <load_address>0x13c98</load_address>
         <run_address>0x13c98</run_address>
         <size>0x46</size>
         <input_file_ref idref="fl-e0"/>
      </object_component>
      <object_component id="oc-2f2">
         <name>.debug_info</name>
         <load_address>0x13cde</load_address>
         <run_address>0x13cde</run_address>
         <size>0x46</size>
         <input_file_ref idref="fl-e0"/>
      </object_component>
      <object_component id="oc-270">
         <name>.debug_info</name>
         <load_address>0x13d24</load_address>
         <run_address>0x13d24</run_address>
         <size>0x115</size>
         <input_file_ref idref="fl-e1"/>
      </object_component>
      <object_component id="oc-2bf">
         <name>.debug_info</name>
         <load_address>0x13e39</load_address>
         <run_address>0x13e39</run_address>
         <size>0x128</size>
         <input_file_ref idref="fl-e2"/>
      </object_component>
      <object_component id="oc-32f">
         <name>.debug_info</name>
         <load_address>0x13f61</load_address>
         <run_address>0x13f61</run_address>
         <size>0x12a</size>
         <input_file_ref idref="fl-e2"/>
      </object_component>
      <object_component id="oc-32b">
         <name>.debug_info</name>
         <load_address>0x1408b</load_address>
         <run_address>0x1408b</run_address>
         <size>0x13a</size>
         <input_file_ref idref="fl-e3"/>
      </object_component>
      <object_component id="oc-334">
         <name>.debug_info</name>
         <load_address>0x141c5</load_address>
         <run_address>0x141c5</run_address>
         <size>0x12e</size>
         <input_file_ref idref="fl-e4"/>
      </object_component>
      <object_component id="oc-235">
         <name>.debug_info</name>
         <load_address>0x142f3</load_address>
         <run_address>0x142f3</run_address>
         <size>0x4b3</size>
         <input_file_ref idref="fl-e5"/>
      </object_component>
      <object_component id="oc-1bd">
         <name>.debug_info</name>
         <load_address>0x147a6</load_address>
         <run_address>0x147a6</run_address>
         <size>0x1a6</size>
         <input_file_ref idref="fl-e5"/>
      </object_component>
      <object_component id="oc-29d">
         <name>.debug_info</name>
         <load_address>0x1494c</load_address>
         <run_address>0x1494c</run_address>
         <size>0x39</size>
         <input_file_ref idref="fl-e5"/>
      </object_component>
      <object_component id="oc-316">
         <name>.debug_info</name>
         <load_address>0x14985</load_address>
         <run_address>0x14985</run_address>
         <size>0x39</size>
         <input_file_ref idref="fl-e5"/>
      </object_component>
      <object_component id="oc-2a2">
         <name>.debug_info</name>
         <load_address>0x149be</load_address>
         <run_address>0x149be</run_address>
         <size>0x39</size>
         <input_file_ref idref="fl-e5"/>
      </object_component>
      <object_component id="oc-2a7">
         <name>.debug_info</name>
         <load_address>0x149f7</load_address>
         <run_address>0x149f7</run_address>
         <size>0xcd</size>
         <input_file_ref idref="fl-e5"/>
      </object_component>
      <object_component id="oc-110">
         <name>.debug_info</name>
         <load_address>0x14ac4</load_address>
         <run_address>0x14ac4</run_address>
         <size>0x153</size>
         <input_file_ref idref="fl-e6"/>
      </object_component>
      <object_component id="oc-1b0">
         <name>.debug_info</name>
         <load_address>0x14c17</load_address>
         <run_address>0x14c17</run_address>
         <size>0x122</size>
         <input_file_ref idref="fl-e8"/>
      </object_component>
      <object_component id="oc-297">
         <name>.debug_info</name>
         <load_address>0x14d39</load_address>
         <run_address>0x14d39</run_address>
         <size>0x2c9</size>
         <input_file_ref idref="fl-e9"/>
      </object_component>
      <object_component id="oc-22f">
         <name>.debug_info</name>
         <load_address>0x15002</load_address>
         <run_address>0x15002</run_address>
         <size>0x11e</size>
         <input_file_ref idref="fl-e9"/>
      </object_component>
      <object_component id="oc-292">
         <name>.debug_info</name>
         <load_address>0x15120</load_address>
         <run_address>0x15120</run_address>
         <size>0x12e</size>
         <input_file_ref idref="fl-e9"/>
      </object_component>
      <object_component id="oc-3a0">
         <name>.debug_info</name>
         <load_address>0x1524e</load_address>
         <run_address>0x1524e</run_address>
         <size>0x29c</size>
         <input_file_ref idref="fl-ea"/>
      </object_component>
      <object_component id="oc-33b">
         <name>.debug_info</name>
         <load_address>0x154ea</load_address>
         <run_address>0x154ea</run_address>
         <size>0x1da</size>
         <input_file_ref idref="fl-ea"/>
      </object_component>
      <object_component id="oc-326">
         <name>.debug_info</name>
         <load_address>0x156c4</load_address>
         <run_address>0x156c4</run_address>
         <size>0x2b9</size>
         <input_file_ref idref="fl-ec"/>
      </object_component>
      <object_component id="oc-2b1">
         <name>.debug_info</name>
         <load_address>0x1597d</load_address>
         <run_address>0x1597d</run_address>
         <size>0x17c</size>
         <input_file_ref idref="fl-ec"/>
      </object_component>
      <object_component id="oc-399">
         <name>.debug_info</name>
         <load_address>0x15af9</load_address>
         <run_address>0x15af9</run_address>
         <size>0xf9</size>
         <input_file_ref idref="fl-ed"/>
      </object_component>
      <object_component id="oc-323">
         <name>.debug_info</name>
         <load_address>0x15bf2</load_address>
         <run_address>0x15bf2</run_address>
         <size>0x105</size>
         <input_file_ref idref="fl-ed"/>
      </object_component>
      <object_component id="oc-36d">
         <name>.debug_info</name>
         <load_address>0x15cf7</load_address>
         <run_address>0x15cf7</run_address>
         <size>0x2a7</size>
         <input_file_ref idref="fl-ee"/>
      </object_component>
      <object_component id="oc-2da">
         <name>.debug_info</name>
         <load_address>0x15f9e</load_address>
         <run_address>0x15f9e</run_address>
         <size>0x1b8</size>
         <input_file_ref idref="fl-ee"/>
      </object_component>
      <object_component id="oc-3b5">
         <name>.debug_info</name>
         <load_address>0x16156</load_address>
         <run_address>0x16156</run_address>
         <size>0x29a</size>
         <input_file_ref idref="fl-ef"/>
      </object_component>
      <object_component id="oc-368">
         <name>.debug_info</name>
         <load_address>0x163f0</load_address>
         <run_address>0x163f0</run_address>
         <size>0x262</size>
         <input_file_ref idref="fl-ef"/>
      </object_component>
      <object_component id="oc-379">
         <name>.debug_info</name>
         <load_address>0x16652</load_address>
         <run_address>0x16652</run_address>
         <size>0x289</size>
         <input_file_ref idref="fl-f0"/>
      </object_component>
      <object_component id="oc-376">
         <name>.debug_info</name>
         <load_address>0x168db</load_address>
         <run_address>0x168db</run_address>
         <size>0x10e</size>
[...]
         <value>0x5b99</value>
         <object_component_ref idref="oc-d9"/>
      </symbol>
      <symbol id="sm-297">
         <name>WakePin_Init</name>
         <value>0x7059</value>
         <object_component_ref idref="oc-198"/>
      </symbol>
      <symbol id="sm-2a1">
         <name>asm_rst</name>
         <value>0x7671</value>
         <object_component_ref idref="oc-1f3"/>
      </symbol>
      <symbol id="sm-2cd">
         <name>Cmd_Button</name>
         <value>0x4329</value>
         <object_component_ref idref="oc-21c"/>
      </symbol>
      <symbol id="sm-2ce">
         <name>Cmd_AnimDraw</name>
         <value>0x46e9</value>
         <object_component_ref idref="oc-21c"/>
      </symbol>
      <symbol id="sm-2cf">
         <name>Cmd_Spinner</name>
         <value>0x4149</value>
         <object_component_ref idref="oc-21c"/>
      </symbol>
      <symbol id="sm-2d0">
         <name>Cmd_Track</name>
         <value>0x4241</value>
         <object_component_ref idref="oc-21c"/>
      </symbol>
      <symbol id="sm-2d1">
         <name>Cmd_Translate</name>
         <value>0x45b9</value>
         <object_component_ref idref="oc-21c"/>
      </symbol>
      <symbol id="sm-2d2">
         <name>Cmd_Dial</name>
         <value>0x41f1</value>
         <object_component_ref idref="oc-21c"/>
      </symbol>
      <symbol id="sm-2d3">
         <name>Cmd_AnimXY</name>
         <value>0x46b1</value>
         <object_component_ref idref="oc-21c"/>
      </symbol>
      <symbol id="sm-2d4">
         <name>Cmd_Memcpy</name>
         <value>0x4529</value>
         <object_component_ref idref="oc-21c"/>
      </symbol>
      <symbol id="sm-2d5">
         <name>Cmd_Flash_Fast</name>
         <value>0x4639</value>
         <object_component_ref idref="oc-21c"/>
      </symbol>
      <symbol id="sm-2d6">
         <name>Cmd_AnimDrawFrame</name>
         <value>0x4701</value>
         <object_component_ref idref="oc-21c"/>
      </symbol>
      <symbol id="sm-2d7">
         <name>Cmd_GetPtr</name>
         <value>0x4559</value>
         <object_component_ref idref="oc-21c"/>
      </symbol>
      <symbol id="sm-2d8">
         <name>Cmd_Gradient</name>
         <value>0x42d9</value>
         <object_component_ref idref="oc-21c"/>
      </symbol>
      <symbol id="sm-2d9">
         <name>Cmd_SetBitmap</name>
         <value>0x44e9</value>
         <object_component_ref idref="oc-21c"/>
      </symbol>
      <symbol id="sm-2da">
         <name>Cmd_Calibrate</name>
         <value>0x4651</value>
         <object_component_ref idref="oc-21c"/>
      </symbol>
      <symbol id="sm-2db">
         <name>Cmd_Scale</name>
         <value>0x4611</value>
         <object_component_ref idref="oc-21c"/>
      </symbol>
      <symbol id="sm-2dc">
         <name>Cmd_BGcolor</name>
         <value>0x45a1</value>
         <object_component_ref idref="oc-21c"/>
      </symbol>
      <symbol id="sm-2dd">
         <name>Cmd_Number</name>
         <value>0x4291</value>
         <object_component_ref idref="oc-21c"/>
      </symbol>
      <symbol id="sm-2de">
         <name>Cmd_Slider</name>
         <value>0x40f1</value>
         <object_component_ref idref="oc-21c"/>
      </symbol>
      <symbol id="sm-2df">
         <name>Cmd_Gauge</name>
         <value>0x4191</value>
         <object_component_ref idref="oc-21c"/>
      </symbol>
      <symbol id="sm-2e0">
         <name>Cmd_GradientColor</name>
         <value>0x4571</value>
         <object_component_ref idref="oc-21c"/>
      </symbol>
      <symbol id="sm-2e1">
         <name>Cmd_SetRotate</name>
         <value>0x45f9</value>
         <object_component_ref idref="oc-21c"/>
      </symbol>
      <symbol id="sm-2e2">
         <name>Cmd_Rotate</name>
         <value>0x45e1</value>
         <object_component_ref idref="oc-21c"/>
      </symbol>
      <symbol id="sm-2e3">
         <name>Cmd_AnimStop</name>
         <value>0x4699</value>
         <object_component_ref idref="oc-21c"/>
      </symbol>
      <symbol id="sm-2e4">
         <name>Cmd_FGcolor</name>
         <value>0x4589</value>
         <object_component_ref idref="oc-21c"/>
      </symbol>
      <symbol id="sm-2e5">
         <name>Cmd_AnimStart</name>
         <value>0x4669</value>
         <object_component_ref idref="oc-21c"/>
      </symbol>
      <symbol id="sm-320">
         <name>Calibrate_Manual</name>
         <value>0x2af1</value>
         <object_component_ref idref="oc-18c"/>
      </symbol>
      <symbol id="sm-321">
         <name>Wait4CoProFIFOEmpty</name>
         <value>0x29e9</value>
         <object_component_ref idref="oc-18c"/>
      </symbol>
      <symbol id="sm-322">
         <name>Wait4CoProFIFO</name>
         <value>0x2681</value>
         <object_component_ref idref="oc-18c"/>
      </symbol>
      <symbol id="sm-323">
         <name>Cmd_Text</name>
         <value>0x2749</value>
         <object_component_ref idref="oc-18c"/>
      </symbol>
      <symbol id="sm-324">
         <name>ClearScreen</name>
         <value>0x29a9</value>
         <object_component_ref idref="oc-18c"/>
      </symbol>
      <symbol id="sm-325">
         <name>Cap_Touch_Upload</name>
         <value>0x24e9</value>
         <object_component_ref idref="oc-18c"/>
      </symbol>
      <symbol id="sm-326">
         <name>CoProFIFO_FreeSpace</name>
         <value>0x2629</value>
         <object_component_ref idref="oc-18c"/>
      </symbol>
      <symbol id="sm-327">
         <name>MakeScreen_MatrixOrbital</name>
         <value>0x2909</value>
         <object_component_ref idref="oc-18c"/>
      </symbol>
      <symbol id="sm-328">
         <name>FT81x_Init</name>
         <value>0x22a9</value>
         <object_component_ref idref="oc-18c"/>
      </symbol>
      <symbol id="sm-329">
         <name>CoProWrCmdBuf</name>
         <value>0x2579</value>
         <object_component_ref idref="oc-18c"/>
      </symbol>
      <symbol id="sm-32a">
         <name>UpdateFIFO</name>
         <value>0x28e9</value>
         <object_component_ref idref="oc-18c"/>
      </symbol>
      <symbol id="sm-32b">
         <name>Send_CMD</name>
         <value>0x2701</value>
         <object_component_ref idref="oc-18c"/>
      </symbol>
      <symbol id="sm-32c">
         <name>Calibrate</name>
         <value>0x2f69</value>
         <object_component_ref idref="oc-18c"/>
      </symbol>
      <symbol id="sm-32d">
         <name>StartCoProTransfer</name>
         <value>0x26a1</value>
         <object_component_ref idref="oc-18c"/>
      </symbol>
      <symbol id="sm-35b">
         <name>hongButton</name>
         <value>0x3ab1</value>
         <object_component_ref idref="oc-192"/>
      </symbol>
      <symbol id="sm-35c">
         <name>hongCalibrate</name>
         <value>0x3a61</value>
         <object_component_ref idref="oc-192"/>
      </symbol>
      <symbol id="sm-35d">
         <name>display_fuel_reset</name>
         <value>0x3e41</value>
         <object_component_ref idref="oc-192"/>
      </symbol>
      <symbol id="sm-35e">
         <name>display_accel_trans_rpm</name>
         <value>0x3c21</value>
         <object_component_ref idref="oc-192"/>
      </symbol>
      <symbol id="sm-35f">
         <name>calibrate_once</name>
         <value>0x39f1</value>
         <object_component_ref idref="oc-192"/>
      </symbol>
      <symbol id="sm-360">
         <name>display_fuel</name>
         <value>0x3d01</value>
         <object_component_ref idref="oc-192"/>
      </symbol>
      <symbol id="sm-361">
         <name>make_gauge</name>
         <value>0x3b19</value>
         <object_component_ref idref="oc-192"/>
      </symbol>
      <symbol id="sm-362">
         <name>make_character</name>
         <value>0x3b79</value>
         <object_component_ref idref="oc-192"/>
      </symbol>
      <symbol id="sm-363">
         <name>display_reset_choice</name>
         <value>0x3f99</value>
         <object_component_ref idref="oc-192"/>
      </symbol>
      <symbol id="sm-3b3">
         <name>ascii_Break_distance_array</name>
         <value>0xfd9</value>
         <object_component_ref idref="oc-33"/>
      </symbol>
      <symbol id="sm-3b4">
         <name>timer2_handler</name>
         <value>0x5d1</value>
         <object_component_ref idref="oc-33"/>
      </symbol>
      <symbol id="sm-3b5">
         <name>Timer2_init</name>
         <value>0x309</value>
         <object_component_ref idref="oc-33"/>
      </symbol>
      <symbol id="sm-3b6">
         <name>Timer0_init</name>
         <value>0x271</value>
         <object_component_ref idref="oc-33"/>
      </symbol>
      <symbol id="sm-3b7">
         <name>timer0_handler</name>
         <value>0x3d1</value>
         <object_component_ref idref="oc-33"/>
      </symbol>
      <symbol id="sm-3b8">
         <name>ascii_distance_array</name>
         <value>0x6b9</value>
         <object_component_ref idref="oc-33"/>
      </symbol>
      <symbol id="sm-3b9">
         <name>Timer2_disable</name>
         <value>0x3a9</value>
         <object_component_ref idref="oc-33"/>
      </symbol>
      <symbol id="sm-3ba">
         <name>Timer0_disable</name>
         <value>0x399</value>
         <object_component_ref idref="oc-33"/>
      </symbol>
      <symbol id="sm-3bb">
         <name>Timer0_clear_irq</name>
         <value>0x3c1</value>
         <object_component_ref idref="oc-33"/>
      </symbol>
      <symbol id="sm-3bc">
         <name>ascii_Engine_distance_array</name>
         <value>0x9b9</value>
         <object_component_ref idref="oc-33"/>
      </symbol>
      <symbol id="sm-3bd">
         <name>ascii_Mission_distance_array</name>
         <value>0xcc9</value>
         <object_component_ref idref="oc-33"/>
      </symbol>
      <symbol id="sm-3e4">
         <name>sprintf</name>
         <value>0x73fd</value>
         <object_component_ref idref="oc-205"/>
      </symbol>
      <symbol id="sm-3fb">
         <name>__aeabi_dsub</name>
         <value>0x60b1</value>
         <object_component_ref idref="oc-9a"/>
      </symbol>
      <symbol id="sm-3fc">
         <name>__aeabi_dadd</name>
         <value>0x60bb</value>
         <object_component_ref idref="oc-9a"/>
      </symbol>
      <symbol id="sm-407">
         <name>__aeabi_dmul</name>
         <value>0x69bd</value>
         <object_component_ref idref="oc-a1"/>
      </symbol>
      <symbol id="sm-411">
         <name>__aeabi_d2uiz</name>
         <value>0x73b9</value>
         <object_component_ref idref="oc-210"/>
      </symbol>
      <symbol id="sm-41b">
         <name>__aeabi_i2d</name>
         <value>0x7529</value>
         <object_component_ref idref="oc-94"/>
      </symbol>
      <symbol id="sm-436">
         <name>memcpy</name>
         <value>0x6c4f</value>
         <object_component_ref idref="oc-4d"/>
      </symbol>
      <symbol id="sm-437">
         <name>__aeabi_memcpy</name>
         <value>0x6c4f</value>
         <object_component_ref idref="oc-4d"/>
      </symbol>
      <symbol id="sm-438">
         <name>__aeabi_memcpy8</name>
         <value>0x6c4f</value>
         <object_component_ref idref="oc-4d"/>
      </symbol>
      <symbol id="sm-439">
         <name>__aeabi_memcpy4</name>
         <value>0x6c4f</value>
         <object_component_ref idref="oc-4d"/>
      </symbol>
      <symbol id="sm-443">
         <name>__aeabi_ui2d</name>
         <value>0x7581</value>
         <object_component_ref idref="oc-20b"/>
      </symbol>
      <symbol id="sm-452">
         <name>__aeabi_memset</name>
         <value>0x6e8f</value>
         <object_component_ref idref="oc-ba"/>
      </symbol>
      <symbol id="sm-453">
         <name>memset</name>
         <value>0x6e95</value>
         <object_component_ref idref="oc-ba"/>
      </symbol>
      <symbol id="sm-454">
         <name>__aeabi_memset8</name>
         <value>0x6e8f</value>
         <object_component_ref idref="oc-ba"/>
      </symbol>
      <symbol id="sm-455">
         <name>__aeabi_memset4</name>
         <value>0x6e8f</value>
         <object_component_ref idref="oc-ba"/>
      </symbol>
      <symbol id="sm-456">
         <name>__aeabi_memclr8</name>
         <value>0x6e8d</value>
         <object_component_ref idref="oc-ba"/>
      </symbol>
      <symbol id="sm-457">
         <name>__aeabi_memclr4</name>
         <value>0x6e8d</value>
         <object_component_ref idref="oc-ba"/>
      </symbol>
      <symbol id="sm-458">
         <name>__aeabi_memclr</name>
         <value>0x6e8d</value>
         <object_component_ref idref="oc-ba"/>
      </symbol>
      <symbol id="sm-466">
         <name>__aeabi_ldivmod</name>
         <value>0x6fe7</value>
         <object_component_ref idref="oc-215"/>
      </symbol>
      <symbol id="sm-473">
         <name>__aeabi_uldivmod</name>
         <value>0x6ceb</value>
         <object_component_ref idref="oc-273"/>
      </symbol>
      <symbol id="sm-48c">
         <name>__TI_zero_init_nomemset</name>
         <value>0x75a1</value>
         <object_component_ref idref="oc-59"/>
      </symbol>
      <symbol id="sm-4a3">
         <name>__TI_decompress_none</name>
         <value>0x7695</value>
         <object_component_ref idref="oc-1b"/>
      </symbol>
      <symbol id="sm-4c6">
         <name>__TI_decompress_lzss</name>
         <value>0x70c3</value>
         <object_component_ref idref="oc-15"/>
      </symbol>
      <symbol id="sm-55b">
         <name>_sys_memory</name>
         <value>0x20000730</value>
         <object_component_ref idref="oc-24"/>
      </symbol>
      <symbol id="sm-55c">
         <name>free</name>
         <value>0x6ab9</value>
         <object_component_ref idref="oc-281"/>
      </symbol>
      <symbol id="sm-55d">
         <name>memalign</name>
         <value>0x68bd</value>
         <object_component_ref idref="oc-38b"/>
      </symbol>
      <symbol id="sm-55e">
         <name>calloc</name>
         <value>0x74bd</value>
         <object_component_ref idref="oc-27b"/>
      </symbol>
      <symbol id="sm-55f">
         <name>malloc</name>
         <value>0x76b5</value>
         <object_component_ref idref="oc-2fd"/>
      </symbol>
      <symbol id="sm-560">
         <name>aligned_alloc</name>
         <value>0x68bd</value>
         <object_component_ref idref="oc-38b"/>
      </symbol>
      <symbol id="sm-56e">
         <name>strlen</name>
         <value>0x7659</value>
         <object_component_ref idref="oc-1ff"/>
      </symbol>
      <symbol id="sm-581">
         <name>__stack</name>
         <value>0x20000000</value>
         <object_component_ref idref="oc-27"/>
      </symbol>
      <symbol id="sm-582">
         <name>_c_int00_noargs</name>
         <value>0x74f5</value>
         <object_component_ref idref="oc-6b"/>
      </symbol>
      <symbol id="sm-6e7">
         <name>__TI_printfi</name>
         <value>0x2f9d</value>
         <object_component_ref idref="oc-253"/>
      </symbol>
      <symbol id="sm-6f1">
         <name>__aeabi_idiv0</name>
         <value>0x22a7</value>
         <object_component_ref idref="oc-26e"/>
      </symbol>
      <symbol id="sm-6f2">
         <name>__aeabi_ldiv0</name>
         <value>0x22a7</value>
         <object_component_ref idref="oc-26e"/>
      </symbol>
      <symbol id="sm-714">
         <name>__aeabi_cdcmpeq</name>
         <value>0x6d81</value>
         <object_component_ref idref="oc-2bc"/>
      </symbol>
      <symbol id="sm-715">
         <name>__aeabi_cdcmple</name>
         <value>0x6d81</value>
         <object_component_ref idref="oc-2bc"/>
      </symbol>
      <symbol id="sm-716">
         <name>__aeabi_cdrcmple</name>
         <value>0x6e07</value>
         <object_component_ref idref="oc-32e"/>
      </symbol>
      <symbol id="sm-72a">
         <name>__aeabi_ddiv</name>
         <value>0x6551</value>
         <object_component_ref idref="oc-329"/>
      </symbol>
      <symbol id="sm-734">
         <name>__aeabi_d2iz</name>
         <value>0x732d</value>
         <object_component_ref idref="oc-333"/>
      </symbol>
      <symbol id="sm-75c">
         <name>__TI_auto_init_nobinit_nopinit</name>
         <value>0x7375</value>
         <object_component_ref idref="oc-1ba"/>
      </symbol>
      <symbol id="sm-766">
         <name>_system_pre_init</name>
         <value>0x1313</value>
         <object_component_ref idref="oc-10c"/>
      </symbol>
      <symbol id="sm-772">
         <name>C$$EXIT</name>
         <value>0x39eb</value>
         <object_component_ref idref="oc-1ae"/>
      </symbol>
      <symbol id="sm-773">
         <name>abort</name>
         <value>0x39eb</value>
         <object_component_ref idref="oc-1ae"/>
      </symbol>
      <symbol id="sm-788">
         <name>_nop</name>
         <value>0x1317</value>
         <object_component_ref idref="oc-28f"/>
      </symbol>
      <symbol id="sm-789">
         <name>_lock</name>
         <value>0x2000067c</value>
         <object_component_ref idref="oc-22e"/>
      </symbol>
      <symbol id="sm-78a">
         <name>_unlock</name>
         <value>0x20000680</value>
         <object_component_ref idref="oc-22e"/>
      </symbol>
      <symbol id="sm-799">
         <name>__TI_ltoa</name>
         <value>0x71e7</value>
         <object_component_ref idref="oc-338"/>
      </symbol>
      <symbol id="sm-7b0">
         <name>atoi</name>
         <value>0x72e1</value>
         <object_component_ref idref="oc-2b0"/>
      </symbol>
      <symbol id="sm-7bb">
         <name>_ctypes_</name>
         <value>0x76bc</value>
         <object_component_ref idref="oc-322"/>
      </symbol>
      <symbol id="sm-7cb">
         <name>memccpy</name>
         <value>0x75d9</value>
         <object_component_ref idref="oc-2d9"/>
      </symbol>
      <symbol id="sm-7db">
         <name>strchr</name>
         <value>0x7643</value>
         <object_component_ref idref="oc-365"/>
      </symbol>
      <symbol id="sm-7f1">
         <name>__aeabi_errno_addr</name>
         <value>0x76ad</value>
         <object_component_ref idref="oc-2e5"/>
      </symbol>
      <symbol id="sm-7f2">
         <name>errno</name>
         <value>0x200006ac</value>
         <object_component_ref idref="oc-375"/>
      </symbol>
      <symbol id="sm-812">
         <name>frexpl</name>
         <value>0x712d</value>
         <object_component_ref idref="oc-359"/>
      </symbol>
      <symbol id="sm-813">
         <name>frexp</name>
         <value>0x712d</value>
         <object_component_ref idref="oc-359"/>
      </symbol>
      <symbol id="sm-830">
         <name>scalbn</name>
         <value>0x67ad</value>
         <object_component_ref idref="oc-35f"/>
      </symbol>
      <symbol id="sm-831">
         <name>scalbnl</name>
         <value>0x67ad</value>
         <object_component_ref idref="oc-35f"/>
      </symbol>
      <symbol id="sm-832">
         <name>ldexpl</name>
         <value>0x67ad</value>
         <object_component_ref idref="oc-35f"/>
      </symbol>
      <symbol id="sm-833">
         <name>ldexp</name>
         <value>0x67ad</value>
         <object_component_ref idref="oc-35f"/>
      </symbol>
      <symbol id="sm-83d">
         <name>copysign</name>
         <value>0x75f5</value>
         <object_component_ref idref="oc-3ac"/>
      </symbol>
      <symbol id="sm-83e">
         <name>copysignl</name>
         <value>0x75f5</value>
         <object_component_ref idref="oc-3ac"/>
      </symbol>
      <symbol id="sm-857">
         <name>wcslen</name>
         <value>0x7683</value>
         <object_component_ref idref="oc-2df"/>
      </symbol>
      <symbol id="sm-858">
         <name>__TI_static_base__</name>
         <value>0x0</value>
      </symbol>
      <symbol id="sm-85b">
         <name>__mpu_init</name>
         <value>0x0</value>
      </symbol>
      <symbol id="sm-85c">
         <name>_system_post_cinit</name>
         <value>0x0</value>
      </symbol>
   </symbol_table>
   <title>Link successful</title>
</link_info>
