******************************************************************************
                  TI ARM Linker PC v20.2.6                     
******************************************************************************
>> Linked Tue Jun 28 14:42:46 2022

OUTPUT FILE NAME:   <220128CAN.out>
ENTRY POINT SYMBOL: "_c_int00_noargs"  address: 000074f5


MEMORY CONFIGURATION

         name            origin    length      used     unused   attr    fill
----------------------  --------  ---------  --------  --------  ----  --------
  FLASH                 00000000   00040000  0000780e  000387f2  R  X
  SRAM                  20000000   00008000  0000073a  000078c6  RW X


SEGMENT ALLOCATION MAP

run origin  load origin   length   init length attrs members
----------  ----------- ---------- ----------- ----- -------
00000000    00000000    00007818   00007818    r-x
  00000000    00000000    0000026c   0000026c    r-- .intvecs
  00000270    00000270    0000744c   0000744c    r-x .text
  000076bc    000076bc    00000106   00000106    r-- .const
  000077c8    000077c8    00000050   00000050    r-- .cinit
20000000    20000000    00000740   00000000    rw-
  20000000    20000000    00000400   00000000    rw- .stack
  20000400    20000400    000002c6   00000000    rw- .data
  200006c8    200006c8    00000064   00000000    rw- .bss
  20000730    20000730    00000010   00000000    rw- .sysmem


SECTION ALLOCATION MAP

 output                                  attributes/
section   page    origin      length       input sections
--------  ----  ----------  ----------   ----------------
.intvecs   0    00000000    0000026c     
                  00000000    0000026c     tm4c123gh6pm_startup_ccs.obj (.intvecs)

.text      0    00000270    0000744c     
                  00000270    000010a2     timer.obj (.text)
                  00001312    00000004     rtsv7M4_T_le_v4SPD16_eabi.lib : pre_init.c.obj (.text:_system_pre_init)
                  00001316    00000002                                   : _lock.c.obj (.text:_nop)
                  00001318    00000f8e     Can_init.obj (.text)
                  000022a6    00000002     rtsv7M4_T_le_v4SPD16_eabi.lib : div0.asm.obj (.text)
                  000022a8    00000cf4     eve2_lib.obj (.text)
                  00002f9c    00000a4e     rtsv7M4_T_le_v4SPD16_eabi.lib : _printfi.c.obj (.text:__TI_printfi)
                  000039ea    00000004                                   : exit.c.obj (.text:abort:abort)
                  000039ee    00000002     --HOLE-- [fill = 0]
                  000039f0    00000700     my_eve2_lib.obj (.text)
                  000040f0    0000064a     eve2_display_lib.obj (.text)
                  0000473a    00000006     --HOLE-- [fill = 0]
                  00004740    000005ac     capstone_application.obj (.text)
                  00004cec    00000004     --HOLE-- [fill = 0]
                  00004cf0    000003ca     FT81X_LCD.obj (.text)
                  000050ba    00000006     --HOLE-- [fill = 0]
                  000050c0    0000035c     Spi_lcd.obj (.text)
                  0000541c    00000270     rtsv7M4_T_le_v4SPD16_eabi.lib : _printfi.c.obj (.text:_pconv_a)
                  0000568c    00000004     --HOLE-- [fill = 0]
                  00005690    00000248     Flash_memory.obj (.text)
                  000058d8    00000218     Uart.obj (.text)
                  00005af0    00000218     Uart7.obj (.text)
                  00005d08    000001d8     Gpio_led.obj (.text)
                  00005ee0    000001d0     rtsv7M4_T_le_v4SPD16_eabi.lib : _printfi.c.obj (.text:_pconv_g)
                  000060b0    000001b6                                   : fd_add_t2.asm.obj (.text)
                  00006266    00000002     --HOLE-- [fill = 0]
                  00006268    000001aa     Hibernation.obj (.text)
                  00006412    00000002     --HOLE-- [fill = 0]
                  00006414    0000013c     rtsv7M4_T_le_v4SPD16_eabi.lib : _printfi.c.obj (.text:_pconv_e)
                  00006550    00000136                                   : fd_div_t2.asm.obj (.text)
                  00006686    00000002     --HOLE-- [fill = 0]
                  00006688    00000124                                   : _printfi.c.obj (.text:fcvt)
                  000067ac    00000110                                   : s_scalbn.c.obj (.text:scalbn)
                  000068bc    00000100                                   : memory.c.obj (.text:aligned_alloc)
                  000069bc    000000fc                                   : fd_mul_t2.asm.obj (.text)
                  00006ab8    000000e4                                   : memory.c.obj (.text:free)
                  00006b9c    000000b1                                   : _printfi.c.obj (.text:_ltostr)
                  00006c4d    00000001     --HOLE-- [fill = 0]
                  00006c4e    0000009c                                   : memcpy_t2.asm.obj (.text)
                  00006cea    00000096                                   : ull_div_t2.asm.obj (.text)
                  00006d80    00000086                                   : fd_cmp_t2.asm.obj (.text:__aeabi_cdcmple)
                  00006e06    00000086                                   : fd_cmp_t2.asm.obj (.text:__aeabi_cdrcmple)
                  00006e8c    0000007a                                   : memset_t2.asm.obj (.text)
                  00006f06    00000002     --HOLE-- [fill = 0]
                  00006f08    00000070                                   : memory.c.obj (.text:split)
                  00006f78    0000006e                                   : _printfi.c.obj (.text:_mcpy)
                  00006fe6    0000006e                                   : ll_div_t2.asm.obj (.text)
                  00007054    00000004     --HOLE-- [fill = 0]
                  00007058    0000006a     WakePinData.obj (.text)
                  000070c2    00000068     rtsv7M4_T_le_v4SPD16_eabi.lib : copy_decompress_lzss.c.obj (.text:decompress:lzss:__TI_decompress_lzss)
                  0000712a    00000002     --HOLE-- [fill = 0]
                  0000712c    00000064                                   : s_frexp.c.obj (.text:frexp)
                  00007190    00000056                                   : _printfi.c.obj (.text:_pconv_f)
                  000071e6    00000054                                   : _ltoa.c.obj (.text:__TI_ltoa)
                  0000723a    00000052                                   : _printfi.c.obj (.text:_ecpy)
                  0000728c    00000004     --HOLE-- [fill = 0]
                  00007290    0000004e     Delay.obj (.text)
                  000072de    00000002     --HOLE-- [fill = 0]
                  000072e0    0000004c     rtsv7M4_T_le_v4SPD16_eabi.lib : atoi.c.obj (.text:atoi)
                  0000732c    00000048                                   : fd_toi_t2.asm.obj (.text)
                  00007374    00000044                                   : autoinit.c.obj (.text:__TI_auto_init_nobinit_nopinit:__TI_auto_init_nobinit_nopinit)
                  000073b8    00000044                                   : fd_tou_t2.asm.obj (.text)
                  000073fc    00000040                                   : sprintf.c.obj (.text:sprintf)
                  0000743c    00000004     --HOLE-- [fill = 0]
                  00007440    0000003e     Sysctl_clk.obj (.text)
                  0000747e    0000003e     rtsv7M4_T_le_v4SPD16_eabi.lib : _printfi.c.obj (.text:_fcpy)
                  000074bc    00000038                                   : memory.c.obj (.text:calloc)
                  000074f4    00000034                                   : boot_cortex_m.c.obj (.text:_c_int00_noargs:_c_int00_noargs)
                  00007528    0000002e                                   : i_tofd_t2.asm.obj (.text)
                  00007556    00000002     --HOLE-- [fill = 0]
                  00007558    00000028                                   : memory.c.obj (.text:free_list_insert)
                  00007580    00000020                                   : u_tofd_t2.asm.obj (.text)
                  000075a0    0000001c                                   : copy_zero_init.c.obj (.text:decompress:ZI:__TI_zero_init_nomemset:__TI_zero_init_nomemset)
                  000075bc    0000001c                                   : memory.c.obj (.text:free_list_remove)
                  000075d8    0000001c                                   : memccpy.c.obj (.text:memccpy)
                  000075f4    0000001a                                   : s_copysign.c.obj (.text:copysign)
                  0000760e    00000002     --HOLE-- [fill = 0]
                  00007610    0000001a     tm4c123gh6pm_startup_ccs.obj (.text)
                  0000762a    00000018     rtsv7M4_T_le_v4SPD16_eabi.lib : sprintf.c.obj (.text:_outs)
                  00007642    00000016                                   : strchr.c.obj (.text:strchr)
                  00007658    00000014                                   : strlen.c.obj (.text:strlen)
                  0000766c    00000004     --HOLE-- [fill = 0]
                  00007670    00000012     asm.obj (.text)
                  00007682    00000012     rtsv7M4_T_le_v4SPD16_eabi.lib : wcslen.c.obj (.text:wcslen)
                  00007694    0000000e                                   : copy_decompress_none.c.obj (.text:decompress:none:__TI_decompress_none)
                  000076a2    0000000a                                   : sprintf.c.obj (.text:_outc)
                  000076ac    00000008                                   : errno.c.obj (.text:__aeabi_errno_addr)
                  000076b4    00000008                                   : memory.c.obj (.text:malloc)

.const     0    000076bc    00000106     
                  000076bc    00000101     rtsv7M4_T_le_v4SPD16_eabi.lib : ctype.c.obj (.const:.string:_ctypes_)
                  000077bd    00000005     Can_init.obj (.const:.string:$P$T0$1)

.cinit     0    000077c8    00000050     
                  000077c8    00000028     (.cinit..data.load) [load image, compression = lzss]
                  000077f0    0000000c     (__TI_handler_table)
                  000077fc    00000004     --HOLE-- [fill = 0]
                  00007800    00000008     (.cinit..bss.load) [load image, compression = zero_init]
                  00007808    00000010     (__TI_cinit_table)

.init_array 
*          0    00000000    00000000     UNINITIALIZED

.stack     0    20000000    00000400     UNINITIALIZED
                  20000000    00000004     rtsv7M4_T_le_v4SPD16_eabi.lib : boot_cortex_m.c.obj (.stack)
                  20000004    000003fc     --HOLE--

.data      0    20000400    000002c6     UNINITIALIZED
                  20000400    00000190     capstone_application.obj (.data:copyarr)
                  20000590    00000020     capstone_application.obj (.data:Break_distance_data)
                  200005b0    00000020     capstone_application.obj (.data:Engine_distance_data)
                  200005d0    00000020     capstone_application.obj (.data:Mission_distance_data)
                  200005f0    00000020     capstone_application.obj (.data:distance_data_clear)
                  20000610    00000018     capstone_application.obj (.data)
                  20000628    00000011     Can_init.obj (.data:DA1$2)
                  20000639    00000010     capstone_application.obj (.data:Break_distance_array)
                  20000649    00000010     capstone_application.obj (.data:Engine_distance_array)
                  20000659    00000010     capstone_application.obj (.data:Mission_distance_array)
                  20000669    00000010     capstone_application.obj (.data:distance_array)
                  20000679    00000002     Can_init.obj (.data:DB1$10)
                  2000067b    00000001     --HOLE--
                  2000067c    00000008     rtsv7M4_T_le_v4SPD16_eabi.lib : _lock.c.obj (.data:$O1$$)
                  20000684    00000008                                   : memory.c.obj (.data:$O1$$)
                  2000068c    00000008     Can_init.obj (.data:DB2$11)
                  20000694    00000008     Can_init.obj (.data:DB2$4)
                  2000069c    00000008     Can_init.obj (.data:DD2$15)
                  200006a4    00000008     Can_init.obj (.data:DD2$6)
                  200006ac    00000004     rtsv7M4_T_le_v4SPD16_eabi.lib : errno.c.obj (.data)
                  200006b0    00000002     Can_init.obj (.data:DB1$3)
                  200006b2    00000002     Can_init.obj (.data:DC1$12)
                  200006b4    00000002     timer.obj (.data:DC1$2)
                  200006b6    00000002     Can_init.obj (.data:DC1$7)
                  200006b8    00000002     Can_init.obj (.data:DC1$9)
                  200006ba    00000002     Can_init.obj (.data:DC2$13)
                  200006bc    00000002     Can_init.obj (.data:DC2$8)
                  200006be    00000002     Can_init.obj (.data:DD1$14)
                  200006c0    00000002     timer.obj (.data:DD1$1)
                  200006c2    00000002     Can_init.obj (.data:DD1$5)
                  200006c4    00000002     FT81X_LCD.obj (.data)

.bss       0    200006c8    00000064     UNINITIALIZED
                  200006c8    0000001c     (.common:globalCanData)
                  200006e4    00000004     (.common:Break_int_distance)
                  200006e8    00000008     (.common:Break_distance2)
                  200006f0    00000008     (.common:Break_interval)
                  200006f8    00000008     (.common:Engine_distance2)
                  20000700    00000008     (.common:Engine_interval)
                  20000708    00000008     (.common:Mission_distance2)
                  20000710    00000008     (.common:Mission_interval)
                  20000718    00000004     (.common:Engine_int_distance)
                  2000071c    00000004     (.common:Mission_int_distance)
                  20000720    00000004     (.common:int_distance)
                  20000724    00000004     (.common:irq_status)
                  20000728    00000004     (.common:speed)

.sysmem    0    20000730    00000010     UNINITIALIZED
                  20000730    00000010     rtsv7M4_T_le_v4SPD16_eabi.lib : memory.c.obj (.sysmem)

__llvm_prf_cnts 
*          0    20000000    00000000     UNINITIALIZED

MODULE SUMMARY

       Module                         code    ro data   rw data
       ------                         ----    -------   -------
    .\
       tm4c123gh6pm_startup_ccs.obj   26      620       0      
    +--+------------------------------+-------+---------+---------+
       Total:                         26      620       0      
                                                               
    .\checked\
       capstone_application.obj       1452    0         716    
    +--+------------------------------+-------+---------+---------+
       Total:                         1452    0         716    
                                                               
    .\header\
       timer.obj                      4258    0         4      
       Can_init.obj                   3982    5         67     
       eve2_lib.obj                   3316    0         0      
       my_eve2_lib.obj                1792    0         0      
       eve2_display_lib.obj           1610    0         0      
       FT81X_LCD.obj                  970     0         2      
       Spi_lcd.obj                    860     0         0      
       Flash_memory.obj               584     0         0      
       Uart.obj                       536     0         0      
       Uart7.obj                      536     0         0      
       Gpio_led.obj                   472     0         0      
       Hibernation.obj                426     0         0      
       WakePinData.obj                106     0         0      
       Delay.obj                      78      0         0      
       Sysctl_clk.obj                 62      0         0      
       asm.obj                        18      0         0      
    +--+------------------------------+-------+---------+---------+
       Total:                         19606   5         73     
                                                               
    C:\ti\ccs1120\ccs\tools\compiler\ti-cgt-arm_20.2.6.LTS\lib\rtsv7M4_T_le_v4SPD16_eabi.lib
       _printfi.c.obj                 4851    0         0      
       memory.c.obj                   728     0         8      
       fd_add_t2.asm.obj              438     0         0      
       fd_div_t2.asm.obj              310     0         0      
       s_scalbn.c.obj                 272     0         0      
       fd_cmp_t2.asm.obj              268     0         0      
       ctype.c.obj                    0       257       0      
       fd_mul_t2.asm.obj              252     0         0      
       memcpy_t2.asm.obj              156     0         0      
       ull_div_t2.asm.obj             150     0         0      
       memset_t2.asm.obj              122     0         0      
       ll_div_t2.asm.obj              110     0         0      
       copy_decompress_lzss.c.obj     104     0         0      
       s_frexp.c.obj                  100     0         0      
       sprintf.c.obj                  98      0         0      
       _ltoa.c.obj                    84      0         0      
       atoi.c.obj                     76      0         0      
       fd_toi_t2.asm.obj              72      0         0      
       autoinit.c.obj                 68      0         0      
       fd_tou_t2.asm.obj              68      0         0      
       boot_cortex_m.c.obj            52      0         0      
       i_tofd_t2.asm.obj              46      0         0      
       u_tofd_t2.asm.obj              32      0         0      
       copy_zero_init.c.obj           28      0         0      
       memccpy.c.obj                  28      0         0      
       s_copysign.c.obj               26      0         0      
       strchr.c.obj                   22      0         0      
       strlen.c.obj                   20      0         0      
       wcslen.c.obj                   18      0         0      
       copy_decompress_none.c.obj     14      0         0      
       errno.c.obj                    8       0         4      
       _lock.c.obj                    2       0         8      
       exit.c.obj                     4       0         0      
       pre_init.c.obj                 4       0         0      
       div0.asm.obj                   2       0         0      
    +--+------------------------------+-------+---------+---------+
       Total:                         8633    257       20     
                                                               
       Heap:                          0       0         16     
       Stack:                         0       0         1024   
       Linker Generated:              0       76        0      
    +--+------------------------------+-------+---------+---------+
       Grand Total:                   29717   958       1849   


LINKER GENERATED COPY TABLES

__TI_cinit_table @ 00007808 records: 2, size/record: 8, table size: 16
	.data: load addr=000077c8, load size=00000028 bytes, run addr=20000400, run size=000002c6 bytes, compression=lzss
	.bss: load addr=00007800, load size=00000008 bytes, run addr=200006c8, run size=00000064 bytes, compression=zero_init


LINKER GENERATED HANDLER TABLE

__TI_handler_table @ 000077f0 records: 3, size/record: 4, table size: 12
	index: 0, handler: __TI_decompress_lzss
	index: 1, handler: __TI_decompress_none
	index: 2, handler: __TI_zero_init


GLOBAL SYMBOLS: SORTED ALPHABETICALLY BY Name 

address   name                          
-------   ----                          
200006e8  Break_distance2               
20000639  Break_distance_array          
20000590  Break_distance_data           
200006e4  Break_int_distance            
200006f0  Break_interval                
000039eb  C$$EXIT                       
00002f69  Calibrate                     
00002af1  Calibrate_Manual              
00001c11  CanToSpi                      
000024e9  Cap_Touch_Upload              
000029a9  ClearScreen                   
000046e9  Cmd_AnimDraw                  
00004701  Cmd_AnimDrawFrame             
00004669  Cmd_AnimStart                 
00004699  Cmd_AnimStop                  
000046b1  Cmd_AnimXY                    
000045a1  Cmd_BGcolor                   
00004329  Cmd_Button                    
00004651  Cmd_Calibrate                 
000041f1  Cmd_Dial                      
00004589  Cmd_FGcolor                   
00004639  Cmd_Flash_Fast                
00004191  Cmd_Gauge                     
00004559  Cmd_GetPtr                    
000042d9  Cmd_Gradient                  
00004571  Cmd_GradientColor             
00004529  Cmd_Memcpy                    
00004291  Cmd_Number                    
000045e1  Cmd_Rotate                    
00004611  Cmd_Scale                     
000044e9  Cmd_SetBitmap                 
000045f9  Cmd_SetRotate                 
000040f1  Cmd_Slider                    
00004149  Cmd_Spinner                   
00002749  Cmd_Text                      
00004241  Cmd_Track                     
000045b9  Cmd_Translate                 
00002629  CoProFIFO_FreeSpace           
00002579  CoProWrCmdBuf                 
200006f8  Engine_distance2              
20000649  Engine_distance_array         
200005b0  Engine_distance_data          
20000718  Engine_int_distance           
20000700  Engine_interval               
000022a9  FT81x_Init                    
200006c4  FifoWriteLocation             
00005691  Flash_erase                   
00005701  Flash_erase_all               
000057c9  Flash_read                    
00005811  Flash_reset                   
00005889  Flash_save                    
00005741  Flash_write                   
00005e49  LCD_OnOff                     
00005e91  LED_OnOff                     
00005d09  Led                           
00002909  MakeScreen_MatrixOrbital      
20000708  Mission_distance2             
20000659  Mission_distance_array        
200005d0  Mission_distance_data         
2000071c  Mission_int_distance          
20000710  Mission_interval              
00007611  ResetISR                      
00004cf1  SPI_LCD_ACTIVE                
00004d29  SPI_LCD_CLKEXT                
00002701  Send_CMD                      
000026a1  StartCoProTransfer            
00007441  Sysctl_Clock                  
00007459  Sysctl_Clock_10MHz            
000003c1  Timer0_clear_irq              
00000399  Timer0_disable                
00000271  Timer0_init                   
000003a9  Timer2_disable                
00000309  Timer2_init                   
000028e9  UpdateFIFO                    
00002681  Wait4CoProFIFO                
000029e9  Wait4CoProFIFOEmpty           
00007059  WakePin_Init                  
20000400  __STACK_END                   
00000400  __STACK_SIZE                  
20000200  __STACK_TOP                   
00000010  __SYSMEM_SIZE                 
00007808  __TI_CINIT_Base               
00007818  __TI_CINIT_Limit              
000077f0  __TI_Handler_Table_Base       
000077fc  __TI_Handler_Table_Limit      
00007375  __TI_auto_init_nobinit_nopinit
000070c3  __TI_decompress_lzss          
00007695  __TI_decompress_none          
000071e7  __TI_ltoa                     
ffffffff  __TI_pprof_out_hndl           
00002f9d  __TI_printfi                  
ffffffff  __TI_prof_data_size           
ffffffff  __TI_prof_data_start          
00000000  __TI_static_base__            
000075a1  __TI_zero_init_nomemset       
00006d81  __aeabi_cdcmpeq               
00006d81  __aeabi_cdcmple               
00006e07  __aeabi_cdrcmple              
0000732d  __aeabi_d2iz                  
000073b9  __aeabi_d2uiz                 
000060bb  __aeabi_dadd                  
00006551  __aeabi_ddiv                  
000069bd  __aeabi_dmul                  
000060b1  __aeabi_dsub                  
000076ad  __aeabi_errno_addr            
00007529  __aeabi_i2d                   
000022a7  __aeabi_idiv0                 
000022a7  __aeabi_ldiv0                 
00006fe7  __aeabi_ldivmod               
00006e8d  __aeabi_memclr                
00006e8d  __aeabi_memclr4               
00006e8d  __aeabi_memclr8               
00006c4f  __aeabi_memcpy                
00006c4f  __aeabi_memcpy4               
00006c4f  __aeabi_memcpy8               
00006e8f  __aeabi_memset                
00006e8f  __aeabi_memset4               
00006e8f  __aeabi_memset8               
00007581  __aeabi_ui2d                  
00006ceb  __aeabi_uldivmod              
ffffffff  __binit__                     
ffffffff  __c_args__                    
UNDEFED   __mpu_init                    
20000000  __stack                       
20000000  __start___llvm_prf_cnts       
20000000  __stop___llvm_prf_cnts        
000074f5  _c_int00_noargs               
000076bc  _ctypes_                      
2000067c  _lock                         
00001317  _nop                          
20000730  _sys_memory                   
UNDEFED   _system_post_cinit            
00001313  _system_pre_init              
20000680  _unlock                       
000039eb  abort                         
000068bd  aligned_alloc                 
00000fd9  ascii_Break_distance_array    
000009b9  ascii_Engine_distance_array   
00000cc9  ascii_Mission_distance_array  
000006b9  ascii_distance_array          
00007671  asm_rst                       
000072e1  atoi                          
ffffffff  binit                         
000039f1  calibrate_once                
000074bd  calloc                        
00001319  can1_handler                  
20000624  can_check                     
00001449  can_init                      
000015e9  can_rx2                       
000016a1  can_rx_conf                   
00001e99  can_to_spi_acceleration       
000021b9  can_to_spi_acceleration2      
00001e29  can_to_spi_rpm                
00002081  can_to_spi_rpm2               
00001f81  can_to_spi_transmission       
000020f9  can_to_spi_transmission2      
000017c1  can_tx_conf                   
00002039  check_wake_state              
20000400  copyarr                       
000075f5  copysign                      
000075f5  copysignl                     
000072c1  delay_ms                      
00007291  delay_us                      
00003c21  display_accel_trans_rpm       
00003d01  display_fuel                  
00003e41  display_fuel_reset            
00003f99  display_reset_choice          
20000669  distance_array                
200005f0  distance_data_clear           
200006ac  errno                         
2000061c  flash_count                   
00006ab9  free                          
0000712d  frexp                         
0000712d  frexpl                        
00000000  g_pfnVectors                  
200006c8  globalCanData                 
00005db9  gpioinit                      
20000618  hib_count                     
00006289  hib_init                      
00006269  hib_wrc                       
000062e1  hibernate                     
00003ab1  hongButton                    
00003a61  hongCalibrate                 
20000614  i                             
20000720  int_distance                  
00006329  into_hibernate                
20000724  irq_status                    
20000610  isr_flag                      
000067ad  ldexp                         
000067ad  ldexpl                        
00004741  main                          
00003b79  make_character                
00003b19  make_gauge                    
000076b5  malloc                        
000068bd  memalign                      
000075d9  memccpy                       
00006c4f  memcpy                        
00006e95  memset                        
000018a9  printReceivedCanData          
000067ad  scalbn                        
000067ad  scalbnl                       
20000728  speed                         
00005139  spi_conf                      
000053e1  spi_cs_disable                
000053c1  spi_cs_enable                 
000050c1  spi_init                      
000051c1  spi_init_conf                 
00004dd1  spi_read_16                   
00004e69  spi_read_32                   
00004d59  spi_read_8                    
00005381  spi_receive_byte              
00005341  spi_send_byte                 
00005401  spi_send_str                  
00004f91  spi_write_16                  
00005019  spi_write_32                  
00004f29  spi_write_8                   
00005411  spi_writebuffer               
000073fd  sprintf                       
00007643  strchr                        
00007659  strlen                        
000003d1  timer0_handler                
000005d1  timer2_handler                
20000620  timercheck_count              
00005af1  uart_7_init                   
00005c91  uart_7_rx                     
00005cc1  uart_7_rx_str                 
00005c31  uart_7_tx                     
00005b99  uart_7_tx_hex                 
00005c69  uart_7_tx_str                 
000058d9  uart_init                     
00005a79  uart_rx                       
00005aa9  uart_rx_str                   
00005a19  uart_tx                       
00005981  uart_tx_hex                   
00005a51  uart_tx_str                   
00007683  wcslen                        


GLOBAL SYMBOLS: SORTED BY Symbol Address 

address   name                          
-------   ----                          
00000000  __TI_static_base__            
00000000  g_pfnVectors                  
00000010  __SYSMEM_SIZE                 
00000271  Timer0_init                   
00000309  Timer2_init                   
00000399  Timer0_disable                
000003a9  Timer2_disable                
000003c1  Timer0_clear_irq              
000003d1  timer0_handler                
00000400  __STACK_SIZE                  
000005d1  timer2_handler                
000006b9  ascii_distance_array          
000009b9  ascii_Engine_distance_array   
00000cc9  ascii_Mission_distance_array  
00000fd9  ascii_Break_distance_array    
00001313  _system_pre_init              
00001317  _nop                          
00001319  can1_handler                  
00001449  can_init                      
000015e9  can_rx2                       
000016a1  can_rx_conf                   
000017c1  can_tx_conf                   
000018a9  printReceivedCanData          
00001c11  CanToSpi                      
00001e29  can_to_spi_rpm                
00001e99  can_to_spi_acceleration       
00001f81  can_to_spi_transmission       
00002039  check_wake_state              
00002081  can_to_spi_rpm2               
000020f9  can_to_spi_transmission2      
000021b9  can_to_spi_acceleration2      
000022a7  __aeabi_idiv0                 
000022a7  __aeabi_ldiv0                 
000022a9  FT81x_Init                    
000024e9  Cap_Touch_Upload              
00002579  CoProWrCmdBuf                 
00002629  CoProFIFO_FreeSpace           
00002681  Wait4CoProFIFO                
000026a1  StartCoProTransfer            
00002701  Send_CMD                      
00002749  Cmd_Text                      
000028e9  UpdateFIFO                    
00002909  MakeScreen_MatrixOrbital      
000029a9  ClearScreen                   
000029e9  Wait4CoProFIFOEmpty           
00002af1  Calibrate_Manual              
00002f69  Calibrate                     
00002f9d  __TI_printfi                  
000039eb  C$$EXIT                       
000039eb  abort                         
000039f1  calibrate_once                
00003a61  hongCalibrate                 
00003ab1  hongButton                    
00003b19  make_gauge                    
00003b79  make_character                
00003c21  display_accel_trans_rpm       
00003d01  display_fuel                  
00003e41  display_fuel_reset            
00003f99  display_reset_choice          
000040f1  Cmd_Slider                    
00004149  Cmd_Spinner                   
00004191  Cmd_Gauge                     
000041f1  Cmd_Dial                      
00004241  Cmd_Track                     
00004291  Cmd_Number                    
000042d9  Cmd_Gradient                  
00004329  Cmd_Button                    
000044e9  Cmd_SetBitmap                 
00004529  Cmd_Memcpy                    
00004559  Cmd_GetPtr                    
00004571  Cmd_GradientColor             
00004589  Cmd_FGcolor                   
000045a1  Cmd_BGcolor                   
000045b9  Cmd_Translate                 
000045e1  Cmd_Rotate                    
000045f9  Cmd_SetRotate                 
00004611  Cmd_Scale                     
00004639  Cmd_Flash_Fast                
00004651  Cmd_Calibrate                 
00004669  Cmd_AnimStart                 
00004699  Cmd_AnimStop                  
000046b1  Cmd_AnimXY                    
000046e9  Cmd_AnimDraw                  
00004701  Cmd_AnimDrawFrame             
00004741  main                          
00004cf1  SPI_LCD_ACTIVE                
00004d29  SPI_LCD_CLKEXT                
00004d59  spi_read_8                    
00004dd1  spi_read_16                   
00004e69  spi_read_32                   
00004f29  spi_write_8                   
00004f91  spi_write_16                  
00005019  spi_write_32                  
000050c1  spi_init                      
00005139  spi_conf                      
000051c1  spi_init_conf                 
00005341  spi_send_byte                 
00005381  spi_receive_byte              
000053c1  spi_cs_enable                 
000053e1  spi_cs_disable                
00005401  spi_send_str                  
00005411  spi_writebuffer               
00005691  Flash_erase                   
00005701  Flash_erase_all               
00005741  Flash_write                   
000057c9  Flash_read                    
00005811  Flash_reset                   
00005889  Flash_save                    
000058d9  uart_init                     
00005981  uart_tx_hex                   
00005a19  uart_tx                       
00005a51  uart_tx_str                   
00005a79  uart_rx                       
00005aa9  uart_rx_str                   
00005af1  uart_7_init                   
00005b99  uart_7_tx_hex                 
00005c31  uart_7_tx                     
00005c69  uart_7_tx_str                 
00005c91  uart_7_rx                     
00005cc1  uart_7_rx_str                 
00005d09  Led                           
00005db9  gpioinit                      
00005e49  LCD_OnOff                     
00005e91  LED_OnOff                     
000060b1  __aeabi_dsub                  
000060bb  __aeabi_dadd                  
00006269  hib_wrc                       
00006289  hib_init                      
000062e1  hibernate                     
00006329  into_hibernate                
00006551  __aeabi_ddiv                  
000067ad  ldexp                         
000067ad  ldexpl                        
000067ad  scalbn                        
000067ad  scalbnl                       
000068bd  aligned_alloc                 
000068bd  memalign                      
000069bd  __aeabi_dmul                  
00006ab9  free                          
00006c4f  __aeabi_memcpy                
00006c4f  __aeabi_memcpy4               
00006c4f  __aeabi_memcpy8               
00006c4f  memcpy                        
00006ceb  __aeabi_uldivmod              
00006d81  __aeabi_cdcmpeq               
00006d81  __aeabi_cdcmple               
00006e07  __aeabi_cdrcmple              
00006e8d  __aeabi_memclr                
00006e8d  __aeabi_memclr4               
00006e8d  __aeabi_memclr8               
00006e8f  __aeabi_memset                
00006e8f  __aeabi_memset4               
00006e8f  __aeabi_memset8               
00006e95  memset                        
00006fe7  __aeabi_ldivmod               
00007059  WakePin_Init                  
000070c3  __TI_decompress_lzss          
0000712d  frexp                         
0000712d  frexpl                        
000071e7  __TI_ltoa                     
00007291  delay_us                      
000072c1  delay_ms                      
000072e1  atoi                          
0000732d  __aeabi_d2iz                  
00007375  __TI_auto_init_nobinit_nopinit
000073b9  __aeabi_d2uiz                 
000073fd  sprintf                       
00007441  Sysctl_Clock                  
00007459  Sysctl_Clock_10MHz            
000074bd  calloc                        
000074f5  _c_int00_noargs               
00007529  __aeabi_i2d                   
00007581  __aeabi_ui2d                  
000075a1  __TI_zero_init_nomemset       
000075d9  memccpy                       
000075f5  copysign                      
000075f5  copysignl                     
00007611  ResetISR                      
00007643  strchr                        
00007659  strlen                        
00007671  asm_rst                       
00007683  wcslen                        
00007695  __TI_decompress_none          
000076ad  __aeabi_errno_addr            
000076b5  malloc                        
000076bc  _ctypes_                      
000077f0  __TI_Handler_Table_Base       
000077fc  __TI_Handler_Table_Limit      
00007808  __TI_CINIT_Base               
00007818  __TI_CINIT_Limit              
20000000  __stack                       
20000000  __start___llvm_prf_cnts       
20000000  __stop___llvm_prf_cnts        
20000200  __STACK_TOP                   
20000400  __STACK_END                   
20000400  copyarr                       
20000590  Break_distance_data           
200005b0  Engine_distance_data          
200005d0  Mission_distance_data         
200005f0  distance_data_clear           
20000610  isr_flag                      
20000614  i                             
20000618  hib_count                     
2000061c  flash_count                   
20000620  timercheck_count              
20000624  can_check                     
20000639  Break_distance_array          
20000649  Engine_distance_array         
20000659  Mission_distance_array        
20000669  distance_array                
2000067c  _lock                         
20000680  _unlock                       
200006ac  errno                         
200006c4  FifoWriteLocation             
200006c8  globalCanData                 
200006e4  Break_int_distance            
200006e8  Break_distance2               
200006f0  Break_interval                
200006f8  Engine_distance2              
20000700  Engine_interval               
20000708  Mission_distance2             
20000710  Mission_interval              
20000718  Engine_int_distance           
2000071c  Mission_int_distance          
20000720  int_distance                  
20000724  irq_status                    
20000728  speed                         
20000730  _sys_memory                   
ffffffff  __TI_pprof_out_hndl           
ffffffff  __TI_prof_data_size           
ffffffff  __TI_prof_data_start          
ffffffff  __binit__                     
ffffffff  __c_args__                    
ffffffff  binit                         
UNDEFED   __mpu_init                    
UNDEFED   _system_post_cinit            

[236 symbols]
