******************************************************************************
                  TI ARM Linker PC v20.2.6                     
******************************************************************************
>> Linked Tue Jun 28 14:42:34 2022

OUTPUT FILE NAME:   <220128CAN.out>
ENTRY POINT SYMBOL: "_c_int00_noargs"  address: 00006435


MEMORY CONFIGURATION

         name            origin    length      used     unused   attr    fill
----------------------  --------  ---------  --------  --------  ----  --------
  FLASH                 00000000   00040000  0000676e  00039892  R  X
  SRAM                  20000000   00008000  0000073a  000078c6  RW X


SEGMENT ALLOCATION MAP

run origin  load origin   length   init length attrs members
----------  ----------- ---------- ----------- ----- -------
00000000    00000000    00006770   00006770    r-x
  00000000    00000000    0000026c   0000026c    r-- .intvecs
  0000026c    0000026c    000063ac   000063ac    r-x .text
  00006618    00006618    00000106   00000106    r-- .const
  00006720    00006720    00000050   00000050    r-- .cinit
20000000    20000000    00000740   00000000    rw-
  20000000    20000000    00000400   00000000    rw- .stack
  20000400    20000400    000002c6   00000000    rw- .data
  200006c8    200006c8    00000064   00000000    rw- .bss
  20000730    20000730    00000010   00000000    rw- .sysmem


SECTION ALLOCATION MAP

 output                                  attributes/
section   page    origin      length       input sections
--------  ----  ----------  ----------   ----------------
.intvecs   0    00000000    0000026c     
                  00000000    0000026c     tm4c123gh6pm_startup_ccs.obj (.intvecs)

.text      0    0000026c    000063ac     
                  0000026c    00000c14     Can_init.obj (.text)
                  00000e80    00000bd0     timer.obj (.text)
                  00001a50    00000b48     eve2_lib.obj (.text)
                  00002598    00000a4e     rtsv7M4_T_le_v4SPD16_eabi.lib : _printfi.c.obj (.text:__TI_printfi)
                  00002fe6    00000002                                   : _lock.c.obj (.text:_nop)
                  00002fe8    000006a4     my_eve2_lib.obj (.text)
                  0000368c    0000054a     eve2_display_lib.obj (.text)
                  00003bd6    00000002     rtsv7M4_T_le_v4SPD16_eabi.lib : div0.asm.obj (.text)
                  00003bd8    000004cc     capstone_application.obj (.text)
                  000040a4    000003a2     FT81X_LCD.obj (.text)
                  00004446    00000002     --HOLE-- [fill = 0]
                  00004448    00000270     rtsv7M4_T_le_v4SPD16_eabi.lib : _printfi.c.obj (.text:_pconv_a)
                  000046b8    00000210     Spi_lcd.obj (.text)
                  000048c8    000001d0     rtsv7M4_T_le_v4SPD16_eabi.lib : _printfi.c.obj (.text:_pconv_g)
                  00004a98    000001b6                                   : fd_add_t2.asm.obj (.text)
                  00004c4e    00000002     --HOLE-- [fill = 0]
                  00004c50    000001b0     Uart.obj (.text)
                  00004e00    000001b0     Uart7.obj (.text)
                  00004fb0    000001a8     Flash_memory.obj (.text)
                  00005158    00000144     Hibernation.obj (.text)
                  0000529c    0000013c     rtsv7M4_T_le_v4SPD16_eabi.lib : _printfi.c.obj (.text:_pconv_e)
                  000053d8    00000136                                   : fd_div_t2.asm.obj (.text)
                  0000550e    00000002     --HOLE-- [fill = 0]
                  00005510    00000124                                   : _printfi.c.obj (.text:fcvt)
                  00005634    00000120     Gpio_led.obj (.text)
                  00005754    00000110     rtsv7M4_T_le_v4SPD16_eabi.lib : s_scalbn.c.obj (.text:scalbn)
                  00005864    00000100                                   : memory.c.obj (.text:aligned_alloc)
                  00005964    000000fc                                   : fd_mul_t2.asm.obj (.text)
                  00005a60    000000e4                                   : memory.c.obj (.text:free)
                  00005b44    000000b1                                   : _printfi.c.obj (.text:_ltostr)
                  00005bf5    00000001     --HOLE-- [fill = 0]
                  00005bf6    0000009c                                   : memcpy_t2.asm.obj (.text)
                  00005c92    00000096                                   : ull_div_t2.asm.obj (.text)
                  00005d28    00000086                                   : fd_cmp_t2.asm.obj (.text:__aeabi_cdcmple)
                  00005dae    00000086                                   : fd_cmp_t2.asm.obj (.text:__aeabi_cdrcmple)
                  00005e34    0000007a                                   : memset_t2.asm.obj (.text)
                  00005eae    00000002     --HOLE-- [fill = 0]
                  00005eb0    00000070                                   : memory.c.obj (.text:split)
                  00005f20    0000006e                                   : _printfi.c.obj (.text:_mcpy)
                  00005f8e    0000006e                                   : ll_div_t2.asm.obj (.text)
                  00005ffc    00000068                                   : copy_decompress_lzss.c.obj (.text:decompress:lzss:__TI_decompress_lzss)
                  00006064    00000064                                   : s_frexp.c.obj (.text:frexp)
                  000060c8    00000058     WakePinData.obj (.text)
                  00006120    00000056     rtsv7M4_T_le_v4SPD16_eabi.lib : _printfi.c.obj (.text:_pconv_f)
                  00006176    00000054                                   : _ltoa.c.obj (.text:__TI_ltoa)
                  000061ca    00000052                                   : _printfi.c.obj (.text:_ecpy)
                  0000621c    0000004c                                   : atoi.c.obj (.text:atoi)
                  00006268    00000048                                   : fd_toi_t2.asm.obj (.text)
                  000062b0    00000044                                   : autoinit.c.obj (.text:__TI_auto_init_nobinit_nopinit:__TI_auto_init_nobinit_nopinit)
                  000062f4    00000044                                   : fd_tou_t2.asm.obj (.text)
                  00006338    00000042     Delay.obj (.text)
                  0000637a    00000002     --HOLE-- [fill = 0]
                  0000637c    00000040     rtsv7M4_T_le_v4SPD16_eabi.lib : sprintf.c.obj (.text:sprintf)
                  000063bc    0000003e                                   : _printfi.c.obj (.text:_fcpy)
                  000063fa    00000002     --HOLE-- [fill = 0]
                  000063fc    00000038                                   : memory.c.obj (.text:calloc)
                  00006434    00000034                                   : boot_cortex_m.c.obj (.text:_c_int00_noargs:_c_int00_noargs)
                  00006468    0000002e                                   : i_tofd_t2.asm.obj (.text)
                  00006496    00000002     --HOLE-- [fill = 0]
                  00006498    00000028     Sysctl_clk.obj (.text)
                  000064c0    00000028     rtsv7M4_T_le_v4SPD16_eabi.lib : memory.c.obj (.text:free_list_insert)
                  000064e8    00000020                                   : u_tofd_t2.asm.obj (.text)
                  00006508    0000001c                                   : copy_zero_init.c.obj (.text:decompress:ZI:__TI_zero_init_nomemset:__TI_zero_init_nomemset)
                  00006524    0000001c                                   : memory.c.obj (.text:free_list_remove)
                  00006540    0000001c                                   : memccpy.c.obj (.text:memccpy)
                  0000655c    0000001a                                   : s_copysign.c.obj (.text:copysign)
                  00006576    00000018                                   : sprintf.c.obj (.text:_outs)
                  0000658e    00000016                                   : strchr.c.obj (.text:strchr)
                  000065a4    00000014                                   : strlen.c.obj (.text:strlen)
                  000065b8    00000012     asm.obj (.text)
                  000065ca    00000012     rtsv7M4_T_le_v4SPD16_eabi.lib : wcslen.c.obj (.text:wcslen)
                  000065dc    0000000e                                   : copy_decompress_none.c.obj (.text:decompress:none:__TI_decompress_none)
                  000065ea    0000000c     tm4c123gh6pm_startup_ccs.obj (.text)
                  000065f6    0000000a     rtsv7M4_T_le_v4SPD16_eabi.lib : sprintf.c.obj (.text:_outc)
                  00006600    00000008                                   : errno.c.obj (.text:__aeabi_errno_addr)
                  00006608    00000008                                   : memory.c.obj (.text:malloc)
                  00006610    00000004                                   : pre_init.c.obj (.text:_system_pre_init)
                  00006614    00000004                                   : exit.c.obj (.text:abort:abort)

.const     0    00006618    00000106     
                  00006618    00000101     rtsv7M4_T_le_v4SPD16_eabi.lib : ctype.c.obj (.const:.string:_ctypes_)
                  00006719    00000005     Can_init.obj (.const:.string:$P$T0$1)

.cinit     0    00006720    00000050     
                  00006720    00000028     (.cinit..data.load) [load image, compression = lzss]
                  00006748    0000000c     (__TI_handler_table)
                  00006754    00000004     --HOLE-- [fill = 0]
                  00006758    00000008     (.cinit..bss.load) [load image, compression = zero_init]
                  00006760    00000010     (__TI_cinit_table)

.init_array 
*          0    00000000    00000000     UNINITIALIZED

.stack     0    20000000    00000400     UNINITIALIZED
                  20000000    00000004     rtsv7M4_T_le_v4SPD16_eabi.lib : boot_cortex_m.c.obj (.stack)
                  20000004    000003fc     --HOLE--

.data      0    20000400    000002c6     UNINITIALIZED
                  20000400    00000190     capstone_application.obj (.data:copyarr)
                  20000590    00000020     capstone_application.obj (.data:Break_distance_data)
                  200005b0    00000020     capstone_application.obj (.data:Engine_distance_data)
                  200005d0    00000020     capstone_application.obj (.data:Mission_distance_data)
                  200005f0    00000020     capstone_application.obj (.data:distance_data_clear)
                  20000610    00000018     capstone_application.obj (.data)
                  20000628    00000011     Can_init.obj (.data:DA1$2)
                  20000639    00000010     capstone_application.obj (.data:Break_distance_array)
                  20000649    00000010     capstone_application.obj (.data:Engine_distance_array)
                  20000659    00000010     capstone_application.obj (.data:Mission_distance_array)
                  20000669    00000010     capstone_application.obj (.data:distance_array)
                  20000679    00000002     Can_init.obj (.data:DB1$10)
                  2000067b    00000001     --HOLE--
                  2000067c    00000008     rtsv7M4_T_le_v4SPD16_eabi.lib : _lock.c.obj (.data:$O1$$)
                  20000684    00000008                                   : memory.c.obj (.data:$O1$$)
                  2000068c    00000008     Can_init.obj (.data:DB2$11)
                  20000694    00000008     Can_init.obj (.data:DB2$4)
                  2000069c    00000008     Can_init.obj (.data:DD2$15)
                  200006a4    00000008     Can_init.obj (.data:DD2$6)
                  200006ac    00000004     rtsv7M4_T_le_v4SPD16_eabi.lib : errno.c.obj (.data)
                  200006b0    00000002     Can_init.obj (.data:DB1$3)
                  200006b2    00000002     Can_init.obj (.data:DC1$12)
                  200006b4    00000002     timer.obj (.data:DC1$2)
                  200006b6    00000002     Can_init.obj (.data:DC1$7)
                  200006b8    00000002     Can_init.obj (.data:DC1$9)
                  200006ba    00000002     Can_init.obj (.data:DC2$13)
                  200006bc    00000002     Can_init.obj (.data:DC2$8)
                  200006be    00000002     Can_init.obj (.data:DD1$14)
                  200006c0    00000002     timer.obj (.data:DD1$1)
                  200006c2    00000002     Can_init.obj (.data:DD1$5)
                  200006c4    00000002     FT81X_LCD.obj (.data)

.bss       0    200006c8    00000064     UNINITIALIZED
                  200006c8    0000001c     (.common:globalCanData)
                  200006e4    00000004     (.common:Break_int_distance)
                  200006e8    00000008     (.common:Break_distance2)
                  200006f0    00000008     (.common:Break_interval)
                  200006f8    00000008     (.common:Engine_distance2)
                  20000700    00000008     (.common:Engine_interval)
                  20000708    00000008     (.common:Mission_distance2)
                  20000710    00000008     (.common:Mission_interval)
                  20000718    00000004     (.common:Engine_int_distance)
                  2000071c    00000004     (.common:Mission_int_distance)
                  20000720    00000004     (.common:int_distance)
                  20000724    00000004     (.common:irq_status)
                  20000728    00000004     (.common:speed)

.sysmem    0    20000730    00000010     UNINITIALIZED
                  20000730    00000010     rtsv7M4_T_le_v4SPD16_eabi.lib : memory.c.obj (.sysmem)

__llvm_prf_cnts 
*          0    20000000    00000000     UNINITIALIZED

MODULE SUMMARY

       Module                         code    ro data   rw data
       ------                         ----    -------   -------
    .\
       tm4c123gh6pm_startup_ccs.obj   12      620       0      
    +--+------------------------------+-------+---------+---------+
       Total:                         12      620       0      
                                                               
    .\checked\
       capstone_application.obj       1228    0         716    
    +--+------------------------------+-------+---------+---------+
       Total:                         1228    0         716    
                                                               
    .\header\
       Can_init.obj                   3092    5         67     
       timer.obj                      3024    0         4      
       eve2_lib.obj                   2888    0         0      
       my_eve2_lib.obj                1700    0         0      
       eve2_display_lib.obj           1354    0         0      
       FT81X_LCD.obj                  930     0         2      
       Spi_lcd.obj                    528     0         0      
       Uart.obj                       432     0         0      
       Uart7.obj                      432     0         0      
       Flash_memory.obj               424     0         0      
       Hibernation.obj                324     0         0      
       Gpio_led.obj                   288     0         0      
       WakePinData.obj                88      0         0      
       Delay.obj                      66      0         0      
       Sysctl_clk.obj                 40      0         0      
       asm.obj                        18      0         0      
    +--+------------------------------+-------+---------+---------+
       Total:                         15628   5         73     
                                                               
    C:\ti\ccs1120\ccs\tools\compiler\ti-cgt-arm_20.2.6.LTS\lib\rtsv7M4_T_le_v4SPD16_eabi.lib
       _printfi.c.obj                 4851    0         0      
       memory.c.obj                   728     0         8      
       fd_add_t2.asm.obj              438     0         0      
       fd_div_t2.asm.obj              310     0         0      
       s_scalbn.c.obj                 272     0         0      
       fd_cmp_t2.asm.obj              268     0         0      
       ctype.c.obj                    0       257       0      
       fd_mul_t2.asm.obj              252     0         0      
       memcpy_t2.asm.obj              156     0         0      
       ull_div_t2.asm.obj             150     0         0      
       memset_t2.asm.obj              122     0         0      
       ll_div_t2.asm.obj              110     0         0      
       copy_decompress_lzss.c.obj     104     0         0      
       s_frexp.c.obj                  100     0         0      
       sprintf.c.obj                  98      0         0      
       _ltoa.c.obj                    84      0         0      
       atoi.c.obj                     76      0         0      
       fd_toi_t2.asm.obj              72      0         0      
       autoinit.c.obj                 68      0         0      
       fd_tou_t2.asm.obj              68      0         0      
       boot_cortex_m.c.obj            52      0         0      
       i_tofd_t2.asm.obj              46      0         0      
       u_tofd_t2.asm.obj              32      0         0      
       copy_zero_init.c.obj           28      0         0      
       memccpy.c.obj                  28      0         0      
       s_copysign.c.obj               26      0         0      
       strchr.c.obj                   22      0         0      
       strlen.c.obj                   20      0         0      
       wcslen.c.obj                   18      0         0      
       copy_decompress_none.c.obj     14      0         0      
       errno.c.obj                    8       0         4      
       _lock.c.obj                    2       0         8      
       exit.c.obj                     4       0         0      
       pre_init.c.obj                 4       0         0      
       div0.asm.obj                   2       0         0      
    +--+------------------------------+-------+---------+---------+
       Total:                         8633    257       20     
                                                               
       Heap:                          0       0         16     
       Stack:                         0       0         1024   
       Linker Generated:              0       76        0      
    +--+------------------------------+-------+---------+---------+
       Grand Total:                   25501   958       1849   


LINKER GENERATED COPY TABLES

__TI_cinit_table @ 00006760 records: 2, size/record: 8, table size: 16
	.data: load addr=00006720, load size=00000028 bytes, run addr=20000400, run size=000002c6 bytes, compression=lzss
	.bss: load addr=00006758, load size=00000008 bytes, run addr=200006c8, run size=00000064 bytes, compression=zero_init


LINKER GENERATED HANDLER TABLE

__TI_handler_table @ 00006748 records: 3, size/record: 4, table size: 12
	index: 0, handler: __TI_decompress_lzss
	index: 1, handler: __TI_decompress_none
	index: 2, handler: __TI_zero_init


GLOBAL SYMBOLS: SORTED ALPHABETICALLY BY Name 

address   name                          
-------   ----                          
200006e8  Break_distance2               
20000639  Break_distance_array          
20000590  Break_distance_data           
200006e4  Break_int_distance            
200006f0  Break_interval                
00006615  C$$EXIT                       
0000255d  Calibrate                     
0000210d  Calibrate_Manual              
00000971  CanToSpi                      
00001ba5  Cap_Touch_Upload              
00001fed  ClearScreen                   
00003b8f  Cmd_AnimDraw                  
00003ba3  Cmd_AnimDrawFrame             
00003b2b  Cmd_AnimStart                 
00003b4f  Cmd_AnimStop                  
00003b63  Cmd_AnimXY                    
00003a91  Cmd_BGcolor                   
00003881  Cmd_Button                    
00003b17  Cmd_Calibrate                 
0000376f  Cmd_Dial                      
00003a7d  Cmd_FGcolor                   
00003b05  Cmd_Flash_Fast                
00003719  Cmd_Gauge                     
00003a57  Cmd_GetPtr                    
00003839  Cmd_Gradient                  
00003a69  Cmd_GradientColor             
00003a33  Cmd_Memcpy                    
000037f7  Cmd_Number                    
00003ac1  Cmd_Rotate                    
00003ae9  Cmd_Scale                     
000039fb  Cmd_SetBitmap                 
00003ad5  Cmd_SetRotate                 
0000368d  Cmd_Slider                    
000036dd  Cmd_Spinner                   
00001df5  Cmd_Text                      
000037b3  Cmd_Track                     
00003aa5  Cmd_Translate                 
00001c87  CoProFIFO_FreeSpace           
00001c01  CoProWrCmdBuf                 
200006f8  Engine_distance2              
20000649  Engine_distance_array         
200005b0  Engine_distance_data          
20000718  Engine_int_distance           
20000700  Engine_interval               
00001a51  FT81x_Init                    
200006c4  FifoWriteLocation             
00004fb1  Flash_erase                   
00004ff3  Flash_erase_all               
00005061  Flash_read                    
0000509f  Flash_reset                   
000050f3  Flash_save                    
0000500b  Flash_write                   
000056e5  LCD_OnOff                     
0000570f  LED_OnOff                     
00005635  Led                           
00001f69  MakeScreen_MatrixOrbital      
20000708  Mission_distance2             
20000659  Mission_distance_array        
200005d0  Mission_distance_data         
2000071c  Mission_int_distance          
20000710  Mission_interval              
000065eb  ResetISR                      
000040a5  SPI_LCD_ACTIVE                
000040d7  SPI_LCD_CLKEXT                
00001d37  Send_CMD                      
00001ce5  StartCoProTransfer            
00006499  Sysctl_Clock                  
000064a1  Sysctl_Clock_10MHz            
00000f4d  Timer0_clear_irq              
00000f35  Timer0_disable                
00000e81  Timer0_init                   
00000f41  Timer2_disable                
00000ee1  Timer2_init                   
00001f55  UpdateFIFO                    
00001ccd  Wait4CoProFIFO                
00002023  Wait4CoProFIFOEmpty           
000060c9  WakePin_Init                  
20000400  __STACK_END                   
00000400  __STACK_SIZE                  
20000200  __STACK_TOP                   
00000010  __SYSMEM_SIZE                 
00006760  __TI_CINIT_Base               
00006770  __TI_CINIT_Limit              
00006748  __TI_Handler_Table_Base       
00006754  __TI_Handler_Table_Limit      
000062b1  __TI_auto_init_nobinit_nopinit
00005ffd  __TI_decompress_lzss          
000065dd  __TI_decompress_none          
00006177  __TI_ltoa                     
ffffffff  __TI_pprof_out_hndl           
00002599  __TI_printfi                  
ffffffff  __TI_prof_data_size           
ffffffff  __TI_prof_data_start          
00000000  __TI_static_base__            
00006509  __TI_zero_init_nomemset       
00005d29  __aeabi_cdcmpeq               
00005d29  __aeabi_cdcmple               
00005daf  __aeabi_cdrcmple              
00006269  __aeabi_d2iz                  
000062f5  __aeabi_d2uiz                 
00004aa3  __aeabi_dadd                  
000053d9  __aeabi_ddiv                  
00005965  __aeabi_dmul                  
00004a99  __aeabi_dsub                  
00006601  __aeabi_errno_addr            
00006469  __aeabi_i2d                   
00003bd7  __aeabi_idiv0                 
00003bd7  __aeabi_ldiv0                 
00005f8f  __aeabi_ldivmod               
00005e35  __aeabi_memclr                
00005e35  __aeabi_memclr4               
00005e35  __aeabi_memclr8               
00005bf7  __aeabi_memcpy                
00005bf7  __aeabi_memcpy4               
00005bf7  __aeabi_memcpy8               
00005e37  __aeabi_memset                
00005e37  __aeabi_memset4               
00005e37  __aeabi_memset8               
000064e9  __aeabi_ui2d                  
00005c93  __aeabi_uldivmod              
ffffffff  __binit__                     
ffffffff  __c_args__                    
UNDEFED   __mpu_init                    
20000000  __stack                       
20000000  __start___llvm_prf_cnts       
20000000  __stop___llvm_prf_cnts        
00006435  _c_int00_noargs               
00006618  _ctypes_                      
2000067c  _lock                         
00002fe7  _nop                          
20000730  _sys_memory                   
UNDEFED   _system_post_cinit            
00006611  _system_pre_init              
20000680  _unlock                       
00006615  abort                         
00005865  aligned_alloc                 
00001811  ascii_Break_distance_array    
000013d1  ascii_Engine_distance_array   
000015f1  ascii_Mission_distance_array  
000011c1  ascii_distance_array          
000065b9  asm_rst                       
0000621d  atoi                          
ffffffff  binit                         
00002fe9  calibrate_once                
000063fd  calloc                        
0000026d  can1_handler                  
20000624  can_check                     
00000323  can_init                      
0000041d  can_rx2                       
0000048d  can_rx_conf                   
00000b19  can_to_spi_acceleration       
00000d81  can_to_spi_acceleration2      
00000ad3  can_to_spi_rpm                
00000c89  can_to_spi_rpm2               
00000bc1  can_to_spi_transmission       
00000cf5  can_to_spi_transmission2      
0000052f  can_tx_conf                   
00000c35  check_wake_state              
20000400  copyarr                       
0000655d  copysign                      
0000655d  copysignl                     
0000635d  delay_ms                      
00006339  delay_us                      
000031a1  display_accel_trans_rpm       
00003299  display_fuel                  
000033e9  display_fuel_reset            
0000352d  display_reset_choice          
20000669  distance_array                
200005f0  distance_data_clear           
200006ac  errno                         
2000061c  flash_count                   
00005a61  free                          
00006065  frexp                         
00006065  frexpl                        
00000000  g_pfnVectors                  
200006c8  globalCanData                 
00005697  gpioinit                      
20000618  hib_count                     
00005163  hib_init                      
00005159  hib_wrc                       
0000518f  hibernate                     
0000306b  hongButton                    
00003023  hongCalibrate                 
20000614  i                             
20000720  int_distance                  
000051bd  into_hibernate                
20000724  irq_status                    
20000610  isr_flag                      
00005755  ldexp                         
00005755  ldexpl                        
00003bd9  main                          
0000311b  make_character                
000030c7  make_gauge                    
00006609  malloc                        
00005865  memalign                      
00006541  memccpy                       
00005bf7  memcpy                        
00005e3d  memset                        
00000631  printReceivedCanData          
00005755  scalbn                        
00005755  scalbnl                       
20000728  speed                         
000046fb  spi_conf                      
00004861  spi_cs_disable                
00004853  spi_cs_enable                 
000046b9  spi_init                      
00004747  spi_init_conf                 
00004173  spi_read_16                   
00004205  spi_read_32                   
00004101  spi_read_8                    
00004831  spi_receive_byte              
00004815  spi_send_byte                 
00004873  spi_send_str                  
00004327  spi_write_16                  
000043a5  spi_write_32                  
000042c5  spi_write_8                   
0000487d  spi_writebuffer               
0000637d  sprintf                       
0000658f  strchr                        
000065a5  strlen                        
00000f55  timer0_handler                
0000109d  timer2_handler                
20000620  timercheck_count              
00004e01  uart_7_init                   
00004f2b  uart_7_rx                     
00004f3f  uart_7_rx_str                 
00004ef1  uart_7_tx                     
00004e61  uart_7_tx_hex                 
00004f0d  uart_7_tx_str                 
00004c51  uart_init                     
00004d7b  uart_rx                       
00004d8f  uart_rx_str                   
00004d41  uart_tx                       
00004cb1  uart_tx_hex                   
00004d5d  uart_tx_str                   
000065cb  wcslen                        


GLOBAL SYMBOLS: SORTED BY Symbol Address 

address   name                          
-------   ----                          
00000000  __TI_static_base__            
00000000  g_pfnVectors                  
00000010  __SYSMEM_SIZE                 
0000026d  can1_handler                  
00000323  can_init                      
00000400  __STACK_SIZE                  
0000041d  can_rx2                       
0000048d  can_rx_conf                   
0000052f  can_tx_conf                   
00000631  printReceivedCanData          
00000971  CanToSpi                      
00000ad3  can_to_spi_rpm                
00000b19  can_to_spi_acceleration       
00000bc1  can_to_spi_transmission       
00000c35  check_wake_state              
00000c89  can_to_spi_rpm2               
00000cf5  can_to_spi_transmission2      
00000d81  can_to_spi_acceleration2      
00000e81  Timer0_init                   
00000ee1  Timer2_init                   
00000f35  Timer0_disable                
00000f41  Timer2_disable                
00000f4d  Timer0_clear_irq              
00000f55  timer0_handler                
0000109d  timer2_handler                
000011c1  ascii_distance_array          
000013d1  ascii_Engine_distance_array   
000015f1  ascii_Mission_distance_array  
00001811  ascii_Break_distance_array    
00001a51  FT81x_Init                    
00001ba5  Cap_Touch_Upload              
00001c01  CoProWrCmdBuf                 
00001c87  CoProFIFO_FreeSpace           
00001ccd  Wait4CoProFIFO                
00001ce5  StartCoProTransfer            
00001d37  Send_CMD                      
00001df5  Cmd_Text                      
00001f55  UpdateFIFO                    
00001f69  MakeScreen_MatrixOrbital      
00001fed  ClearScreen                   
00002023  Wait4CoProFIFOEmpty           
0000210d  Calibrate_Manual              
0000255d  Calibrate                     
00002599  __TI_printfi                  
00002fe7  _nop                          
00002fe9  calibrate_once                
00003023  hongCalibrate                 
0000306b  hongButton                    
000030c7  make_gauge                    
0000311b  make_character                
000031a1  display_accel_trans_rpm       
00003299  display_fuel                  
000033e9  display_fuel_reset            
0000352d  display_reset_choice          
0000368d  Cmd_Slider                    
000036dd  Cmd_Spinner                   
00003719  Cmd_Gauge                     
0000376f  Cmd_Dial                      
000037b3  Cmd_Track                     
000037f7  Cmd_Number                    
00003839  Cmd_Gradient                  
00003881  Cmd_Button                    
000039fb  Cmd_SetBitmap                 
00003a33  Cmd_Memcpy                    
00003a57  Cmd_GetPtr                    
00003a69  Cmd_GradientColor             
00003a7d  Cmd_FGcolor                   
00003a91  Cmd_BGcolor                   
00003aa5  Cmd_Translate                 
00003ac1  Cmd_Rotate                    
00003ad5  Cmd_SetRotate                 
00003ae9  Cmd_Scale                     
00003b05  Cmd_Flash_Fast                
00003b17  Cmd_Calibrate                 
00003b2b  Cmd_AnimStart                 
00003b4f  Cmd_AnimStop                  
00003b63  Cmd_AnimXY                    
00003b8f  Cmd_AnimDraw                  
00003ba3  Cmd_AnimDrawFrame             
00003bd7  __aeabi_idiv0                 
00003bd7  __aeabi_ldiv0                 
00003bd9  main                          
000040a5  SPI_LCD_ACTIVE                
000040d7  SPI_LCD_CLKEXT                
00004101  spi_read_8                    
00004173  spi_read_16                   
00004205  spi_read_32                   
000042c5  spi_write_8                   
00004327  spi_write_16                  
000043a5  spi_write_32                  
000046b9  spi_init                      
000046fb  spi_conf                      
00004747  spi_init_conf                 
00004815  spi_send_byte                 
00004831  spi_receive_byte              
00004853  spi_cs_enable                 
00004861  spi_cs_disable                
00004873  spi_send_str                  
0000487d  spi_writebuffer               
00004a99  __aeabi_dsub                  
00004aa3  __aeabi_dadd                  
00004c51  uart_init                     
00004cb1  uart_tx_hex                   
00004d41  uart_tx                       
00004d5d  uart_tx_str                   
00004d7b  uart_rx                       
00004d8f  uart_rx_str                   
00004e01  uart_7_init                   
00004e61  uart_7_tx_hex                 
00004ef1  uart_7_tx                     
00004f0d  uart_7_tx_str                 
00004f2b  uart_7_rx                     
00004f3f  uart_7_rx_str                 
00004fb1  Flash_erase                   
00004ff3  Flash_erase_all               
0000500b  Flash_write                   
00005061  Flash_read                    
0000509f  Flash_reset                   
000050f3  Flash_save                    
00005159  hib_wrc                       
00005163  hib_init                      
0000518f  hibernate                     
000051bd  into_hibernate                
000053d9  __aeabi_ddiv                  
00005635  Led                           
00005697  gpioinit                      
000056e5  LCD_OnOff                     
0000570f  LED_OnOff                     
00005755  ldexp                         
00005755  ldexpl                        
00005755  scalbn                        
00005755  scalbnl                       
00005865  aligned_alloc                 
00005865  memalign                      
00005965  __aeabi_dmul                  
00005a61  free                          
00005bf7  __aeabi_memcpy                
00005bf7  __aeabi_memcpy4               
00005bf7  __aeabi_memcpy8               
00005bf7  memcpy                        
00005c93  __aeabi_uldivmod              
00005d29  __aeabi_cdcmpeq               
00005d29  __aeabi_cdcmple               
00005daf  __aeabi_cdrcmple              
00005e35  __aeabi_memclr                
00005e35  __aeabi_memclr4               
00005e35  __aeabi_memclr8               
00005e37  __aeabi_memset                
00005e37  __aeabi_memset4               
00005e37  __aeabi_memset8               
00005e3d  memset                        
00005f8f  __aeabi_ldivmod               
00005ffd  __TI_decompress_lzss          
00006065  frexp                         
00006065  frexpl                        
000060c9  WakePin_Init                  
00006177  __TI_ltoa                     
0000621d  atoi                          
00006269  __aeabi_d2iz                  
000062b1  __TI_auto_init_nobinit_nopinit
000062f5  __aeabi_d2uiz                 
00006339  delay_us                      
0000635d  delay_ms                      
0000637d  sprintf                       
000063fd  calloc                        
00006435  _c_int00_noargs               
00006469  __aeabi_i2d                   
00006499  Sysctl_Clock                  
000064a1  Sysctl_Clock_10MHz            
000064e9  __aeabi_ui2d                  
00006509  __TI_zero_init_nomemset       
00006541  memccpy                       
0000655d  copysign                      
0000655d  copysignl                     
0000658f  strchr                        
000065a5  strlen                        
000065b9  asm_rst                       
000065cb  wcslen                        
000065dd  __TI_decompress_none          
000065eb  ResetISR                      
00006601  __aeabi_errno_addr            
00006609  malloc                        
00006611  _system_pre_init              
00006615  C$$EXIT                       
00006615  abort                         
00006618  _ctypes_                      
00006748  __TI_Handler_Table_Base       
00006754  __TI_Handler_Table_Limit      
00006760  __TI_CINIT_Base               
00006770  __TI_CINIT_Limit              
20000000  __stack                       
20000000  __start___llvm_prf_cnts       
20000000  __stop___llvm_prf_cnts        
20000200  __STACK_TOP                   
20000400  __STACK_END                   
20000400  copyarr                       
20000590  Break_distance_data           
200005b0  Engine_distance_data          
200005d0  Mission_distance_data         
200005f0  distance_data_clear           
20000610  isr_flag                      
20000614  i                             
20000618  hib_count                     
2000061c  flash_count                   
20000620  timercheck_count              
20000624  can_check                     
20000639  Break_distance_array          
20000649  Engine_distance_array         
20000659  Mission_distance_array        
20000669  distance_array                
2000067c  _lock                         
20000680  _unlock                       
200006ac  errno                         
200006c4  FifoWriteLocation             
200006c8  globalCanData                 
200006e4  Break_int_distance            
200006e8  Break_distance2               
200006f0  Break_interval                
200006f8  Engine_distance2              
20000700  Engine_interval               
20000708  Mission_distance2             
20000710  Mission_interval              
20000718  Engine_int_distance           
2000071c  Mission_int_distance          
20000720  int_distance                  
20000724  irq_status                    
20000728  speed                         
20000730  _sys_memory                   
ffffffff  __TI_pprof_out_hndl           
ffffffff  __TI_prof_data_size           
ffffffff  __TI_prof_data_start          
ffffffff  __binit__                     
ffffffff  __c_args__                    
ffffffff  binit                         
UNDEFED   __mpu_init                    
UNDEFED   _system_post_cinit            

[236 symbols]
