******************************************************************************
                  TI ARM Linker PC v20.2.6                     
******************************************************************************
>> Linked Tue Jun 28 14:42:38 2022

OUTPUT FILE NAME:   <220128CAN.out>
ENTRY POINT SYMBOL: "_c_int00_noargs"  address: 0000672d


MEMORY CONFIGURATION

         name            origin    length      used     unused   attr    fill
----------------------  --------  ---------  --------  --------  ----  --------
  FLASH                 00000000   00040000  00006a6e  00039592  R  X
  SRAM                  20000000   00008000  0000073a  000078c6  RW X


SEGMENT ALLOCATION MAP

run origin  load origin   length   init length attrs members
----------  ----------- ---------- ----------- ----- -------
00000000    00000000    00006a78   00006a78    r-x
  00000000    00000000    0000026c   0000026c    r-- .intvecs
  00000270    00000270    000066ac   000066ac    r-x .text
  0000691c    0000691c    00000106   00000106    r-- .const
  00006a28    00006a28    00000050   00000050    r-- .cinit
20000000    20000000    00000740   00000000    rw-
  20000000    20000000    00000400   00000000    rw- .stack
  20000400    20000400    000002c6   00000000    rw- .data
  200006c8    200006c8    00000064   00000000    rw- .bss
  20000730    20000730    00000010   00000000    rw- .sysmem


SECTION ALLOCATION MAP

 output                                  attributes/
section   page    origin      length       input sections
--------  ----  ----------  ----------   ----------------
.intvecs   0    00000000    0000026c     
                  00000000    0000026c     tm4c123gh6pm_startup_ccs.obj (.intvecs)

.text      0    00000270    000066ac     
                  00000270    00000ca4     Can_init.obj (.text)
                  00000f14    00000004     rtsv7M4_T_le_v4SPD16_eabi.lib : pre_init.c.obj (.text:_system_pre_init)
                  00000f18    00000c48     timer.obj (.text)
                  00001b60    00000ba0     eve2_lib.obj (.text)
                  00002700    00000a4e     rtsv7M4_T_le_v4SPD16_eabi.lib : _printfi.c.obj (.text:__TI_printfi)
                  0000314e    00000002                                   : _lock.c.obj (.text:_nop)
                  00003150    000006b8     my_eve2_lib.obj (.text)
                  00003808    000005a4     eve2_display_lib.obj (.text)
                  00003dac    00000004     rtsv7M4_T_le_v4SPD16_eabi.lib : exit.c.obj (.text:abort:abort)
                  00003db0    00000504     capstone_application.obj (.text)
                  000042b4    00000002     rtsv7M4_T_le_v4SPD16_eabi.lib : div0.asm.obj (.text)
                  000042b6    00000002     --HOLE-- [fill = 0]
                  000042b8    000003c2     FT81X_LCD.obj (.text)
                  0000467a    00000002     --HOLE-- [fill = 0]
                  0000467c    00000270     rtsv7M4_T_le_v4SPD16_eabi.lib : _printfi.c.obj (.text:_pconv_a)
                  000048ec    00000004     --HOLE-- [fill = 0]
                  000048f0    00000234     Spi_lcd.obj (.text)
                  00004b24    00000004     --HOLE-- [fill = 0]
                  00004b28    000001e0     Flash_memory.obj (.text)
                  00004d08    000001d0     rtsv7M4_T_le_v4SPD16_eabi.lib : _printfi.c.obj (.text:_pconv_g)
                  00004ed8    000001c4     Uart.obj (.text)
                  0000509c    00000004     --HOLE-- [fill = 0]
                  000050a0    000001c4     Uart7.obj (.text)
                  00005264    000001b6     rtsv7M4_T_le_v4SPD16_eabi.lib : fd_add_t2.asm.obj (.text)
                  0000541a    00000006     --HOLE-- [fill = 0]
                  00005420    00000150     Hibernation.obj (.text)
                  00005570    0000013c     rtsv7M4_T_le_v4SPD16_eabi.lib : _printfi.c.obj (.text:_pconv_e)
                  000056ac    00000136                                   : fd_div_t2.asm.obj (.text)
                  000057e2    00000006     --HOLE-- [fill = 0]
                  000057e8    00000130     Gpio_led.obj (.text)
                  00005918    00000124     rtsv7M4_T_le_v4SPD16_eabi.lib : _printfi.c.obj (.text:fcvt)
                  00005a3c    00000110                                   : s_scalbn.c.obj (.text:scalbn)
                  00005b4c    00000100                                   : memory.c.obj (.text:aligned_alloc)
                  00005c4c    000000fc                                   : fd_mul_t2.asm.obj (.text)
                  00005d48    000000e4                                   : memory.c.obj (.text:free)
                  00005e2c    000000b1                                   : _printfi.c.obj (.text:_ltostr)
                  00005edd    00000001     --HOLE-- [fill = 0]
                  00005ede    0000009c                                   : memcpy_t2.asm.obj (.text)
                  00005f7a    00000096                                   : ull_div_t2.asm.obj (.text)
                  00006010    00000086                                   : fd_cmp_t2.asm.obj (.text:__aeabi_cdcmple)
                  00006096    00000086                                   : fd_cmp_t2.asm.obj (.text:__aeabi_cdrcmple)
                  0000611c    0000007a                                   : memset_t2.asm.obj (.text)
                  00006196    00000002     --HOLE-- [fill = 0]
                  00006198    00000070                                   : memory.c.obj (.text:split)
                  00006208    0000006e                                   : _printfi.c.obj (.text:_mcpy)
                  00006276    0000006e                                   : ll_div_t2.asm.obj (.text)
                  000062e4    00000068                                   : copy_decompress_lzss.c.obj (.text:decompress:lzss:__TI_decompress_lzss)
                  0000634c    00000064                                   : s_frexp.c.obj (.text:frexp)
                  000063b0    00000058     WakePinData.obj (.text)
                  00006408    00000056     rtsv7M4_T_le_v4SPD16_eabi.lib : _printfi.c.obj (.text:_pconv_f)
                  0000645e    00000054                                   : _ltoa.c.obj (.text:__TI_ltoa)
                  000064b2    00000052                                   : _printfi.c.obj (.text:_ecpy)
                  00006504    00000004     --HOLE-- [fill = 0]
                  00006508    0000004e     Delay.obj (.text)
                  00006556    00000002     --HOLE-- [fill = 0]
                  00006558    0000004c     rtsv7M4_T_le_v4SPD16_eabi.lib : atoi.c.obj (.text:atoi)
                  000065a4    00000048                                   : fd_toi_t2.asm.obj (.text)
                  000065ec    00000044                                   : autoinit.c.obj (.text:__TI_auto_init_nobinit_nopinit:__TI_auto_init_nobinit_nopinit)
                  00006630    00000044                                   : fd_tou_t2.asm.obj (.text)
                  00006674    00000040                                   : sprintf.c.obj (.text:sprintf)
                  000066b4    0000003e                                   : _printfi.c.obj (.text:_fcpy)
                  000066f2    00000002     --HOLE-- [fill = 0]
                  000066f4    00000038                                   : memory.c.obj (.text:calloc)
                  0000672c    00000034                                   : boot_cortex_m.c.obj (.text:_c_int00_noargs:_c_int00_noargs)
                  00006760    0000002e                                   : i_tofd_t2.asm.obj (.text)
                  0000678e    00000002     --HOLE-- [fill = 0]
                  00006790    00000028     Sysctl_clk.obj (.text)
                  000067b8    00000028     rtsv7M4_T_le_v4SPD16_eabi.lib : memory.c.obj (.text:free_list_insert)
                  000067e0    00000020                                   : u_tofd_t2.asm.obj (.text)
                  00006800    0000001c                                   : copy_zero_init.c.obj (.text:decompress:ZI:__TI_zero_init_nomemset:__TI_zero_init_nomemset)
                  0000681c    0000001c                                   : memory.c.obj (.text:free_list_remove)
                  00006838    0000001c                                   : memccpy.c.obj (.text:memccpy)
                  00006854    0000001a                                   : s_copysign.c.obj (.text:copysign)
                  0000686e    00000002     --HOLE-- [fill = 0]
                  00006870    0000001a     tm4c123gh6pm_startup_ccs.obj (.text)
                  0000688a    00000018     rtsv7M4_T_le_v4SPD16_eabi.lib : sprintf.c.obj (.text:_outs)
                  000068a2    00000016                                   : strchr.c.obj (.text:strchr)
                  000068b8    00000014                                   : strlen.c.obj (.text:strlen)
                  000068cc    00000004     --HOLE-- [fill = 0]
                  000068d0    00000012     asm.obj (.text)
                  000068e2    00000012     rtsv7M4_T_le_v4SPD16_eabi.lib : wcslen.c.obj (.text:wcslen)
                  000068f4    0000000e                                   : copy_decompress_none.c.obj (.text:decompress:none:__TI_decompress_none)
                  00006902    0000000a                                   : sprintf.c.obj (.text:_outc)
                  0000690c    00000008                                   : errno.c.obj (.text:__aeabi_errno_addr)
                  00006914    00000008                                   : memory.c.obj (.text:malloc)

.const     0    0000691c    00000106     
                  0000691c    00000101     rtsv7M4_T_le_v4SPD16_eabi.lib : ctype.c.obj (.const:.string:_ctypes_)
                  00006a1d    00000005     Can_init.obj (.const:.string:$P$T0$1)

.cinit     0    00006a28    00000050     
                  00006a28    00000028     (.cinit..data.load) [load image, compression = lzss]
                  00006a50    0000000c     (__TI_handler_table)
                  00006a5c    00000004     --HOLE-- [fill = 0]
                  00006a60    00000008     (.cinit..bss.load) [load image, compression = zero_init]
                  00006a68    00000010     (__TI_cinit_table)

.init_array 
*          0    00000000    00000000     UNINITIALIZED

.stack     0    20000000    00000400     UNINITIALIZED
                  20000000    00000004     rtsv7M4_T_le_v4SPD16_eabi.lib : boot_cortex_m.c.obj (.stack)
                  20000004    000003fc     --HOLE--

.data      0    20000400    000002c6     UNINITIALIZED
                  20000400    00000190     capstone_application.obj (.data:copyarr)
                  20000590    00000020     capstone_application.obj (.data:Break_distance_data)
                  200005b0    00000020     capstone_application.obj (.data:Engine_distance_data)
                  200005d0    00000020     capstone_application.obj (.data:Mission_distance_data)
                  200005f0    00000020     capstone_application.obj (.data:distance_data_clear)
                  20000610    00000018     capstone_application.obj (.data)
                  20000628    00000011     Can_init.obj (.data:DA1$2)
                  20000639    00000010     capstone_application.obj (.data:Break_distance_array)
                  20000649    00000010     capstone_application.obj (.data:Engine_distance_array)
                  20000659    00000010     capstone_application.obj (.data:Mission_distance_array)
                  20000669    00000010     capstone_application.obj (.data:distance_array)
                  20000679    00000002     Can_init.obj (.data:DB1$10)
                  2000067b    00000001     --HOLE--
                  2000067c    00000008     rtsv7M4_T_le_v4SPD16_eabi.lib : _lock.c.obj (.data:$O1$$)
                  20000684    00000008                                   : memory.c.obj (.data:$O1$$)
                  2000068c    00000008     Can_init.obj (.data:DB2$11)
                  20000694    00000008     Can_init.obj (.data:DB2$4)
                  2000069c    00000008     Can_init.obj (.data:DD2$15)
                  200006a4    00000008     Can_init.obj (.data:DD2$6)
                  200006ac    00000004     rtsv7M4_T_le_v4SPD16_eabi.lib : errno.c.obj (.data)
                  200006b0    00000002     Can_init.obj (.data:DB1$3)
                  200006b2    00000002     Can_init.obj (.data:DC1$12)
                  200006b4    00000002     timer.obj (.data:DC1$2)
                  200006b6    00000002     Can_init.obj (.data:DC1$7)
                  200006b8    00000002     Can_init.obj (.data:DC1$9)
                  200006ba    00000002     Can_init.obj (.data:DC2$13)
                  200006bc    00000002     Can_init.obj (.data:DC2$8)
                  200006be    00000002     Can_init.obj (.data:DD1$14)
                  200006c0    00000002     timer.obj (.data:DD1$1)
                  200006c2    00000002     Can_init.obj (.data:DD1$5)
                  200006c4    00000002     FT81X_LCD.obj (.data)

.bss       0    200006c8    00000064     UNINITIALIZED
                  200006c8    0000001c     (.common:globalCanData)
                  200006e4    00000004     (.common:Break_int_distance)
                  200006e8    00000008     (.common:Break_distance2)
                  200006f0    00000008     (.common:Break_interval)
                  200006f8    00000008     (.common:Engine_distance2)
                  20000700    00000008     (.common:Engine_interval)
                  20000708    00000008     (.common:Mission_distance2)
                  20000710    00000008     (.common:Mission_interval)
                  20000718    00000004     (.common:Engine_int_distance)
                  2000071c    00000004     (.common:Mission_int_distance)
                  20000720    00000004     (.common:int_distance)
                  20000724    00000004     (.common:irq_status)
                  20000728    00000004     (.common:speed)

.sysmem    0    20000730    00000010     UNINITIALIZED
                  20000730    00000010     rtsv7M4_T_le_v4SPD16_eabi.lib : memory.c.obj (.sysmem)

__llvm_prf_cnts 
*          0    20000000    00000000     UNINITIALIZED

MODULE SUMMARY

       Module                         code    ro data   rw data
       ------                         ----    -------   -------
    .\
       tm4c123gh6pm_startup_ccs.obj   26      620       0      
    +--+------------------------------+-------+---------+---------+
       Total:                         26      620       0      
                                                               
    .\checked\
       capstone_application.obj       1284    0         716    
    +--+------------------------------+-------+---------+---------+
       Total:                         1284    0         716    
                                                               
    .\header\
       Can_init.obj                   3236    5         67     
       timer.obj                      3144    0         4      
       eve2_lib.obj                   2976    0         0      
       my_eve2_lib.obj                1720    0         0      
       eve2_display_lib.obj           1444    0         0      
       FT81X_LCD.obj                  962     0         2      
       Spi_lcd.obj                    564     0         0      
       Flash_memory.obj               480     0         0      
       Uart.obj                       452     0         0      
       Uart7.obj                      452     0         0      
       Hibernation.obj                336     0         0      
       Gpio_led.obj                   304     0         0      
       WakePinData.obj                88      0         0      
       Delay.obj                      78      0         0      
       Sysctl_clk.obj                 40      0         0      
       asm.obj                        18      0         0      
    +--+------------------------------+-------+---------+---------+
       Total:                         16294   5         73     
                                                               
    C:\ti\ccs1120\ccs\tools\compiler\ti-cgt-arm_20.2.6.LTS\lib\rtsv7M4_T_le_v4SPD16_eabi.lib
       _printfi.c.obj                 4851    0         0      
       memory.c.obj                   728     0         8      
       fd_add_t2.asm.obj              438     0         0      
       fd_div_t2.asm.obj              310     0         0      
       s_scalbn.c.obj                 272     0         0      
       fd_cmp_t2.asm.obj              268     0         0      
       ctype.c.obj                    0       257       0      
       fd_mul_t2.asm.obj              252     0         0      
       memcpy_t2.asm.obj              156     0         0      
       ull_div_t2.asm.obj             150     0         0      
       memset_t2.asm.obj              122     0         0      
       ll_div_t2.asm.obj              110     0         0      
       copy_decompress_lzss.c.obj     104     0         0      
       s_frexp.c.obj                  100     0         0      
       sprintf.c.obj                  98      0         0      
       _ltoa.c.obj                    84      0         0      
       atoi.c.obj                     76      0         0      
       fd_toi_t2.asm.obj              72      0         0      
       autoinit.c.obj                 68      0         0      
       fd_tou_t2.asm.obj              68      0         0      
       boot_cortex_m.c.obj            52      0         0      
       i_tofd_t2.asm.obj              46      0         0      
       u_tofd_t2.asm.obj              32      0         0      
       copy_zero_init.c.obj           28      0         0      
       memccpy.c.obj                  28      0         0      
       s_copysign.c.obj               26      0         0      
       strchr.c.obj                   22      0         0      
       strlen.c.obj                   20      0         0      
       wcslen.c.obj                   18      0         0      
       copy_decompress_none.c.obj     14      0         0      
       errno.c.obj                    8       0         4      
       _lock.c.obj                    2       0         8      
       exit.c.obj                     4       0         0      
       pre_init.c.obj                 4       0         0      
       div0.asm.obj                   2       0         0      
    +--+------------------------------+-------+---------+---------+
       Total:                         8633    257       20     
                                                               
       Heap:                          0       0         16     
       Stack:                         0       0         1024   
       Linker Generated:              0       76        0      
    +--+------------------------------+-------+---------+---------+
       Grand Total:                   26237   958       1849   


LINKER GENERATED COPY TABLES

__TI_cinit_table @ 00006a68 records: 2, size/record: 8, table size: 16
	.data: load addr=00006a28, load size=00000028 bytes, run addr=20000400, run size=000002c6 bytes, compression=lzss
	.bss: load addr=00006a60, load size=00000008 bytes, run addr=200006c8, run size=00000064 bytes, compression=zero_init


LINKER GENERATED HANDLER TABLE

__TI_handler_table @ 00006a50 records: 3, size/record: 4, table size: 12
	index: 0, handler: __TI_decompress_lzss
	index: 1, handler: __TI_decompress_none
	index: 2, handler: __TI_zero_init


GLOBAL SYMBOLS: SORTED ALPHABETICALLY BY Name 

address   name                          
-------   ----                          
200006e8  Break_distance2               
20000639  Break_distance_array          
20000590  Break_distance_data           
200006e4  Break_int_distance            
200006f0  Break_interval                
00003dad  C$$EXIT                       
000026d1  Calibrate                     
00002261  Calibrate_Manual              
000009c1  CanToSpi                      
00001cb9  Cap_Touch_Upload              
00002139  ClearScreen                   
00003d61  Cmd_AnimDraw                  
00003d79  Cmd_AnimDrawFrame             
00003cf1  Cmd_AnimStart                 
00003d19  Cmd_AnimStop                  
00003d31  Cmd_AnimXY                    
00003c39  Cmd_BGcolor                   
00003a11  Cmd_Button                    
00003cd9  Cmd_Calibrate                 
000038f1  Cmd_Dial                      
00003c21  Cmd_FGcolor                   
00003cc1  Cmd_Flash_Fast                
00003899  Cmd_Gauge                     
00003bf1  Cmd_GetPtr                    
000039c9  Cmd_Gradient                  
00003c09  Cmd_GradientColor             
00003bc9  Cmd_Memcpy                    
00003981  Cmd_Number                    
00003c71  Cmd_Rotate                    
00003ca1  Cmd_Scale                     
00003b91  Cmd_SetBitmap                 
00003c89  Cmd_SetRotate                 
00003809  Cmd_Slider                    
00003859  Cmd_Spinner                   
00001f29  Cmd_Text                      
00003939  Cmd_Track                     
00003c51  Cmd_Translate                 
00001da9  CoProFIFO_FreeSpace           
00001d19  CoProWrCmdBuf                 
200006f8  Engine_distance2              
20000649  Engine_distance_array         
200005b0  Engine_distance_data          
20000718  Engine_int_distance           
20000700  Engine_interval               
00001b61  FT81x_Init                    
200006c4  FifoWriteLocation             
00004b29  Flash_erase                   
00004b79  Flash_erase_all               
00004bf9  Flash_read                    
00004c41  Flash_reset                   
00004ca1  Flash_save                    
00004b99  Flash_write                   
000058a1  LCD_OnOff                     
000058d1  LED_OnOff                     
000057e9  Led                           
000020b1  MakeScreen_MatrixOrbital      
20000708  Mission_distance2             
20000659  Mission_distance_array        
200005d0  Mission_distance_data         
2000071c  Mission_int_distance          
20000710  Mission_interval              
00006871  ResetISR                      
000042b9  SPI_LCD_ACTIVE                
000042f1  SPI_LCD_CLKEXT                
00001e69  Send_CMD                      
00001e11  StartCoProTransfer            
00006791  Sysctl_Clock                  
00006799  Sysctl_Clock_10MHz            
00000ff1  Timer0_clear_irq              
00000fd1  Timer0_disable                
00000f19  Timer0_init                   
00000fe1  Timer2_disable                
00000f79  Timer2_init                   
00002099  UpdateFIFO                    
00001df1  Wait4CoProFIFO                
00002171  Wait4CoProFIFOEmpty           
000063b1  WakePin_Init                  
20000400  __STACK_END                   
00000400  __STACK_SIZE                  
20000200  __STACK_TOP                   
00000010  __SYSMEM_SIZE                 
00006a68  __TI_CINIT_Base               
00006a78  __TI_CINIT_Limit              
00006a50  __TI_Handler_Table_Base       
00006a5c  __TI_Handler_Table_Limit      
000065ed  __TI_auto_init_nobinit_nopinit
000062e5  __TI_decompress_lzss          
000068f5  __TI_decompress_none          
0000645f  __TI_ltoa                     
ffffffff  __TI_pprof_out_hndl           
00002701  __TI_printfi                  
ffffffff  __TI_prof_data_size           
ffffffff  __TI_prof_data_start          
00000000  __TI_static_base__            
00006801  __TI_zero_init_nomemset       
00006011  __aeabi_cdcmpeq               
00006011  __aeabi_cdcmple               
00006097  __aeabi_cdrcmple              
000065a5  __aeabi_d2iz                  
00006631  __aeabi_d2uiz                 
0000526f  __aeabi_dadd                  
000056ad  __aeabi_ddiv                  
00005c4d  __aeabi_dmul                  
00005265  __aeabi_dsub                  
0000690d  __aeabi_errno_addr            
00006761  __aeabi_i2d                   
000042b5  __aeabi_idiv0                 
000042b5  __aeabi_ldiv0                 
00006277  __aeabi_ldivmod               
0000611d  __aeabi_memclr                
0000611d  __aeabi_memclr4               
0000611d  __aeabi_memclr8               
00005edf  __aeabi_memcpy                
00005edf  __aeabi_memcpy4               
00005edf  __aeabi_memcpy8               
0000611f  __aeabi_memset                
0000611f  __aeabi_memset4               
0000611f  __aeabi_memset8               
000067e1  __aeabi_ui2d                  
00005f7b  __aeabi_uldivmod              
ffffffff  __binit__                     
ffffffff  __c_args__                    
UNDEFED   __mpu_init                    
20000000  __stack                       
20000000  __start___llvm_prf_cnts       
20000000  __stop___llvm_prf_cnts        
0000672d  _c_int00_noargs               
0000691c  _ctypes_                      
2000067c  _lock                         
0000314f  _nop                          
20000730  _sys_memory                   
UNDEFED   _system_post_cinit            
00000f15  _system_pre_init              
20000680  _unlock                       
00003dad  abort                         
00005b4d  aligned_alloc                 
00001909  ascii_Break_distance_array    
000014a1  ascii_Engine_distance_array   
000016d1  ascii_Mission_distance_array  
00001279  ascii_distance_array          
000068d1  asm_rst                       
00006559  atoi                          
ffffffff  binit                         
00003151  calibrate_once                
000066f5  calloc                        
00000271  can1_handler                  
20000624  can_check                     
00000331  can_init                      
00000431  can_rx2                       
000004a9  can_rx_conf                   
00000b79  can_to_spi_acceleration       
00000e19  can_to_spi_acceleration2      
00000b31  can_to_spi_rpm                
00000d31  can_to_spi_rpm2               
00000c31  can_to_spi_transmission       
00000d81  can_to_spi_transmission2      
00000551  can_tx_conf                   
00000cd1  check_wake_state              
20000400  copyarr                       
00006855  copysign                      
00006855  copysignl                     
00006539  delay_ms                      
00006509  delay_us                      
00003319  display_accel_trans_rpm       
00003411  display_fuel                  
00003561  display_fuel_reset            
000036a9  display_reset_choice          
20000669  distance_array                
200005f0  distance_data_clear           
200006ac  errno                         
2000061c  flash_count                   
00005d49  free                          
0000634d  frexp                         
0000634d  frexpl                        
00000000  g_pfnVectors                  
200006c8  globalCanData                 
00005851  gpioinit                      
20000618  hib_count                     
00005431  hib_init                      
00005421  hib_wrc                       
00005461  hibernate                     
000031d9  hongButton                    
00003191  hongCalibrate                 
20000614  i                             
20000720  int_distance                  
00005491  into_hibernate                
20000724  irq_status                    
20000610  isr_flag                      
00005a3d  ldexp                         
00005a3d  ldexpl                        
00003db1  main                          
00003291  make_character                
00003239  make_gauge                    
00006915  malloc                        
00005b4d  memalign                      
00006839  memccpy                       
00005edf  memcpy                        
00006125  memset                        
00000659  printReceivedCanData          
00005a3d  scalbn                        
00005a3d  scalbnl                       
20000728  speed                         
00004939  spi_conf                      
00004ab1  spi_cs_disable                
00004aa1  spi_cs_enable                 
000048f1  spi_init                      
00004989  spi_init_conf                 
00004399  spi_read_16                   
00004431  spi_read_32                   
00004321  spi_read_8                    
00004a79  spi_receive_byte              
00004a59  spi_send_byte                 
00004ac9  spi_send_str                  
00004559  spi_write_16                  
000045d9  spi_write_32                  
000044f1  spi_write_8                   
00004ad9  spi_writebuffer               
00006675  sprintf                       
000068a3  strchr                        
000068b9  strlen                        
00000ff9  timer0_handler                
00001149  timer2_handler                
20000620  timercheck_count              
000050a1  uart_7_init                   
000051d9  uart_7_rx                     
000051f1  uart_7_rx_str                 
00005199  uart_7_tx                     
00005101  uart_7_tx_hex                 
000051b9  uart_7_tx_str                 
00004ed9  uart_init                     
00005011  uart_rx                       
00005029  uart_rx_str                   
00004fd1  uart_tx                       
00004f39  uart_tx_hex                   
00004ff1  uart_tx_str                   
000068e3  wcslen                        


GLOBAL SYMBOLS: SORTED BY Symbol Address 

address   name                          
-------   ----                          
00000000  __TI_static_base__            
00000000  g_pfnVectors                  
00000010  __SYSMEM_SIZE                 
00000271  can1_handler                  
00000331  can_init                      
00000400  __STACK_SIZE                  
00000431  can_rx2                       
000004a9  can_rx_conf                   
00000551  can_tx_conf                   
00000659  printReceivedCanData          
000009c1  CanToSpi                      
00000b31  can_to_spi_rpm                
00000b79  can_to_spi_acceleration       
00000c31  can_to_spi_transmission       
00000cd1  check_wake_state              
00000d31  can_to_spi_rpm2               
00000d81  can_to_spi_transmission2      
00000e19  can_to_spi_acceleration2      
00000f15  _system_pre_init              
00000f19  Timer0_init                   
00000f79  Timer2_init                   
00000fd1  Timer0_disable                
00000fe1  Timer2_disable                
00000ff1  Timer0_clear_irq              
00000ff9  timer0_handler                
00001149  timer2_handler                
00001279  ascii_distance_array          
000014a1  ascii_Engine_distance_array   
000016d1  ascii_Mission_distance_array  
00001909  ascii_Break_distance_array    
00001b61  FT81x_Init                    
00001cb9  Cap_Touch_Upload              
00001d19  CoProWrCmdBuf                 
00001da9  CoProFIFO_FreeSpace           
00001df1  Wait4CoProFIFO                
00001e11  StartCoProTransfer            
00001e69  Send_CMD                      
00001f29  Cmd_Text                      
00002099  UpdateFIFO                    
000020b1  MakeScreen_MatrixOrbital      
00002139  ClearScreen                   
00002171  Wait4CoProFIFOEmpty           
00002261  Calibrate_Manual              
000026d1  Calibrate                     
00002701  __TI_printfi                  
0000314f  _nop                          
00003151  calibrate_once                
00003191  hongCalibrate                 
000031d9  hongButton                    
00003239  make_gauge                    
00003291  make_character                
00003319  display_accel_trans_rpm       
00003411  display_fuel                  
00003561  display_fuel_reset            
000036a9  display_reset_choice          
00003809  Cmd_Slider                    
00003859  Cmd_Spinner                   
00003899  Cmd_Gauge                     
000038f1  Cmd_Dial                      
00003939  Cmd_Track                     
00003981  Cmd_Number                    
000039c9  Cmd_Gradient                  
00003a11  Cmd_Button                    
00003b91  Cmd_SetBitmap                 
00003bc9  Cmd_Memcpy                    
00003bf1  Cmd_GetPtr                    
00003c09  Cmd_GradientColor             
00003c21  Cmd_FGcolor                   
00003c39  Cmd_BGcolor                   
00003c51  Cmd_Translate                 
00003c71  Cmd_Rotate                    
00003c89  Cmd_SetRotate                 
00003ca1  Cmd_Scale                     
00003cc1  Cmd_Flash_Fast                
00003cd9  Cmd_Calibrate                 
00003cf1  Cmd_AnimStart                 
00003d19  Cmd_AnimStop                  
00003d31  Cmd_AnimXY                    
00003d61  Cmd_AnimDraw                  
00003d79  Cmd_AnimDrawFrame             
00003dad  C$$EXIT                       
00003dad  abort                         
00003db1  main                          
000042b5  __aeabi_idiv0                 
000042b5  __aeabi_ldiv0                 
000042b9  SPI_LCD_ACTIVE                
000042f1  SPI_LCD_CLKEXT                
00004321  spi_read_8                    
00004399  spi_read_16                   
00004431  spi_read_32                   
000044f1  spi_write_8                   
00004559  spi_write_16                  
000045d9  spi_write_32                  
000048f1  spi_init                      
00004939  spi_conf                      
00004989  spi_init_conf                 
00004a59  spi_send_byte                 
00004a79  spi_receive_byte              
00004aa1  spi_cs_enable                 
00004ab1  spi_cs_disable                
00004ac9  spi_send_str                  
00004ad9  spi_writebuffer               
00004b29  Flash_erase                   
00004b79  Flash_erase_all               
00004b99  Flash_write                   
00004bf9  Flash_read                    
00004c41  Flash_reset                   
00004ca1  Flash_save                    
00004ed9  uart_init                     
00004f39  uart_tx_hex                   
00004fd1  uart_tx                       
00004ff1  uart_tx_str                   
00005011  uart_rx                       
00005029  uart_rx_str                   
000050a1  uart_7_init                   
00005101  uart_7_tx_hex                 
00005199  uart_7_tx                     
000051b9  uart_7_tx_str                 
000051d9  uart_7_rx                     
000051f1  uart_7_rx_str                 
00005265  __aeabi_dsub                  
0000526f  __aeabi_dadd                  
00005421  hib_wrc                       
00005431  hib_init                      
00005461  hibernate                     
00005491  into_hibernate                
000056ad  __aeabi_ddiv                  
000057e9  Led                           
00005851  gpioinit                      
000058a1  LCD_OnOff                     
000058d1  LED_OnOff                     
00005a3d  ldexp                         
00005a3d  ldexpl                        
00005a3d  scalbn                        
00005a3d  scalbnl                       
00005b4d  aligned_alloc                 
00005b4d  memalign                      
00005c4d  __aeabi_dmul                  
00005d49  free                          
00005edf  __aeabi_memcpy                
00005edf  __aeabi_memcpy4               
00005edf  __aeabi_memcpy8               
00005edf  memcpy                        
00005f7b  __aeabi_uldivmod              
00006011  __aeabi_cdcmpeq               
00006011  __aeabi_cdcmple               
00006097  __aeabi_cdrcmple              
0000611d  __aeabi_memclr                
0000611d  __aeabi_memclr4               
0000611d  __aeabi_memclr8               
0000611f  __aeabi_memset                
0000611f  __aeabi_memset4               
0000611f  __aeabi_memset8               
00006125  memset                        
00006277  __aeabi_ldivmod               
000062e5  __TI_decompress_lzss          
0000634d  frexp                         
0000634d  frexpl                        
000063b1  WakePin_Init                  
0000645f  __TI_ltoa                     
00006509  delay_us                      
00006539  delay_ms                      
00006559  atoi                          
000065a5  __aeabi_d2iz                  
000065ed  __TI_auto_init_nobinit_nopinit
00006631  __aeabi_d2uiz                 
00006675  sprintf                       
000066f5  calloc                        
0000672d  _c_int00_noargs               
00006761  __aeabi_i2d                   
00006791  Sysctl_Clock                  
00006799  Sysctl_Clock_10MHz            
000067e1  __aeabi_ui2d                  
00006801  __TI_zero_init_nomemset       
00006839  memccpy                       
00006855  copysign                      
00006855  copysignl                     
00006871  ResetISR                      
000068a3  strchr                        
000068b9  strlen                        
000068d1  asm_rst                       
000068e3  wcslen                        
000068f5  __TI_decompress_none          
0000690d  __aeabi_errno_addr            
00006915  malloc                        
0000691c  _ctypes_                      
00006a50  __TI_Handler_Table_Base       
00006a5c  __TI_Handler_Table_Limit      
00006a68  __TI_CINIT_Base               
00006a78  __TI_CINIT_Limit              
20000000  __stack                       
20000000  __start___llvm_prf_cnts       
20000000  __stop___llvm_prf_cnts        
20000200  __STACK_TOP                   
20000400  __STACK_END                   
20000400  copyarr                       
20000590  Break_distance_data           
200005b0  Engine_distance_data          
200005d0  Mission_distance_data         
200005f0  distance_data_clear           
20000610  isr_flag                      
20000614  i                             
20000618  hib_count                     
2000061c  flash_count                   
20000620  timercheck_count              
20000624  can_check                     
20000639  Break_distance_array          
20000649  Engine_distance_array         
20000659  Mission_distance_array        
20000669  distance_array                
2000067c  _lock                         
20000680  _unlock                       
200006ac  errno                         
200006c4  FifoWriteLocation             
200006c8  globalCanData                 
200006e4  Break_int_distance            
200006e8  Break_distance2               
200006f0  Break_interval                
200006f8  Engine_distance2              
20000700  Engine_interval               
20000708  Mission_distance2             
20000710  Mission_interval              
20000718  Engine_int_distance           
2000071c  Mission_int_distance          
20000720  int_distance                  
20000724  irq_status                    
20000728  speed                         
20000730  _sys_memory                   
ffffffff  __TI_pprof_out_hndl           
ffffffff  __TI_prof_data_size           
ffffffff  __TI_prof_data_start          
ffffffff  __binit__                     
ffffffff  __c_args__                    
ffffffff  binit                         
UNDEFED   __mpu_init                    
UNDEFED   _system_post_cinit            

[236 symbols]
